Component: ARM Compiler 5.06 update 3 (build 300) Tool: armlink [4d35c9]

==============================================================================

Section Cross References

    startup_stm32h743xx.o(RESET) refers to startup_stm32h743xx.o(STACK) for __initial_sp
    startup_stm32h743xx.o(RESET) refers to startup_stm32h743xx.o(.text) for Reset_Handler
    startup_stm32h743xx.o(RESET) refers to stm32h7xx_it.o(i.NMI_Handler) for NMI_Handler
    startup_stm32h743xx.o(RESET) refers to stm32h7xx_it.o(i.HardFault_Handler) for HardFault_Handler
    startup_stm32h743xx.o(RESET) refers to stm32h7xx_it.o(i.MemManage_Handler) for MemManage_Handler
    startup_stm32h743xx.o(RESET) refers to stm32h7xx_it.o(i.BusFault_Handler) for BusFault_Handler
    startup_stm32h743xx.o(RESET) refers to stm32h7xx_it.o(i.UsageFault_Handler) for UsageFault_Handler
    startup_stm32h743xx.o(RESET) refers to port.o(.emb_text) for SVC_Handler
    startup_stm32h743xx.o(RESET) refers to stm32h7xx_it.o(i.DebugMon_Handler) for DebugMon_Handler
    startup_stm32h743xx.o(RESET) refers to stm32h7xx_it.o(i.SysTick_Handler) for SysTick_Handler
    startup_stm32h743xx.o(RESET) refers to key_bsp.o(i.EXTI0_IRQHandler) for EXTI0_IRQHandler
    startup_stm32h743xx.o(RESET) refers to key_bsp.o(i.EXTI2_IRQHandler) for EXTI2_IRQHandler
    startup_stm32h743xx.o(RESET) refers to key_bsp.o(i.EXTI3_IRQHandler) for EXTI3_IRQHandler
    startup_stm32h743xx.o(RESET) refers to timer_bsp.o(i.TIM3_IRQHandler) for TIM3_IRQHandler
    startup_stm32h743xx.o(RESET) refers to usart_bsp.o(i.USART1_IRQHandler) for USART1_IRQHandler
    startup_stm32h743xx.o(RESET) refers to key_bsp.o(i.EXTI15_10_IRQHandler) for EXTI15_10_IRQHandler
    startup_stm32h743xx.o(RESET) refers to lan8720a.o(i.ETH_IRQHandler) for ETH_IRQHandler
    startup_stm32h743xx.o(.text) refers to system_stm32h7xx.o(i.SystemInit) for SystemInit
    startup_stm32h743xx.o(.text) refers to entry.o(.ARM.Collect$$$$00000000) for __main
    system_stm32h7xx.o(i.SystemCoreClockUpdate) refers to system_stm32h7xx.o(.data) for SystemCoreClock
    system_stm32h7xx.o(i.SystemCoreClockUpdate) refers to system_stm32h7xx.o(.constdata) for D1CorePrescTable
    stm32h7xx_hal.o(i.HAL_DeInit) refers to stm32h7xx_hal.o(i.HAL_MspDeInit) for HAL_MspDeInit
    stm32h7xx_hal.o(i.HAL_Delay) refers to stm32h7xx_hal.o(i.HAL_GetTick) for HAL_GetTick
    stm32h7xx_hal.o(i.HAL_Delay) refers to stm32h7xx_hal.o(.data) for uwTickFreq
    stm32h7xx_hal.o(i.HAL_GetTick) refers to stm32h7xx_hal.o(.data) for uwTick
    stm32h7xx_hal.o(i.HAL_GetTickFreq) refers to stm32h7xx_hal.o(.data) for uwTickFreq
    stm32h7xx_hal.o(i.HAL_GetTickPrio) refers to stm32h7xx_hal.o(.data) for uwTickPrio
    stm32h7xx_hal.o(i.HAL_IncTick) refers to stm32h7xx_hal.o(.data) for uwTick
    stm32h7xx_hal.o(i.HAL_Init) refers to stm32h7xx_hal_cortex.o(i.HAL_NVIC_SetPriorityGrouping) for HAL_NVIC_SetPriorityGrouping
    stm32h7xx_hal.o(i.HAL_Init) refers to stm32h7xx_hal_rcc.o(i.HAL_RCC_GetSysClockFreq) for HAL_RCC_GetSysClockFreq
    stm32h7xx_hal.o(i.HAL_Init) refers to stm32h7xx_hal.o(i.HAL_InitTick) for HAL_InitTick
    stm32h7xx_hal.o(i.HAL_Init) refers to stm32h7xx_hal.o(i.HAL_MspInit) for HAL_MspInit
    stm32h7xx_hal.o(i.HAL_Init) refers to system_stm32h7xx.o(.constdata) for D1CorePrescTable
    stm32h7xx_hal.o(i.HAL_Init) refers to system_stm32h7xx.o(.data) for SystemCoreClock
    stm32h7xx_hal.o(i.HAL_InitTick) refers to stm32h7xx_hal_cortex.o(i.HAL_SYSTICK_Config) for HAL_SYSTICK_Config
    stm32h7xx_hal.o(i.HAL_InitTick) refers to stm32h7xx_hal_cortex.o(i.HAL_NVIC_SetPriority) for HAL_NVIC_SetPriority
    stm32h7xx_hal.o(i.HAL_InitTick) refers to stm32h7xx_hal.o(.data) for uwTickFreq
    stm32h7xx_hal.o(i.HAL_InitTick) refers to system_stm32h7xx.o(.data) for SystemCoreClock
    stm32h7xx_hal.o(i.HAL_SYSCFG_EnableVREFBUF) refers to stm32h7xx_hal.o(i.HAL_GetTick) for HAL_GetTick
    stm32h7xx_hal.o(i.HAL_SetTickFreq) refers to stm32h7xx_hal.o(i.HAL_InitTick) for HAL_InitTick
    stm32h7xx_hal.o(i.HAL_SetTickFreq) refers to stm32h7xx_hal.o(.data) for uwTickFreq
    stm32h7xx_hal_dma.o(i.DMA_CalcBaseAndBitshift) refers to stm32h7xx_hal_dma.o(.constdata) for flagBitshiftOffset
    stm32h7xx_hal_dma.o(i.HAL_DMA_Abort) refers to stm32h7xx_hal.o(i.HAL_GetTick) for HAL_GetTick
    stm32h7xx_hal_dma.o(i.HAL_DMA_DeInit) refers to stm32h7xx_hal_dma.o(i.DMA_CalcBaseAndBitshift) for DMA_CalcBaseAndBitshift
    stm32h7xx_hal_dma.o(i.HAL_DMA_DeInit) refers to stm32h7xx_hal_dma.o(i.DMA_CalcDMAMUXChannelBaseAndMask) for DMA_CalcDMAMUXChannelBaseAndMask
    stm32h7xx_hal_dma.o(i.HAL_DMA_DeInit) refers to stm32h7xx_hal_dma.o(i.DMA_CalcDMAMUXRequestGenBaseAndMask) for DMA_CalcDMAMUXRequestGenBaseAndMask
    stm32h7xx_hal_dma.o(i.HAL_DMA_IRQHandler) refers to system_stm32h7xx.o(.data) for SystemCoreClock
    stm32h7xx_hal_dma.o(i.HAL_DMA_Init) refers to stm32h7xx_hal.o(i.HAL_GetTick) for HAL_GetTick
[...]
    sys_thread_new                           0x08013a35   Thumb Code    68  sys_arch.o(i.sys_thread_new)
    sys_timeout                              0x08013aa1   Thumb Code    58  timeouts.o(i.sys_timeout)
    sys_timeouts_init                        0x08013c91   Thumb Code    30  timeouts.o(i.sys_timeouts_init)
    sys_timeouts_sleeptime                   0x08013cb9   Thumb Code    86  timeouts.o(i.sys_timeouts_sleeptime)
    tcp_abandon                              0x08013d75   Thumb Code   276  tcp.o(i.tcp_abandon)
    tcp_abort                                0x08013f31   Thumb Code    14  tcp.o(i.tcp_abort)
    tcp_accept                               0x08013f3f   Thumb Code    16  tcp.o(i.tcp_accept)
    tcp_alloc                                0x08013fe5   Thumb Code   190  tcp.o(i.tcp_alloc)
    tcp_arg                                  0x080140b5   Thumb Code     6  tcp.o(i.tcp_arg)
    tcp_bind                                 0x080140bd   Thumb Code   206  tcp.o(i.tcp_bind)
    tcp_bind_netif                           0x08014221   Thumb Code    18  tcp.o(i.tcp_bind_netif)
    tcp_close                                0x08014235   Thumb Code    66  tcp.o(i.tcp_close)
    tcp_eff_send_mss_netif                   0x0801477d   Thumb Code    82  tcp.o(i.tcp_eff_send_mss_netif)
    tcp_enqueue_flags                        0x08014841   Thumb Code   420  tcp_out.o(i.tcp_enqueue_flags)
    tcp_err                                  0x08014afd   Thumb Code    44  tcp.o(i.tcp_err)
    tcp_fasttmr                              0x08014b99   Thumb Code   150  tcp.o(i.tcp_fasttmr)
    tcp_free                                 0x08014c3d   Thumb Code    40  tcp.o(i.tcp_free)
    tcp_init                                 0x08014f25   Thumb Code    20  tcp.o(i.tcp_init)
    tcp_input                                0x08014f3d   Thumb Code  2004  tcp_in.o(i.tcp_input)
    tcp_keepalive                            0x08015835   Thumb Code   120  tcp_out.o(i.tcp_keepalive)
    tcp_listen_with_backlog_and_err          0x08015d35   Thumb Code   246  tcp.o(i.tcp_listen_with_backlog_and_err)
    tcp_netif_ip_addr_changed                0x08015ee9   Thumb Code    64  tcp.o(i.tcp_netif_ip_addr_changed)
    tcp_new_ip_type                          0x08015ff9   Thumb Code    16  tcp.o(i.tcp_new_ip_type)
    tcp_next_iss                             0x08016071   Thumb Code    48  tcp.o(i.tcp_next_iss)
    tcp_output                               0x0801610d   Thumb Code   698  tcp_out.o(i.tcp_output)
    tcp_pcb_purge                            0x08016dd5   Thumb Code   116  tcp.o(i.tcp_pcb_purge)
    tcp_pcb_remove                           0x08016ead   Thumb Code   216  tcp.o(i.tcp_pcb_remove)
    tcp_poll                                 0x0801703d   Thumb Code    72  tcp.o(i.tcp_poll)
    tcp_process_refused_data                 0x08017861   Thumb Code   190  tcp.o(i.tcp_process_refused_data)
    tcp_recv                                 0x08018171   Thumb Code    44  tcp.o(i.tcp_recv)
    tcp_recv_null                            0x0801820d   Thumb Code    76  tcp.o(i.tcp_recv_null)
    tcp_recved                               0x080182bd   Thumb Code   140  tcp.o(i.tcp_recved)
    tcp_rexmit                               0x08018475   Thumb Code   144  tcp_out.o(i.tcp_rexmit)
    tcp_rexmit_fast                          0x08018569   Thumb Code   148  tcp_out.o(i.tcp_rexmit_fast)
    tcp_rexmit_rto                           0x08018669   Thumb Code    44  tcp_out.o(i.tcp_rexmit_rto)
    tcp_rexmit_rto_commit                    0x080186fd   Thumb Code    56  tcp_out.o(i.tcp_rexmit_rto_commit)
    tcp_rexmit_rto_prepare                   0x080187a5   Thumb Code   168  tcp_out.o(i.tcp_rexmit_rto_prepare)
    tcp_rst                                  0x080188dd   Thumb Code   152  tcp_out.o(i.tcp_rst)
    tcp_seg_free                             0x080189f9   Thumb Code    26  tcp.o(i.tcp_seg_free)
    tcp_segs_free                            0x08018a13   Thumb Code    24  tcp.o(i.tcp_segs_free)
    tcp_send_empty_ack                       0x08018a2d   Thumb Code   202  tcp_out.o(i.tcp_send_empty_ack)
    tcp_send_fin                             0x08018b65   Thumb Code   102  tcp_out.o(i.tcp_send_fin)
    tcp_sent                                 0x08018c35   Thumb Code    42  tcp.o(i.tcp_sent)
    tcp_server_init                          0x08018cd1   Thumb Code    20  app_ethernet.o(i.tcp_server_init)
    tcp_server_loop                          0x08018cfd   Thumb Code    36  app_ethernet.o(i.tcp_server_loop)
    tcp_shutdown                             0x0801908d   Thumb Code   132  tcp.o(i.tcp_shutdown)
    tcp_slowtmr                              0x08019175   Thumb Code  1700  tcp.o(i.tcp_slowtmr)
    tcp_split_unsent_seg                     0x080198a5   Thumb Code   530  tcp_out.o(i.tcp_split_unsent_seg)
    tcp_timer_needed                         0x08019b79   Thumb Code    38  timeouts.o(i.tcp_timer_needed)
    tcp_tmr                                  0x08019ce1   Thumb Code    30  tcp.o(i.tcp_tmr)
    tcp_trigger_input_pcb_close              0x08019d05   Thumb Code    14  tcp_in.o(i.tcp_trigger_input_pcb_close)
    tcp_update_rcv_ann_wnd                   0x08019d19   Thumb Code   128  tcp.o(i.tcp_update_rcv_ann_wnd)
    tcp_write                                0x08019e21   Thumb Code  2084  tcp_out.o(i.tcp_write)
    tcp_zero_window_probe                    0x0801a8c1   Thumb Code   262  tcp_out.o(i.tcp_zero_window_probe)
    tcpip_init                               0x0801aa39   Thumb Code   104  tcpip.o(i.tcpip_init)
    tcpip_inpkt                              0x0801ab4d   Thumb Code    94  tcpip.o(i.tcpip_inpkt)
    tcpip_input                              0x0801ac09   Thumb Code    40  tcpip.o(i.tcpip_input)
    tcpip_send_msg_wait_sem                  0x0801ac39   Thumb Code    28  tcpip.o(i.tcpip_send_msg_wait_sem)
    udp_bind                                 0x0801aed5   Thumb Code   202  udp.o(i.udp_bind)
    udp_bind_netif                           0x0801b009   Thumb Code    18  udp.o(i.udp_bind_netif)
    udp_init                                 0x0801b01d   Thumb Code    20  udp.o(i.udp_init)
    udp_input                                0x0801b035   Thumb Code   462  udp.o(i.udp_input)
    udp_netif_ip_addr_changed                0x0801b3cd   Thumb Code    42  udp.o(i.udp_netif_ip_addr_changed)
    udp_new                                  0x0801b3fd   Thumb Code    30  udp.o(i.udp_new)
    udp_new_ip_type                          0x0801b41b   Thumb Code    14  udp.o(i.udp_new_ip_type)
    udp_recv                                 0x0801b481   Thumb Code    42  udp.o(i.udp_recv)
    udp_remove                               0x0801b50d   Thumb Code    92  udp.o(i.udp_remove)
    udp_send                                 0x0801b5cd   Thumb Code    80  udp.o(i.udp_send)
    udp_sendto                               0x0801b695   Thumb Code   218  udp.o(i.udp_sendto)
    udp_sendto_if                            0x0801b80d   Thumb Code   194  udp.o(i.udp_sendto_if)
    udp_sendto_if_src                        0x0801b991   Thumb Code   452  udp.o(i.udp_sendto_if_src)
    uxListRemove                             0x0801bc79   Thumb Code    40  list.o(i.uxListRemove)
    uxQueueMessagesWaiting                   0x0801bca1   Thumb Code    18  queue.o(i.uxQueueMessagesWaiting)
    vListInitialise                          0x0801bcb3   Thumb Code    26  list.o(i.vListInitialise)
    vListInitialiseItem                      0x0801bccd   Thumb Code     6  list.o(i.vListInitialiseItem)
    vListInsert                              0x0801bcd3   Thumb Code    52  list.o(i.vListInsert)
    vListInsertEnd                           0x0801bd07   Thumb Code    24  list.o(i.vListInsertEnd)
    vPortEnterCritical                       0x0801bd21   Thumb Code    34  port.o(i.vPortEnterCritical)
    vPortExitCritical                        0x0801bd49   Thumb Code    28  port.o(i.vPortExitCritical)
    vPortFree                                0x0801bd69   Thumb Code    64  heap_4.o(i.vPortFree)
    vPortSetupTimerInterrupt                 0x0801bdb1   Thumb Code    26  port.o(i.vPortSetupTimerInterrupt)
    vQueueAddToRegistry                      0x0801bdd1   Thumb Code    38  queue.o(i.vQueueAddToRegistry)
    vQueueDelete                             0x0801bdfd   Thumb Code    20  queue.o(i.vQueueDelete)
    vQueueUnregisterQueue                    0x0801be11   Thumb Code    44  queue.o(i.vQueueUnregisterQueue)
    vQueueWaitForMessageRestricted           0x0801be41   Thumb Code    74  queue.o(i.vQueueWaitForMessageRestricted)
    vTaskDelay                               0x0801be8d   Thumb Code    46  tasks.o(i.vTaskDelay)
    vTaskDelete                              0x0801bec1   Thumb Code   166  tasks.o(i.vTaskDelete)
    vTaskMissedYield                         0x0801bf8d   Thumb Code     8  tasks.o(i.vTaskMissedYield)
    vTaskPlaceOnEventList                    0x0801bf99   Thumb Code    28  tasks.o(i.vTaskPlaceOnEventList)
    vTaskPlaceOnEventListRestricted          0x0801bfb9   Thumb Code    36  tasks.o(i.vTaskPlaceOnEventListRestricted)
    vTaskPriorityInherit                     0x0801bfe1   Thumb Code   164  tasks.o(i.vTaskPriorityInherit)
    vTaskSetTimeOutState                     0x0801c091   Thumb Code    14  tasks.o(i.vTaskSetTimeOutState)
    vTaskStartScheduler                      0x0801c0a9   Thumb Code    90  tasks.o(i.vTaskStartScheduler)
    vTaskSuspendAll                          0x0801c121   Thumb Code    12  tasks.o(i.vTaskSuspendAll)
    vTaskSwitchContext                       0x0801c131   Thumb Code   130  tasks.o(i.vTaskSwitchContext)
    xPortStartScheduler                      0x0801c1d5   Thumb Code    58  port.o(i.xPortStartScheduler)
    xPortSysTickHandler                      0x0801c21d   Thumb Code    50  port.o(i.xPortSysTickHandler)
    xQueueCreateCountingSemaphore            0x0801c255   Thumb Code    26  queue.o(i.xQueueCreateCountingSemaphore)
    xQueueCreateMutex                        0x0801c26f   Thumb Code    34  queue.o(i.xQueueCreateMutex)
    xQueueGenericCreate                      0x0801c291   Thumb Code    56  queue.o(i.xQueueGenericCreate)
    xQueueGenericReceive                     0x0801c2c9   Thumb Code   342  queue.o(i.xQueueGenericReceive)
    xQueueGenericReset                       0x0801c425   Thumb Code   122  queue.o(i.xQueueGenericReset)
    xQueueGenericSend                        0x0801c4a5   Thumb Code   308  queue.o(i.xQueueGenericSend)
    xQueueGenericSendFromISR                 0x0801c5dd   Thumb Code   160  queue.o(i.xQueueGenericSendFromISR)
    xQueueGiveFromISR                        0x0801c67d   Thumb Code   146  queue.o(i.xQueueGiveFromISR)
    xTaskCheckForTimeOut                     0x0801c711   Thumb Code    84  tasks.o(i.xTaskCheckForTimeOut)
    xTaskCreate                              0x0801c76d   Thumb Code    96  tasks.o(i.xTaskCreate)
    xTaskGetSchedulerState                   0x0801c7cd   Thumb Code    24  tasks.o(i.xTaskGetSchedulerState)
    xTaskGetTickCount                        0x0801c7ed   Thumb Code     6  tasks.o(i.xTaskGetTickCount)
    xTaskIncrementTick                       0x0801c7f9   Thumb Code   238  tasks.o(i.xTaskIncrementTick)
    xTaskPriorityDisinherit                  0x0801c915   Thumb Code   122  tasks.o(i.xTaskPriorityDisinherit)
    xTaskRemoveFromEventList                 0x0801c999   Thumb Code   104  tasks.o(i.xTaskRemoveFromEventList)
    xTaskResumeAll                           0x0801ca19   Thumb Code   196  tasks.o(i.xTaskResumeAll)
    xTimerCreateTimerTask                    0x0801cb01   Thumb Code    42  timers.o(i.xTimerCreateTimerTask)
    xTimerGenericCommand                     0x0801cb41   Thumb Code   104  timers.o(i.xTimerGenericCommand)
    D1CorePrescTable                         0x0801cbac   Data          16  system_stm32h7xx.o(.constdata)
    memp_RX_POOL                             0x0801cbbc   Data          16  ethernetif.o(.constdata)
    netconn_aborted                          0x0801cbcc   Data           1  api_msg.o(.constdata)
    netconn_reset                            0x0801cbcd   Data           1  api_msg.o(.constdata)
    netconn_closed                           0x0801cbce   Data           1  api_msg.o(.constdata)
    memp_UDP_PCB                             0x0801cc14   Data          16  memp.o(.constdata)
    memp_TCP_PCB                             0x0801cc24   Data          16  memp.o(.constdata)
    memp_TCP_PCB_LISTEN                      0x0801cc34   Data          16  memp.o(.constdata)
    memp_TCP_SEG                             0x0801cc44   Data          16  memp.o(.constdata)
    memp_REASSDATA                           0x0801cc54   Data          16  memp.o(.constdata)
    memp_FRAG_PBUF                           0x0801cc64   Data          16  memp.o(.constdata)
    memp_NETBUF                              0x0801cc74   Data          16  memp.o(.constdata)
    memp_NETCONN                             0x0801cc84   Data          16  memp.o(.constdata)
    memp_TCPIP_MSG_API                       0x0801cc94   Data          16  memp.o(.constdata)
    memp_TCPIP_MSG_INPKT                     0x0801cca4   Data          16  memp.o(.constdata)
    memp_IGMP_GROUP                          0x0801ccb4   Data          16  memp.o(.constdata)
    memp_SYS_TIMEOUT                         0x0801ccc4   Data          16  memp.o(.constdata)
    memp_NETDB                               0x0801ccd4   Data          16  memp.o(.constdata)
    memp_PBUF                                0x0801cce4   Data          16  memp.o(.constdata)
    memp_PBUF_POOL                           0x0801ccf4   Data          16  memp.o(.constdata)
    memp_pools                               0x0801cd04   Data          60  memp.o(.constdata)
    tcp_pcb_lists                            0x0801cd80   Data          16  tcp.o(.constdata)
    lwip_cyclic_timers                       0x0801cd90   Data          40  timeouts.o(.constdata)
    lwip_num_cyclic_timers                   0x0801cdb8   Data           4  timeouts.o(.constdata)
    ip_addr_any                              0x0801cdbc   Data           4  ip4_addr.o(.constdata)
    ip_addr_broadcast                        0x0801cdc0   Data           4  ip4_addr.o(.constdata)
    ethbroadcast                             0x0801cdc4   Data           6  ethernet.o(.constdata)
    ethzero                                  0x0801cdca   Data           6  ethernet.o(.constdata)
    __ctype_table                            0x0801cdd0   Data         129  ctype_o.o(.constdata)
    Region$$Table$$Base                      0x0801d0c4   Number         0  anon$$obj.o(Region$$Table)
    Region$$Table$$Limit                     0x0801d0e4   Number         0  anon$$obj.o(Region$$Table)
    SystemCoreClock                          0x24000000   Data           4  system_stm32h7xx.o(.data)
    SystemD2Clock                            0x24000004   Data           4  system_stm32h7xx.o(.data)
    uwTick                                   0x24000008   Data           4  stm32h7xx_hal.o(.data)
    uwTickPrio                               0x2400000c   Data           4  stm32h7xx_hal.o(.data)
    uwTickFreq                               0x24000010   Data           1  stm32h7xx_hal.o(.data)
    Key_Value                                0x24000018   Data           4  main.o(.data)
    StartTask_Handler                        0x2400001c   Data           4  main.o(.data)
    KeyTask_Handler                          0x24000020   Data           4  main.o(.data)
    LED1Task_Handler                         0x24000024   Data           4  main.o(.data)
    USART_RX_STA                             0x24000028   Data           2  usart_bsp.o(.data)
    aRxBuffer                                0x2400002a   Data           1  usart_bsp.o(.data)
    __stdout                                 0x2400002c   Data           4  usart_bsp.o(.data)
    FreeRTOSRunTimeTicks                     0x24000030   Data           8  timer_bsp.o(.data)
    ipaddr                                   0x24000038   Data           4  app_ethernet.o(.data)
    netmask                                  0x2400003c   Data           4  app_ethernet.o(.data)
    gw                                       0x24000040   Data           4  app_ethernet.o(.data)
    IP_ADDRESS                               0x24000044   Data           4  app_ethernet.o(.data)
    NETMASK_ADDRESS                          0x24000048   Data           4  app_ethernet.o(.data)
    GATEWAY_ADDRESS                          0x2400004c   Data           4  app_ethernet.o(.data)
    tcp_server_tx_buffer                     0x24000050   Data           4  app_ethernet.o(.data)
    tcp_server_status                        0x24000054   Data           1  app_ethernet.o(.data)
    current_pbuf_idx                         0x24000058   Data           4  ethernetif.o(.data)
    s_xSemaphore                             0x2400005c   Data           4  ethernetif.o(.data)
    tx_sem                                   0x24000060   Data           4  ethernetif.o(.data)
    eth_tx_mb                                0x24000064   Data           4  ethernetif.o(.data)
    errno                                    0x24000070   Data           4  sys_arch.o(.data)
    lwip_sys_now                             0x24000074   Data           4  sys_arch.o(.data)
    lock_tcpip_core                          0x2400008c   Data           4  tcpip.o(.data)
    netif_list                               0x240000e8   Data           4  netif.o(.data)
    netif_default                            0x240000ec   Data           4  netif.o(.data)
    tcp_ticks                                0x240000f8   Data           4  tcp.o(.data)
    tcp_bound_pcbs                           0x240000fc   Data           4  tcp.o(.data)
    tcp_listen_pcbs                          0x24000100   Data           4  tcp.o(.data)
    tcp_active_pcbs                          0x24000104   Data           4  tcp.o(.data)
    tcp_tw_pcbs                              0x24000108   Data           4  tcp.o(.data)
    tcp_active_pcbs_changed                  0x2400010c   Data           1  tcp.o(.data)
    tcp_input_pcb                            0x24000138   Data           4  tcp_in.o(.data)
    udp_pcbs                                 0x2400014c   Data           4  udp.o(.data)
    pxCurrentTCB                             0x2400016c   Data           4  tasks.o(.data)
    USART_RX_BUF                             0x240001e8   Data         200  usart_bsp.o(.bss)
    UART1_Handle                             0x240002b0   Data         140  usart_bsp.o(.bss)
    TIM3_Handle                              0x2400033c   Data          64  timer_bsp.o(.bss)
    gnetif                                   0x2400037c   Data          56  app_ethernet.o(.bss)
    tcp_server_rx_buffer                     0x240003b4   Data        1500  app_ethernet.o(.bss)
    EthHandle                                0x24000990   Data         112  ethernetif.o(.bss)
    TxConfig                                 0x24000a00   Data          52  ethernetif.o(.bss)
    MACConfig                                0x24000a34   Data         100  ethernetif.o(.bss)
    memp_memory_RX_POOL_base                 0x24000a98   Data         403  ethernetif.o(.bss)
    ip_data                                  0x2400113c   Data          24  ip.o(.bss)
    ram_heap                                 0x24001154   Data       25619  mem.o(.bss)
    memp_memory_UDP_PCB_base                 0x24007567   Data         163  memp.o(.bss)
    memp_memory_TCP_PCB_base                 0x2400760a   Data         915  memp.o(.bss)
    memp_memory_TCP_PCB_LISTEN_base          0x2400799d   Data         171  memp.o(.bss)
    memp_memory_TCP_SEG_base                 0x24007a48   Data        2403  memp.o(.bss)
    memp_memory_REASSDATA_base               0x240083ab   Data         163  memp.o(.bss)
    memp_memory_FRAG_PBUF_base               0x2400844e   Data         363  memp.o(.bss)
    memp_memory_NETBUF_base                  0x240085b9   Data          35  memp.o(.bss)
    memp_memory_NETCONN_base                 0x240085dc   Data         179  memp.o(.bss)
    memp_memory_TCPIP_MSG_API_base           0x2400868f   Data         131  memp.o(.bss)
    memp_memory_TCPIP_MSG_INPKT_base         0x24008712   Data         131  memp.o(.bss)
    memp_memory_IGMP_GROUP_base              0x24008795   Data         131  memp.o(.bss)
    memp_memory_SYS_TIMEOUT_base             0x24008818   Data          99  memp.o(.bss)
    memp_memory_NETDB_base                   0x2400887b   Data         311  memp.o(.bss)
    memp_memory_PBUF_base                    0x240089b2   Data         403  memp.o(.bss)
    memp_memory_PBUF_POOL_base               0x24008b45   Data       45963  memp.o(.bss)
    xQueueRegistry                           0x24013fd4   Data          64  queue.o(.bss)
    __initial_sp                             0x2401ff20   Data           0  startup_stm32h743xx.o(STACK)
    DMARxDscrTab                             0x30040000   Data          96  ethernetif.o(.ARM.__AT_0x30040000)
    DMATxDscrTab                             0x30040060   Data          96  ethernetif.o(.ARM.__AT_0x30040060)
    Rx_Buff                                  0x30040200   Data        6144  ethernetif.o(.ARM.__AT_0x30040200)



==============================================================================

Memory Map of the image

  Image Entry point : 0x08000299

  Load Region LR_IROM1 (Base: 0x08000000, Size: 0x0001d2cc, Max: 0x00100000, ABSOLUTE, COMPRESSED[0x0001d108])

    Execution Region ER_IROM1 (Base: 0x08000000, Size: 0x0001d0e4, Max: 0x00100000, ABSOLUTE)

    Base Addr    Size         Type   Attr      Idx    E Section Name        Object

    0x08000000   0x00000298   Data   RO            3    RESET               startup_stm32h743xx.o
    0x08000298   0x00000000   Code   RO         9700  * .ARM.Collect$$$$00000000  mc_w.l(entry.o)
    0x08000298   0x00000004   Code   RO        10021    .ARM.Collect$$$$00000001  mc_w.l(entry2.o)
    0x0800029c   0x00000004   Code   RO        10024    .ARM.Collect$$$$00000004  mc_w.l(entry5.o)
    0x080002a0   0x00000000   Code   RO        10026    .ARM.Collect$$$$00000008  mc_w.l(entry7b.o)
    0x080002a0   0x00000000   Code   RO        10028    .ARM.Collect$$$$0000000A  mc_w.l(entry8b.o)
    0x080002a0   0x00000008   Code   RO        10029    .ARM.Collect$$$$0000000B  mc_w.l(entry9a.o)
    0x080002a8   0x00000000   Code   RO        10031    .ARM.Collect$$$$0000000D  mc_w.l(entry10a.o)
    0x080002a8   0x00000000   Code   RO        10033    .ARM.Collect$$$$0000000F  mc_w.l(entry11a.o)
    0x080002a8   0x00000004   Code   RO        10022    .ARM.Collect$$$$00002712  mc_w.l(entry2.o)
    0x080002ac   0x00000010   Code   RO         3971    .emb_text           sys.o
    0x080002bc   0x000000ba   Code   RO         9620    .emb_text           port.o
    0x08000376   0x00000002   PAD
    0x08000378   0x00000024   Code   RO            4    .text               startup_stm32h743xx.o
    0x0800039c   0x00000062   Code   RO         9703    .text               mc_w.l(uldiv.o)
    0x080003fe   0x00000002   PAD
    0x08000400   0x00000008   Code   RO         9705    .text               mc_w.l(ctype_o.o)
    0x08000408   0x00000024   Code   RO         9735    .text               mc_w.l(rand.o)
    0x0800042c   0x00000040   Code   RO         9740    .text               mc_w.l(memmovea.o)
    0x0800046c   0x00000024   Code   RO         9742    .text               mc_w.l(memseta.o)
    0x08000490   0x0000000e   Code   RO         9746    .text               mc_w.l(strlen.o)
    0x0800049e   0x0000001a   Code   RO         9748    .text               mc_w.l(memcmp.o)
    0x080004b8   0x0000001a   Code   RO        10019    .text               mc_w.l(atoi.o)
    0x080004d2   0x0000001e   Code   RO        10037    .text               mc_w.l(llshl.o)
    0x080004f0   0x00000020   Code   RO        10039    .text               mc_w.l(llushr.o)
    0x08000510   0x00000070   Code   RO        10048    .text               mc_w.l(strtol.o)
    0x08000580   0x00000024   Code   RO        10061    .text               mc_w.l(init.o)
    0x080005a4   0x0000009e   Code   RO        10065    .text               mc_w.l(_strtoul.o)
    0x08000642   0x0000001c   Code   RO        10069    .text               mc_w.l(_chval.o)
    0x0800065e   0x00000056   Code   RO        10079    .text               mc_w.l(__dczerorl2.o)
    0x080006b4   0x00000004   Code   RO         4301    i.BusFault_Handler  stm32h7xx_it.o
    0x080006b8   0x0000001c   Code   RO         4660    i.Cache_EthernetConfigure  mpu_bsp.o
    0x080006d4   0x00000018   Code   RO         4700    i.ConfigureTimerForRunTimeStatus  timer_bsp.o
    0x080006ec   0x00000002   Code   RO         4302    i.DebugMon_Handler  stm32h7xx_it.o
    0x080006ee   0x00000062   Code   RO          833    i.ETH_DMARxDescListInit  stm32h7xx_hal_eth.o
    0x08000750   0x00000052   Code   RO          834    i.ETH_DMATxDescListInit  stm32h7xx_hal_eth.o
    0x080007a2   0x00000002   PAD
    0x080007a4   0x000001cc   Code   RO         5186    i.ETH_GPIO_Config   lan8720a.o
    0x08000970   0x00000038   Code   RO         5187    i.ETH_IRQHandler    lan8720a.o
    0x080009a8   0x00000106   Code   RO          835    i.ETH_MACDMAConfig  stm32h7xx_hal_eth.o
    0x08000aae   0x00000002   PAD
    0x08000ab0   0x00000078   Code   RO          836    i.ETH_MAC_MDIO_ClkConfig  stm32h7xx_hal_eth.o
    0x08000b28   0x0000034c   Code   RO          837    i.ETH_Prepare_Tx_Descriptors  stm32h7xx_hal_eth.o
    0x08000e74   0x000000bc   Code   RO          838    i.ETH_SetDMAConfig  stm32h7xx_hal_eth.o
    0x08000f30   0x00000194   Code   RO          839    i.ETH_SetMACConfig  stm32h7xx_hal_eth.o
    0x080010c4   0x0000000a   Code   RO         4390    i.EXTI0_IRQHandler  key_bsp.o
    0x080010ce   0x0000000c   Code   RO         4391    i.EXTI15_10_IRQHandler  key_bsp.o
    0x080010da   0x0000000a   Code   RO         4392    i.EXTI2_IRQHandler  key_bsp.o
    0x080010e4   0x0000000a   Code   RO         4393    i.EXTI3_IRQHandler  key_bsp.o
    0x080010ee   0x00000002   PAD
    0x080010f0   0x000002a0   Code   RO          506    i.HAL_DMA_Abort_IT  stm32h7xx_hal_dma.o
    0x08001390   0x0000000c   Code   RO         3924    i.HAL_Delay         core_delay.o
    0x0800139c   0x00000080   Code   RO          840    i.HAL_ETH_BuildRxDescriptors  stm32h7xx_hal_eth.o
    0x0800141c   0x00000002   Code   RO          841    i.HAL_ETH_DMAErrorCallback  stm32h7xx_hal_eth.o
    0x0800141e   0x00000040   Code   RO          843    i.HAL_ETH_DescAssignMemory  stm32h7xx_hal_eth.o
    0x0800145e   0x00000002   Code   RO          844    i.HAL_ETH_EEECallback  stm32h7xx_hal_eth.o
    0x08001460   0x000001d6   Code   RO          850    i.HAL_ETH_GetMACConfig  stm32h7xx_hal_eth.o
    0x08001636   0x000000c0   Code   RO          854    i.HAL_ETH_GetRxDataBuffer  stm32h7xx_hal_eth.o
    0x080016f6   0x00000040   Code   RO          856    i.HAL_ETH_GetRxDataLength  stm32h7xx_hal_eth.o
    0x08001736   0x00000002   PAD
    0x08001738   0x00000194   Code   RO          858    i.HAL_ETH_IRQHandler  stm32h7xx_hal_eth.o
    0x080018cc   0x00000150   Code   RO          859    i.HAL_ETH_Init      stm32h7xx_hal_eth.o
    0x08001a1c   0x000000fe   Code   RO          860    i.HAL_ETH_IsRxDataAvailable  stm32h7xx_hal_eth.o
    0x08001b1a   0x00000002   Code   RO          861    i.HAL_ETH_MACErrorCallback  stm32h7xx_hal_eth.o
    0x08001b1c   0x00000070   Code   RO         5189    i.HAL_ETH_MspInit   lan8720a.o
    0x08001b8c   0x00000002   Code   RO          864    i.HAL_ETH_PMTCallback  stm32h7xx_hal_eth.o
    0x08001b8e   0x00000078   Code   RO          865    i.HAL_ETH_ReadPHYRegister  stm32h7xx_hal_eth.o
    0x08001c06   0x00000002   PAD
    0x08001c08   0x00000030   Code   RO         5190    i.HAL_ETH_RxCpltCallback  lan8720a.o
    0x08001c38   0x00000022   Code   RO          869    i.HAL_ETH_SetMACConfig  stm32h7xx_hal_eth.o
    0x08001c5a   0x00000002   PAD
    0x08001c5c   0x00000078   Code   RO          871    i.HAL_ETH_SetMDIOClockRange  stm32h7xx_hal_eth.o
    0x08001cd4   0x000000dc   Code   RO          876    i.HAL_ETH_Start_IT  stm32h7xx_hal_eth.o
    0x08001db0   0x000000a6   Code   RO          878    i.HAL_ETH_Stop_IT   stm32h7xx_hal_eth.o
    0x08001e56   0x000000d8   Code   RO          879    i.HAL_ETH_Transmit  stm32h7xx_hal_eth.o
    0x08001f2e   0x00000002   Code   RO         5191    i.HAL_ETH_TxCpltCallback  lan8720a.o
    0x08001f30   0x00000002   Code   RO          882    i.HAL_ETH_WakeUpCallback  stm32h7xx_hal_eth.o
    0x08001f32   0x00000002   PAD
    0x08001f34   0x00000080   Code   RO          883    i.HAL_ETH_WritePHYRegister  stm32h7xx_hal_eth.o
    0x08001fb4   0x00000080   Code   RO         4394    i.HAL_GPIO_EXTI_Callback  key_bsp.o
    0x08002034   0x0000001c   Code   RO         1362    i.HAL_GPIO_EXTI_IRQHandler  stm32h7xx_hal_gpio.o
    0x08002050   0x00000208   Code   RO         1363    i.HAL_GPIO_Init     stm32h7xx_hal_gpio.o
    0x08002258   0x00000010   Code   RO         1365    i.HAL_GPIO_ReadPin  stm32h7xx_hal_gpio.o
    0x08002268   0x00000012   Code   RO         1366    i.HAL_GPIO_TogglePin  stm32h7xx_hal_gpio.o
    0x0800227a   0x0000000c   Code   RO         1367    i.HAL_GPIO_WritePin  stm32h7xx_hal_gpio.o
    0x08002286   0x00000002   PAD
    0x08002288   0x0000000c   Code   RO          182    i.HAL_GetREVID      stm32h7xx_hal.o
    0x08002294   0x0000000c   Code   RO          183    i.HAL_GetTick       stm32h7xx_hal.o
    0x080022a0   0x00000018   Code   RO          189    i.HAL_IncTick       stm32h7xx_hal.o
    0x080022b8   0x00000060   Code   RO          190    i.HAL_Init          stm32h7xx_hal.o
    0x08002318   0x00000058   Code   RO          191    i.HAL_InitTick      stm32h7xx_hal.o
    0x08002370   0x0000005c   Code   RO          688    i.HAL_MPU_ConfigRegion  stm32h7xx_hal_cortex.o
    0x080023cc   0x00000040   Code   RO          690    i.HAL_MPU_Enable    stm32h7xx_hal_cortex.o
    0x0800240c   0x00000002   Code   RO          193    i.HAL_MspInit       stm32h7xx_hal.o
    0x0800240e   0x00000020   Code   RO          693    i.HAL_NVIC_EnableIRQ  stm32h7xx_hal_cortex.o
    0x0800242e   0x0000007a   Code   RO          699    i.HAL_NVIC_SetPriority  stm32h7xx_hal_cortex.o
    0x080024a8   0x00000028   Code   RO          700    i.HAL_NVIC_SetPriorityGrouping  stm32h7xx_hal_cortex.o
    0x080024d0   0x00000060   Code   RO         1551    i.HAL_PWREx_ConfigSupply  stm32h7xx_hal_pwr_ex.o
    0x08002530   0x00000030   Code   RO         1918    i.HAL_RCCEx_GetD1SysClockFreq  stm32h7xx_hal_rcc_ex.o
    0x08002560   0x00000024   Code   RO         1919    i.HAL_RCCEx_GetD3PCLK1Freq  stm32h7xx_hal_rcc_ex.o
    0x08002584   0x00000230   Code   RO         1921    i.HAL_RCCEx_GetPLL2ClockFreq  stm32h7xx_hal_rcc_ex.o
    0x080027b4   0x00000230   Code   RO         1922    i.HAL_RCCEx_GetPLL3ClockFreq  stm32h7xx_hal_rcc_ex.o
    0x080029e4   0x00000b44   Code   RO         1926    i.HAL_RCCEx_PeriphCLKConfig  stm32h7xx_hal_rcc_ex.o
    0x08003528   0x00000300   Code   RO         1805    i.HAL_RCC_ClockConfig  stm32h7xx_hal_rcc.o
    0x08003828   0x00000030   Code   RO         1810    i.HAL_RCC_GetHCLKFreq  stm32h7xx_hal_rcc.o
    0x08003858   0x00000024   Code   RO         1812    i.HAL_RCC_GetPCLK1Freq  stm32h7xx_hal_rcc.o
    0x0800387c   0x00000024   Code   RO         1813    i.HAL_RCC_GetPCLK2Freq  stm32h7xx_hal_rcc.o
    0x080038a0   0x0000022c   Code   RO         1814    i.HAL_RCC_GetSysClockFreq  stm32h7xx_hal_rcc.o
    0x08003acc   0x00000748   Code   RO         1817    i.HAL_RCC_OscConfig  stm32h7xx_hal_rcc.o
    0x08004214   0x00000014   Code   RO          202    i.HAL_SYSCFG_ETHInterfaceSelect  stm32h7xx_hal.o
    0x08004228   0x00000028   Code   RO          702    i.HAL_SYSTICK_CLKSourceConfig  stm32h7xx_hal_cortex.o
    0x08004250   0x00000034   Code   RO          704    i.HAL_SYSTICK_Config  stm32h7xx_hal_cortex.o
    0x08004284   0x00000002   Code   RO         3649    i.HAL_TIMEx_Break2Callback  stm32h7xx_hal_tim_ex.o
    0x08004286   0x00000002   Code   RO         3650    i.HAL_TIMEx_BreakCallback  stm32h7xx_hal_tim_ex.o
    0x08004288   0x00000002   Code   RO         3651    i.HAL_TIMEx_CommutCallback  stm32h7xx_hal_tim_ex.o
    0x0800428a   0x00000034   Code   RO         2941    i.HAL_TIM_Base_Init  stm32h7xx_hal_tim.o
    0x080042be   0x00000002   Code   RO         2943    i.HAL_TIM_Base_MspInit  stm32h7xx_hal_tim.o
    0x080042c0   0x00000038   Code   RO         2946    i.HAL_TIM_Base_Start_IT  stm32h7xx_hal_tim.o
    0x080042f8   0x00000002   Code   RO         2972    i.HAL_TIM_IC_CaptureCallback  stm32h7xx_hal_tim.o
    0x080042fa   0x000001b8   Code   RO         2986    i.HAL_TIM_IRQHandler  stm32h7xx_hal_tim.o
    0x080044b2   0x00000002   Code   RO         2989    i.HAL_TIM_OC_DelayElapsedCallback  stm32h7xx_hal_tim.o
    0x080044b4   0x00000002   Code   RO         3016    i.HAL_TIM_PWM_PulseFinishedCallback  stm32h7xx_hal_tim.o
    0x080044b6   0x00000002   PAD
    0x080044b8   0x00000028   Code   RO         4701    i.HAL_TIM_PeriodElapsedCallback  timer_bsp.o
    0x080044e0   0x00000002   Code   RO         3029    i.HAL_TIM_TriggerCallback  stm32h7xx_hal_tim.o
    0x080044e2   0x00000002   Code   RO         2477    i.HAL_UARTEx_RxFifoFullCallback  stm32h7xx_hal_uart_ex.o
    0x080044e4   0x00000002   Code   RO         2481    i.HAL_UARTEx_TxFifoEmptyCallback  stm32h7xx_hal_uart_ex.o
    0x080044e6   0x00000002   Code   RO         2482    i.HAL_UARTEx_WakeupCallback  stm32h7xx_hal_uart_ex.o
    0x080044e8   0x00000002   Code   RO         2096    i.HAL_UART_ErrorCallback  stm32h7xx_hal_uart.o
    0x080044ea   0x00000002   PAD
    0x080044ec   0x0000020c   Code   RO         2099    i.HAL_UART_IRQHandler  stm32h7xx_hal_uart.o
    0x080046f8   0x00000078   Code   RO         2100    i.HAL_UART_Init     stm32h7xx_hal_uart.o
    0x08004770   0x00000098   Code   RO         4583    i.HAL_UART_MspInit  usart_bsp.o
    0x08004808   0x000000d4   Code   RO         2109    i.HAL_UART_Transmit  stm32h7xx_hal_uart.o
    0x080048dc   0x00000002   Code   RO         2112    i.HAL_UART_TxCpltCallback  stm32h7xx_hal_uart.o
    0x080048de   0x00000004   Code   RO         4303    i.HardFault_Handler  stm32h7xx_it.o
    0x080048e2   0x00000002   PAD
    0x080048e4   0x00000054   Code   RO         4469    i.IIC_Ack           myiic.o
    0x08004938   0x00000058   Code   RO         4470    i.IIC_Init          myiic.o
    0x08004990   0x00000054   Code   RO         4471    i.IIC_NAck          myiic.o
    0x080049e4   0x0000006c   Code   RO         4472    i.IIC_Read_Byte     myiic.o
    0x08004a50   0x0000007c   Code   RO         4473    i.IIC_Send_Byte     myiic.o
    0x08004acc   0x00000054   Code   RO         4474    i.IIC_Start         myiic.o
    0x08004b20   0x00000054   Code   RO         4475    i.IIC_Stop          myiic.o
    0x08004b74   0x00000068   Code   RO         4476    i.IIC_Wait_Ack      myiic.o
    0x08004bdc   0x000000f0   Code   RO         4395    i.KEY_BSP_Init      key_bsp.o
    0x08004ccc   0x0000001e   Code   RO         5192    i.LAN8720_GetLinkState  lan8720a.o
    0x08004cea   0x00000080   Code   RO         5193    i.LAN8720_Init      lan8720a.o
    0x08004d6a   0x00000002   PAD
    0x08004d6c   0x00000044   Code   RO         4445    i.LED_BSP_Init      led_bsp.o
    0x08004db0   0x00000090   Code   RO         4661    i.MPU_EthernetConfigure  mpu_bsp.o
    0x08004e40   0x00000004   Code   RO         4304    i.MemManage_Handler  stm32h7xx_it.o
    0x08004e44   0x00000002   Code   RO         4305    i.NMI_Handler       stm32h7xx_it.o
    0x08004e46   0x00000002   PAD
    0x08004e48   0x000000b8   Code   RO         4749    i.Netif_Config      app_ethernet.o
    0x08004f00   0x00000068   Code   RO         4535    i.PCF8574_Init      pcf8574.o
    0x08004f68   0x00000022   Code   RO         4537    i.PCF8574_ReadOneByte  pcf8574.o
    0x08004f8a   0x00000026   Code   RO         4538    i.PCF8574_WriteBit  pcf8574.o
    0x08004fb0   0x0000002a   Code   RO         4539    i.PCF8574_WriteOneByte  pcf8574.o
    0x08004fda   0x00000002   PAD
    0x08004fdc   0x00000164   Code   RO         1929    i.RCCEx_PLL2_Config  stm32h7xx_hal_rcc_ex.o
    0x08005140   0x00000164   Code   RO         1930    i.RCCEx_PLL3_Config  stm32h7xx_hal_rcc_ex.o
    0x080052a4   0x0000009c   Code   RO         4662    i.SCB_EnableDCache  mpu_bsp.o
    0x08005340   0x0000007c   Code   RO         4663    i.SCB_EnableICache  mpu_bsp.o
    0x080053bc   0x0000004c   Code   RO         4899    i.SCB_InvalidateDCache_by_Addr  ethernetif.o
    0x08005408   0x00000038   Code   RO         4306    i.SysTick_Handler   stm32h7xx_it.o
    0x08005440   0x000000f8   Code   RO         4034    i.SystemClock_Config  main.o
    0x08005538   0x000000a8   Code   RO           14    i.SystemInit        system_stm32h7xx.o
    0x080055e0   0x0000003c   Code   RO         4702    i.TIM3_BSP_Init     timer_bsp.o
    0x0800561c   0x00000010   Code   RO         4703    i.TIM3_IRQHandler   timer_bsp.o
    0x0800562c   0x000000cc   Code   RO         3031    i.TIM_Base_SetConfig  stm32h7xx_hal_tim.o
    0x080056f8   0x00000068   Code   RO         4584    i.UART1_BSP_Init    usart_bsp.o
    0x08005760   0x000000f8   Code   RO         2114    i.UART_AdvFeatureConfig  stm32h7xx_hal_uart.o
    0x08005858   0x00000074   Code   RO         2115    i.UART_CheckIdleState  stm32h7xx_hal_uart.o
    0x080058cc   0x00000018   Code   RO         2116    i.UART_DMAAbortOnError  stm32h7xx_hal_uart.o
    0x080058e4   0x00000028   Code   RO         2126    i.UART_EndRxTransfer  stm32h7xx_hal_uart.o
    0x0800590c   0x00000022   Code   RO         2127    i.UART_EndTransmit_IT  stm32h7xx_hal_uart.o
    0x0800592e   0x00000002   PAD
    0x08005930   0x000016f0   Code   RO         2133    i.UART_SetConfig    stm32h7xx_hal_uart.o
    0x08007020   0x000000be   Code   RO         2138    i.UART_WaitOnFlagUntilTimeout  stm32h7xx_hal_uart.o
    0x080070de   0x00000002   PAD
    0x080070e0   0x00000024   Code   RO         4585    i.USART1_IRQHandler  usart_bsp.o
    0x08007104   0x00000004   Code   RO         4307    i.UsageFault_Handler  stm32h7xx_it.o
    0x08007108   0x000000c8   Code   RO         4750    i.User_notification  app_ethernet.o
    0x080071d0   0x00000020   Code   RO         9891    i.__0printf$5       mc_w.l(printf5.o)
    0x080071f0   0x00000010   Code   RO          706    i.__NVIC_GetPriorityGrouping  stm32h7xx_hal_cortex.o
    0x08007200   0x00000028   Code   RO          707    i.__NVIC_SetPriority  stm32h7xx_hal_cortex.o
    0x08007228   0x00000008   Code   RO        10041    i.__aeabi_errno_addr  mc_w.l(errno.o)
    0x08007230   0x0000000e   Code   RO        10073    i.__scatterload_copy  mc_w.l(handlers.o)
    0x0800723e   0x00000002   Code   RO        10074    i.__scatterload_null  mc_w.l(handlers.o)
    0x08007240   0x0000000e   Code   RO        10075    i.__scatterload_zeroinit  mc_w.l(handlers.o)
    0x0800724e   0x00000002   PAD
    0x08007250   0x000002c0   Code   RO         9898    i._printf_core      mc_w.l(printf5.o)
    0x08007510   0x00000194   Code   RO         5501    i.accept_function   api_msg.o
    0x080076a4   0x00000110   Code   RO         5952    i.alloc_socket      sockets.o
    0x080077b4   0x00000024   Code   RO         3925    i.delay_init        core_delay.o
    0x080077d8   0x00000032   Code   RO         3926    i.delay_ms          core_delay.o
    0x0800780a   0x00000002   PAD
    0x0800780c   0x00000048   Code   RO         3927    i.delay_us          core_delay.o
    0x08007854   0x00000024   Code   RO         6495    i.dns_backupserver_available  dns.o
    0x08007878   0x00000108   Code   RO         6496    i.dns_call_found    dns.o
    0x08007980   0x00000016   Code   RO         6497    i.dns_check_entries  dns.o
    0x08007996   0x00000002   PAD
    0x08007998   0x00000174   Code   RO         6498    i.dns_check_entry   dns.o
    0x08007b0c   0x00000040   Code   RO         6501    i.dns_create_txid   dns.o
    0x08007b4c   0x00000030   Code   RO         6506    i.dns_init          dns.o
    0x08007b7c   0x000001d8   Code   RO         6509    i.dns_send          dns.o
    0x08007d54   0x00000024   Code   RO         6510    i.dns_setserver     dns.o
    0x08007d78   0x0000000c   Code   RO         6512    i.dns_tmr           dns.o
    0x08007d84   0x000000a8   Code   RO         6838    i.do_memp_free_pool  memp.o
    0x08007e2c   0x000000b8   Code   RO         6839    i.do_memp_malloc_pool  memp.o
    0x08007ee4   0x000001fc   Code   RO         5502    i.err_tcp           api_msg.o
    0x080080e0   0x00000020   Code   RO         5734    i.err_to_errno      err.o
    0x08008100   0x00000038   Code   RO         8123    i.etharp_cleanup_netif  etharp.o
    0x08008138   0x00000308   Code   RO         8125    i.etharp_find_entry  etharp.o
    0x08008440   0x00000078   Code   RO         8126    i.etharp_free_entry  etharp.o
    0x080084b8   0x00000144   Code   RO         8128    i.etharp_input      etharp.o
    0x080085fc   0x00000210   Code   RO         8129    i.etharp_output     etharp.o
    0x0800880c   0x00000158   Code   RO         8130    i.etharp_output_to_arp_index  etharp.o
    0x08008964   0x000002ac   Code   RO         8131    i.etharp_query      etharp.o
    0x08008c10   0x00000180   Code   RO         8132    i.etharp_raw        etharp.o
    0x08008d90   0x0000001c   Code   RO         8133    i.etharp_request    etharp.o
    0x08008dac   0x0000002c   Code   RO         8134    i.etharp_request_dst  etharp.o
    0x08008dd8   0x000000e4   Code   RO         8135    i.etharp_tmr        etharp.o
    0x08008ebc   0x00000158   Code   RO         8136    i.etharp_update_arp_entry  etharp.o
    0x08009014   0x000000d8   Code   RO         8564    i.ethernet_input    ethernet.o
    0x080090ec   0x000001b8   Code   RO         4901    i.ethernet_link_check_state  ethernetif.o
    0x080092a4   0x000000f8   Code   RO         8565    i.ethernet_output   ethernet.o
    0x0800939c   0x000000c0   Code   RO         4902    i.ethernetif_init   ethernetif.o
    0x0800945c   0x000000b0   Code   RO         4903    i.ethernetif_input  ethernetif.o
    0x0800950c   0x00000164   Code   RO         5953    i.event_callback    sockets.o
    0x08009670   0x0000001c   Code   RO         4590    i.fputc             usart_bsp.o
    0x0800968c   0x00000032   Code   RO         5954    i.free_socket       sockets.o
    0x080096be   0x00000026   Code   RO         5955    i.free_socket_free_elements  sockets.o
    0x080096e4   0x00000018   Code   RO         5956    i.free_socket_locked  sockets.o
    0x080096fc   0x00000030   Code   RO         5957    i.get_socket        sockets.o
    0x0800972c   0x00000012   Code   RO         8220    i.icmp_dest_unreach  icmp.o
    0x0800973e   0x00000002   PAD
    0x08009740   0x000002b0   Code   RO         8221    i.icmp_input        icmp.o
    0x080099f0   0x00000120   Code   RO         8222    i.icmp_send_response  icmp.o
    0x08009b10   0x00000012   Code   RO         8223    i.icmp_time_exceeded  icmp.o
    0x08009b22   0x0000002a   Code   RO         8252    i.igmp_delaying_member  igmp.o
    0x08009b4c   0x00000024   Code   RO         8253    i.igmp_init         igmp.o
    0x08009b70   0x0000011c   Code   RO         8254    i.igmp_input        igmp.o
    0x08009c8c   0x0000003c   Code   RO         8255    i.igmp_ip_output_if  igmp.o
    0x08009cc8   0x00000150   Code   RO         8256    i.igmp_joingroup    igmp.o
    0x08009e18   0x000001e4   Code   RO         8257    i.igmp_joingroup_netif  igmp.o
    0x08009ffc   0x00000154   Code   RO         8258    i.igmp_leavegroup   igmp.o
    0x0800a150   0x000001f4   Code   RO         8259    i.igmp_leavegroup_netif  igmp.o
    0x0800a344   0x00000020   Code   RO         8260    i.igmp_lookfor_group  igmp.o
    0x0800a364   0x00000138   Code   RO         8261    i.igmp_lookup_group  igmp.o
    0x0800a49c   0x00000028   Code   RO         8262    i.igmp_remove_group  igmp.o
    0x0800a4c4   0x00000020   Code   RO         8263    i.igmp_report_groups  igmp.o
    0x0800a4e4   0x00000130   Code   RO         8264    i.igmp_send         igmp.o
    0x0800a614   0x00000048   Code   RO         8265    i.igmp_start        igmp.o
    0x0800a65c   0x00000026   Code   RO         8266    i.igmp_start_timer  igmp.o
    0x0800a682   0x00000002   PAD
    0x0800a684   0x00000038   Code   RO         8268    i.igmp_timeout      igmp.o
    0x0800a6bc   0x00000038   Code   RO         8269    i.igmp_tmr          igmp.o
    0x0800a6f4   0x00000014   Code   RO         6620    i.inet_chksum       inet_chksum.o
    0x0800a708   0x00000056   Code   RO         6621    i.inet_chksum_pbuf  inet_chksum.o
    0x0800a75e   0x0000004e   Code   RO         8439    i.ip4_addr_isbroadcast_u32  ip4_addr.o
    0x0800a7ac   0x000002b8   Code   RO         8495    i.ip4_frag          ip4_frag.o
    0x0800aa64   0x00000218   Code   RO         8368    i.ip4_input         ip4.o
    0x0800ac7c   0x0000003c   Code   RO         8369    i.ip4_input_accept  ip4.o
    0x0800acb8   0x00000034   Code   RO         8371    i.ip4_output_if     ip4.o
    0x0800acec   0x00000044   Code   RO         8372    i.ip4_output_if_opt  ip4.o
    0x0800ad30   0x000001f8   Code   RO         8373    i.ip4_output_if_opt_src  ip4.o
    0x0800af28   0x00000034   Code   RO         8374    i.ip4_output_if_src  ip4.o
    0x0800af5c   0x00000300   Code   RO         8496    i.ip4_reass         ip4_frag.o
    0x0800b25c   0x000000b4   Code   RO         8375    i.ip4_route         ip4.o
    0x0800b310   0x000001f8   Code   RO         8441    i.ip4addr_aton      ip4_addr.o
    0x0800b508   0x0000000a   Code   RO         8497    i.ip_frag_alloc_pbuf_custom_ref  ip4_frag.o
    0x0800b512   0x00000002   PAD
    0x0800b514   0x00000084   Code   RO         8498    i.ip_frag_free_pbuf_custom_ref  ip4_frag.o
    0x0800b598   0x000002ec   Code   RO         8499    i.ip_reass_chain_frag_into_datagram_and_validate  ip4_frag.o
    0x0800b884   0x000000ac   Code   RO         8500    i.ip_reass_dequeue_datagram  ip4_frag.o
    0x0800b930   0x00000058   Code   RO         8501    i.ip_reass_enqueue_new_datagram  ip4_frag.o
    0x0800b988   0x000001cc   Code   RO         8502    i.ip_reass_free_complete_datagram  ip4_frag.o
    0x0800bb54   0x00000088   Code   RO         8503    i.ip_reass_remove_oldest_datagram  ip4_frag.o
    0x0800bbdc   0x0000003c   Code   RO         8504    i.ip_reass_tmr      ip4_frag.o
    0x0800bc18   0x00000018   Code   RO         8444    i.ipaddr_addr       ip4_addr.o
    0x0800bc30   0x000000b4   Code   RO         8505    i.ipfrag_free_pbuf_custom  ip4_frag.o
    0x0800bce4   0x00000008   Code   RO         4035    i.key_task          main.o
    0x0800bcec   0x00000018   Code   RO         4036    i.led1_task         main.o
    0x0800bd04   0x000001a0   Code   RO         4904    i.low_level_init    ethernetif.o
    0x0800bea4   0x00000064   Code   RO         4905    i.low_level_input   ethernetif.o
    0x0800bf08   0x000000bc   Code   RO         4906    i.low_level_output  ethernetif.o
    0x0800bfc4   0x00000268   Code   RO         5958    i.lwip_accept       sockets.o
    0x0800c22c   0x00000138   Code   RO         5959    i.lwip_bind         sockets.o
    0x0800c364   0x000000f8   Code   RO         5960    i.lwip_close        sockets.o
    0x0800c45c   0x00000050   Code   RO         7908    i.lwip_cyclic_timer  timeouts.o
    0x0800c4ac   0x0000001a   Code   RO         6451    i.lwip_htonl        def.o
    0x0800c4c6   0x0000000c   Code   RO         6452    i.lwip_htons        def.o
    0x0800c4d2   0x00000002   PAD
    0x0800c4d4   0x00000098   Code   RO         6684    i.lwip_init         init.o
    0x0800c56c   0x00000098   Code   RO         5972    i.lwip_listen       sockets.o
    0x0800c604   0x0000004c   Code   RO         5503    i.lwip_netconn_do_bind  api_msg.o
    0x0800c650   0x0000014c   Code   RO         5505    i.lwip_netconn_do_close  api_msg.o
    0x0800c79c   0x00000348   Code   RO         5506    i.lwip_netconn_do_close_internal  api_msg.o
    0x0800cae4   0x00000214   Code   RO         5509    i.lwip_netconn_do_delconn  api_msg.o
    0x0800ccf8   0x00000124   Code   RO         5512    i.lwip_netconn_do_getaddr  api_msg.o
    0x0800ce1c   0x0000003e   Code   RO         5514    i.lwip_netconn_do_join_leave_group  api_msg.o
    0x0800ce5a   0x00000002   PAD
    0x0800ce5c   0x000000e0   Code   RO         5516    i.lwip_netconn_do_listen  api_msg.o
    0x0800cf3c   0x00000018   Code   RO         5517    i.lwip_netconn_do_newconn  api_msg.o
    0x0800cf54   0x00000048   Code   RO         5518    i.lwip_netconn_do_recv  api_msg.o
    0x0800cf9c   0x00000064   Code   RO         5519    i.lwip_netconn_do_send  api_msg.o
    0x0800d000   0x0000016c   Code   RO         5520    i.lwip_netconn_do_write  api_msg.o
    0x0800d16c   0x00000410   Code   RO         5521    i.lwip_netconn_do_writemore  api_msg.o
    0x0800d57c   0x000000a4   Code   RO         5522    i.lwip_netconn_err_to_msg  api_msg.o
    0x0800d620   0x000000b0   Code   RO         5523    i.lwip_netconn_is_err_msg  api_msg.o
    0x0800d6d0   0x00000048   Code   RO         5974    i.lwip_poll_should_wake  sockets.o
    0x0800d718   0x00000022   Code   RO         5978    i.lwip_recv         sockets.o
    0x0800d73a   0x00000002   PAD
    0x0800d73c   0x00000280   Code   RO         5979    i.lwip_recv_tcp     sockets.o
    0x0800d9bc   0x00000050   Code   RO         5980    i.lwip_recv_tcp_from  sockets.o
    0x0800da0c   0x00000110   Code   RO         5981    i.lwip_recvfrom     sockets.o
    0x0800db1c   0x000001cc   Code   RO         5982    i.lwip_recvfrom_udp_raw  sockets.o
    0x0800dce8   0x000000a8   Code   RO         5986    i.lwip_send         sockets.o
    0x0800dd90   0x000001a0   Code   RO         5988    i.lwip_sendto       sockets.o
    0x0800df30   0x00000080   Code   RO         5989    i.lwip_setsockopt   sockets.o
    0x0800dfb0   0x00000500   Code   RO         5990    i.lwip_setsockopt_impl  sockets.o
    0x0800e4b0   0x00000130   Code   RO         5992    i.lwip_sock_make_addr  sockets.o
    0x0800e5e0   0x000000c0   Code   RO         5993    i.lwip_socket       sockets.o
    0x0800e6a0   0x00000078   Code   RO         5995    i.lwip_socket_drop_registered_memberships  sockets.o
    0x0800e718   0x00000060   Code   RO         5996    i.lwip_socket_register_membership  sockets.o
    0x0800e778   0x00000080   Code   RO         5999    i.lwip_socket_unregister_membership  sockets.o
    0x0800e7f8   0x00000098   Code   RO         6000    i.lwip_sockopt_to_ipopt  sockets.o
    0x0800e890   0x0000005e   Code   RO         6628    i.lwip_standard_chksum  inet_chksum.o
    0x0800e8ee   0x00000016   Code   RO         6002    i.lwip_write        sockets.o
    0x0800e904   0x00000098   Code   RO         4037    i.main              main.o
    0x0800e99c   0x00000214   Code   RO         6767    i.mem_free          mem.o
    0x0800ebb0   0x000000e4   Code   RO         6768    i.mem_init          mem.o
    0x0800ec94   0x00000058   Code   RO         6769    i.mem_link_valid    mem.o
    0x0800ecec   0x000002b0   Code   RO         6770    i.mem_malloc        mem.o
    0x0800ef9c   0x00000010   Code   RO         6771    i.mem_to_ptr        mem.o
    0x0800efac   0x00000244   Code   RO         6772    i.mem_trim          mem.o
    0x0800f1f0   0x000000a0   Code   RO         6840    i.memp_free         memp.o
    0x0800f290   0x0000008c   Code   RO         6841    i.memp_free_pool    memp.o
    0x0800f31c   0x00000020   Code   RO         6842    i.memp_init         memp.o
    0x0800f33c   0x0000002c   Code   RO         6843    i.memp_init_pool    memp.o
    0x0800f368   0x000000a0   Code   RO         6844    i.memp_malloc       memp.o
    0x0800f408   0x00000088   Code   RO         6845    i.memp_malloc_pool  memp.o
    0x0800f490   0x00000020   Code   RO         5814    i.netbuf_delete     netbuf.o
    0x0800f4b0   0x00000094   Code   RO         5816    i.netbuf_free       netbuf.o
    0x0800f544   0x000000bc   Code   RO         5819    i.netbuf_ref        netbuf.o
    0x0800f600   0x00000168   Code   RO         5252    i.netconn_accept    api_lib.o
    0x0800f768   0x00000118   Code   RO         5524    i.netconn_alloc     api_msg.o
    0x0800f880   0x00000026   Code   RO         5253    i.netconn_apimsg    api_lib.o
    0x0800f8a6   0x00000002   PAD
    0x0800f8a8   0x000000b4   Code   RO         5254    i.netconn_bind      api_lib.o
    0x0800f95c   0x000000b0   Code   RO         5257    i.netconn_close_shutdown  api_lib.o
    0x0800fa0c   0x0000001e   Code   RO         5259    i.netconn_delete    api_lib.o
    0x0800fa2a   0x000000aa   Code   RO         5525    i.netconn_drain     api_msg.o
    0x0800fad4   0x00000022   Code   RO         5261    i.netconn_err       api_lib.o
    0x0800faf6   0x00000002   PAD
    0x0800faf8   0x00000174   Code   RO         5526    i.netconn_free      api_msg.o
    0x0800fc6c   0x00000138   Code   RO         5262    i.netconn_getaddr   api_lib.o
    0x0800fda4   0x000000d0   Code   RO         5264    i.netconn_join_leave_group  api_lib.o
    0x0800fe74   0x000000ac   Code   RO         5266    i.netconn_listen_with_backlog  api_lib.o
    0x0800ff20   0x00000194   Code   RO         5267    i.netconn_new_with_proto_and_callback  api_lib.o
    0x080100b4   0x00000030   Code   RO         5268    i.netconn_prepare_delete  api_lib.o
    0x080100e4   0x000001dc   Code   RO         5270    i.netconn_recv_data  api_lib.o
    0x080102c0   0x000000c6   Code   RO         5271    i.netconn_recv_data_tcp  api_lib.o
    0x08010386   0x00000002   PAD
    0x08010388   0x000000ac   Code   RO         5273    i.netconn_recv_tcp_pbuf_flags  api_lib.o
    0x08010434   0x000000b4   Code   RO         5275    i.netconn_recv_udp_raw_netbuf_flags  api_lib.o
    0x080104e8   0x000000ac   Code   RO         5276    i.netconn_send      api_lib.o
    0x08010594   0x000000b4   Code   RO         5279    i.netconn_tcp_recvd  api_lib.o
    0x08010648   0x000000b4   Code   RO         5280    i.netconn_tcp_recvd_msg  api_lib.o
    0x080106fc   0x00000028   Code   RO         5281    i.netconn_write_partly  api_lib.o
    0x08010724   0x000001d0   Code   RO         5282    i.netconn_write_vectors_partly  api_lib.o
    0x080108f4   0x0000024c   Code   RO         6942    i.netif_add         netif.o
    0x08010b40   0x00000018   Code   RO         6944    i.netif_do_ip_addr_changed  netif.o
    0x08010b58   0x0000002a   Code   RO         6945    i.netif_do_set_gw   netif.o
    0x08010b82   0x00000002   PAD
    0x08010b84   0x000000d0   Code   RO         6946    i.netif_do_set_ipaddr  netif.o
    0x08010c54   0x0000002a   Code   RO         6947    i.netif_do_set_netmask  netif.o
    0x08010c7e   0x00000002   PAD
    0x08010c80   0x00000050   Code   RO         6948    i.netif_find        netif.o
    0x08010cd0   0x00000028   Code   RO         6949    i.netif_get_by_index  netif.o
    0x08010cf8   0x00000002   Code   RO         6951    i.netif_init        netif.o
    0x08010cfa   0x00000002   PAD
    0x08010cfc   0x000000d4   Code   RO         6953    i.netif_issue_reports  netif.o
    0x08010dd0   0x00000008   Code   RO         6955    i.netif_null_output_ip4  netif.o
    0x08010dd8   0x00000060   Code   RO         6957    i.netif_set_addr    netif.o
    0x08010e38   0x00000010   Code   RO         6958    i.netif_set_default  netif.o
    0x08010e48   0x000000b4   Code   RO         6959    i.netif_set_down    netif.o
    0x08010efc   0x000000ac   Code   RO         6962    i.netif_set_link_down  netif.o
    0x08010fa8   0x000000b4   Code   RO         6963    i.netif_set_link_up  netif.o
    0x0801105c   0x000000a8   Code   RO         6965    i.netif_set_up      netif.o
    0x08011104   0x00000012   Code   RO         7121    i.pbuf_add_header   pbuf.o
    0x08011116   0x00000002   PAD
    0x08011118   0x000000e0   Code   RO         7123    i.pbuf_add_header_impl  pbuf.o
    0x080111f8   0x00000294   Code   RO         7124    i.pbuf_alloc        pbuf.o
    0x0801148c   0x000000b0   Code   RO         7125    i.pbuf_alloc_reference  pbuf.o
    0x0801153c   0x0000005a   Code   RO         7126    i.pbuf_alloced_custom  pbuf.o
    0x08011596   0x00000002   PAD
    0x08011598   0x00000140   Code   RO         7127    i.pbuf_cat          pbuf.o
    0x080116d8   0x0000001a   Code   RO         7128    i.pbuf_chain        pbuf.o
    0x080116f2   0x00000012   Code   RO         7129    i.pbuf_clen         pbuf.o
    0x08011704   0x000000a0   Code   RO         7130    i.pbuf_clone        pbuf.o
    0x080117a4   0x00000220   Code   RO         7132    i.pbuf_copy         pbuf.o
    0x080119c4   0x00000130   Code   RO         7133    i.pbuf_copy_partial  pbuf.o
    0x08011af4   0x000001a4   Code   RO         7135    i.pbuf_free         pbuf.o
    0x08011c98   0x0000001c   Code   RO         4907    i.pbuf_free_custom  ethernetif.o
    0x08011cb4   0x00000040   Code   RO         7136    i.pbuf_free_header  pbuf.o
    0x08011cf4   0x00000012   Code   RO         7140    i.pbuf_header_force  pbuf.o
    0x08011d06   0x00000022   Code   RO         7141    i.pbuf_header_impl  pbuf.o
    0x08011d28   0x0000001e   Code   RO         7142    i.pbuf_init_alloced_pbuf  pbuf.o
    0x08011d46   0x0000002a   Code   RO         7145    i.pbuf_put_at       pbuf.o
    0x08011d70   0x00000154   Code   RO         7146    i.pbuf_realloc      pbuf.o
    0x08011ec4   0x00000098   Code   RO         7147    i.pbuf_ref          pbuf.o
    0x08011f5c   0x000000e8   Code   RO         7148    i.pbuf_remove_header  pbuf.o
    0x08012044   0x0000001c   Code   RO         7149    i.pbuf_skip         pbuf.o
    0x08012060   0x00000022   Code   RO         7150    i.pbuf_skip_const   pbuf.o
    0x08012082   0x00000002   PAD
    0x08012084   0x000001b4   Code   RO         7152    i.pbuf_take         pbuf.o
    0x08012238   0x000000f8   Code   RO         7153    i.pbuf_take_at      pbuf.o
    0x08012330   0x000000fc   Code   RO         5527    i.pcb_new           api_msg.o
    0x0801242c   0x000001c8   Code   RO         6773    i.plug_holes        mem.o
    0x080125f4   0x000000f8   Code   RO         5528    i.poll_tcp          api_msg.o
    0x080126ec   0x00000098   Code   RO         9004    i.prvAddCurrentTaskToDelayedList  tasks.o
    0x08012784   0x000000b8   Code   RO         9005    i.prvAddNewTaskToReadyList  tasks.o
    0x0801283c   0x00000064   Code   RO         9417    i.prvCheckForValidListAndQueue  timers.o
    0x080128a0   0x00000064   Code   RO         9006    i.prvCheckTasksWaitingTermination  tasks.o
    0x08012904   0x0000002a   Code   RO         8762    i.prvCopyDataFromQueue  queue.o
    0x0801292e   0x0000007c   Code   RO         8763    i.prvCopyDataToQueue  queue.o
    0x080129aa   0x00000012   Code   RO         9007    i.prvDeleteTCB      tasks.o
    0x080129bc   0x00000028   Code   RO         9418    i.prvGetNextExpireTime  timers.o
    0x080129e4   0x0000007c   Code   RO         9559    i.prvHeapInit       heap_4.o
    0x08012a60   0x00000028   Code   RO         9008    i.prvIdleTask       tasks.o
    0x08012a88   0x0000001c   Code   RO         8764    i.prvInitialiseMutex  queue.o
    0x08012aa4   0x0000002e   Code   RO         8765    i.prvInitialiseNewQueue  queue.o
    0x08012ad2   0x00000092   Code   RO         9009    i.prvInitialiseNewTask  tasks.o
    0x08012b64   0x00000068   Code   RO         9010    i.prvInitialiseTaskLists  tasks.o
    0x08012bcc   0x00000068   Code   RO         9560    i.prvInsertBlockIntoFreeList  heap_4.o
    0x08012c34   0x00000058   Code   RO         9420    i.prvInsertTimerInActiveList  timers.o
    0x08012c8c   0x0000001a   Code   RO         8766    i.prvIsQueueEmpty   queue.o
    0x08012ca6   0x0000001e   Code   RO         8767    i.prvIsQueueFull    queue.o
    0x08012cc4   0x00000052   Code   RO         8768    i.prvNotifyQueueSetContainer  queue.o
    0x08012d16   0x00000002   PAD
    0x08012d18   0x0000004c   Code   RO         9421    i.prvProcessExpiredTimer  timers.o
    0x08012d64   0x000000d0   Code   RO         9422    i.prvProcessReceivedCommands  timers.o
    0x08012e34   0x00000074   Code   RO         9423    i.prvProcessTimerOrBlockTask  timers.o
    0x08012ea8   0x00000034   Code   RO         9012    i.prvResetNextTaskUnblockTime  tasks.o
    0x08012edc   0x0000002c   Code   RO         9424    i.prvSampleTimeNow  timers.o
    0x08012f08   0x00000084   Code   RO         9425    i.prvSwitchTimerLists  timers.o
    0x08012f8c   0x0000001a   Code   RO         9621    i.prvTaskExitError  port.o
    0x08012fa6   0x0000001a   Code   RO         9426    i.prvTimerTask      timers.o
    0x08012fc0   0x00000092   Code   RO         8769    i.prvUnlockQueue    queue.o
    0x08013052   0x00000002   PAD
    0x08013054   0x00000010   Code   RO         6774    i.ptr_to_mem        mem.o
    0x08013064   0x000000d0   Code   RO         9561    i.pvPortMalloc      heap_4.o
    0x08013134   0x00000020   Code   RO         9017    i.pvTaskIncrementMutexHeldCount  tasks.o
    0x08013154   0x0000002c   Code   RO         9622    i.pxPortInitialiseStack  port.o
    0x08013180   0x000001a4   Code   RO         5529    i.recv_tcp          api_msg.o
    0x08013324   0x00000180   Code   RO         5530    i.recv_udp          api_msg.o
    0x080134a4   0x00000108   Code   RO         6004    i.select_check_waiters  sockets.o
    0x080135ac   0x000000e0   Code   RO         5531    i.sent_tcp          api_msg.o
    0x0801368c   0x00000044   Code   RO         5532    i.setup_tcp         api_msg.o
    0x080136d0   0x0000007c   Code   RO         4038    i.start_task        main.o
    0x0801374c   0x0000004a   Code   RO         4982    i.sys_arch_mbox_fetch  sys_arch.o
    0x08013796   0x00000024   Code   RO         4983    i.sys_arch_mbox_tryfetch  sys_arch.o
    0x080137ba   0x0000000a   Code   RO         4984    i.sys_arch_protect  sys_arch.o
    0x080137c4   0x00000048   Code   RO         4985    i.sys_arch_sem_wait  sys_arch.o
    0x0801380c   0x0000000a   Code   RO         4987    i.sys_arch_unprotect  sys_arch.o
    0x08013816   0x00000002   PAD
    0x08013818   0x00000054   Code   RO         7909    i.sys_check_timeouts  timeouts.o
    0x0801386c   0x0000002c   Code   RO         4988    i.sys_init          sys_arch.o
    0x08013898   0x00000012   Code   RO         4990    i.sys_mbox_free     sys_arch.o
    0x080138aa   0x00000020   Code   RO         4991    i.sys_mbox_new      sys_arch.o
    0x080138ca   0x00000006   Code   RO         4993    i.sys_mbox_set_invalid  sys_arch.o
    0x080138d0   0x0000001e   Code   RO         4994    i.sys_mbox_trypost  sys_arch.o
    0x080138ee   0x0000000e   Code   RO         4996    i.sys_mbox_valid    sys_arch.o
    0x080138fc   0x00000012   Code   RO         4998    i.sys_mutex_lock    sys_arch.o
    0x0801390e   0x00000002   PAD
    0x08013910   0x0000003c   Code   RO         4999    i.sys_mutex_new     sys_arch.o
    0x0801394c   0x00000012   Code   RO         5001    i.sys_mutex_unlock  sys_arch.o
    0x0801395e   0x00000002   PAD
    0x08013960   0x00000014   Code   RO         5002    i.sys_now           sys_arch.o
    0x08013974   0x00000010   Code   RO         5003    i.sys_sem_free      sys_arch.o
    0x08013984   0x0000005c   Code   RO         5004    i.sys_sem_new       sys_arch.o
    0x080139e0   0x00000006   Code   RO         5005    i.sys_sem_set_invalid  sys_arch.o
    0x080139e6   0x00000002   PAD
    0x080139e8   0x0000003c   Code   RO         5006    i.sys_sem_signal    sys_arch.o
    0x08013a24   0x0000000e   Code   RO         5007    i.sys_sem_valid     sys_arch.o
    0x08013a32   0x00000002   PAD
    0x08013a34   0x0000006c   Code   RO         5008    i.sys_thread_new    sys_arch.o
    0x08013aa0   0x000000c0   Code   RO         7911    i.sys_timeout       timeouts.o
    0x08013b60   0x00000130   Code   RO         7912    i.sys_timeout_abs   timeouts.o
    0x08013c90   0x00000028   Code   RO         7913    i.sys_timeouts_init  timeouts.o
    0x08013cb8   0x000000bc   Code   RO         7914    i.sys_timeouts_sleeptime  timeouts.o
    0x08013d74   0x000001bc   Code   RO         7372    i.tcp_abandon       tcp.o
    0x08013f30   0x0000000e   Code   RO         7373    i.tcp_abort         tcp.o
    0x08013f3e   0x00000010   Code   RO         7374    i.tcp_accept        tcp.o
    0x08013f4e   0x00000002   PAD
    0x08013f50   0x00000094   Code   RO         7375    i.tcp_accept_null   tcp.o
    0x08013fe4   0x000000d0   Code   RO         7376    i.tcp_alloc         tcp.o
    0x080140b4   0x00000006   Code   RO         7377    i.tcp_arg           tcp.o
    0x080140ba   0x00000002   PAD
    0x080140bc   0x00000164   Code   RO         7378    i.tcp_bind          tcp.o
    0x08014220   0x00000012   Code   RO         7379    i.tcp_bind_netif    tcp.o
    0x08014232   0x00000002   PAD
    0x08014234   0x000000a4   Code   RO         7380    i.tcp_close         tcp.o
    0x080142d8   0x000001fc   Code   RO         7381    i.tcp_close_shutdown  tcp.o
    0x080144d4   0x000000d8   Code   RO         7382    i.tcp_close_shutdown_fin  tcp.o
    0x080145ac   0x000001d0   Code   RO         7757    i.tcp_create_segment  tcp_out.o
    0x0801477c   0x000000c4   Code   RO         7385    i.tcp_eff_send_mss_netif  tcp.o
    0x08014840   0x000002bc   Code   RO         7758    i.tcp_enqueue_flags  tcp_out.o
    0x08014afc   0x0000009c   Code   RO         7386    i.tcp_err           tcp.o
    0x08014b98   0x000000a4   Code   RO         7387    i.tcp_fasttmr       tcp.o
    0x08014c3c   0x00000084   Code   RO         7388    i.tcp_free          tcp.o
    0x08014cc0   0x00000158   Code   RO         7685    i.tcp_free_acked_segments  tcp_in.o
    0x08014e18   0x0000008c   Code   RO         7389    i.tcp_free_listen   tcp.o
    0x08014ea4   0x00000048   Code   RO         7686    i.tcp_get_next_optbyte  tcp_in.o
    0x08014eec   0x00000038   Code   RO         7390    i.tcp_handle_closepend  tcp.o
    0x08014f24   0x00000018   Code   RO         7391    i.tcp_init          tcp.o
    0x08014f3c   0x00000820   Code   RO         7687    i.tcp_input         tcp_in.o
    0x0801575c   0x000000d8   Code   RO         7688    i.tcp_input_delayed_close  tcp_in.o
    0x08015834   0x000000e0   Code   RO         7759    i.tcp_keepalive     tcp_out.o
    0x08015914   0x0000006c   Code   RO         7392    i.tcp_kill_prio     tcp.o
    0x08015980   0x000000c4   Code   RO         7393    i.tcp_kill_state    tcp.o
    0x08015a44   0x00000040   Code   RO         7394    i.tcp_kill_timewait  tcp.o
    0x08015a84   0x000000c4   Code   RO         7395    i.tcp_listen_closed  tcp.o
    0x08015b48   0x000001ec   Code   RO         7689    i.tcp_listen_input  tcp_in.o
    0x08015d34   0x000001b4   Code   RO         7397    i.tcp_listen_with_backlog_and_err  tcp.o
    0x08015ee8   0x0000004c   Code   RO         7398    i.tcp_netif_ip_addr_changed  tcp.o
    0x08015f34   0x000000c4   Code   RO         7399    i.tcp_netif_ip_addr_changed_pcblist  tcp.o
    0x08015ff8   0x00000010   Code   RO         7401    i.tcp_new_ip_type   tcp.o
    0x08016008   0x00000068   Code   RO         7402    i.tcp_new_port      tcp.o
    0x08016070   0x0000009c   Code   RO         7403    i.tcp_next_iss      tcp.o
    0x0801610c   0x00000364   Code   RO         7760    i.tcp_output        tcp_out.o
    0x08016470   0x000000cc   Code   RO         7761    i.tcp_output_alloc_header  tcp_out.o
    0x0801653c   0x00000114   Code   RO         7762    i.tcp_output_alloc_header_common  tcp_out.o
    0x08016650   0x000000ec   Code   RO         7763    i.tcp_output_control_segment  tcp_out.o
    0x0801673c   0x00000114   Code   RO         7764    i.tcp_output_fill_options  tcp_out.o
    0x08016850   0x00000244   Code   RO         7765    i.tcp_output_segment  tcp_out.o
    0x08016a94   0x000000a4   Code   RO         7766    i.tcp_output_segment_busy  tcp_out.o
    0x08016b38   0x00000138   Code   RO         7690    i.tcp_parseopt      tcp_in.o
    0x08016c70   0x00000164   Code   RO         7767    i.tcp_pbuf_prealloc  tcp_out.o
    0x08016dd4   0x000000d8   Code   RO         7404    i.tcp_pcb_purge     tcp.o
    0x08016eac   0x00000190   Code   RO         7405    i.tcp_pcb_remove    tcp.o
    0x0801703c   0x000000c8   Code   RO         7406    i.tcp_poll          tcp.o
    0x08017104   0x0000075c   Code   RO         7691    i.tcp_process       tcp_in.o
    0x08017860   0x00000130   Code   RO         7407    i.tcp_process_refused_data  tcp.o
    0x08017990   0x000007e0   Code   RO         7692    i.tcp_receive       tcp_in.o
    0x08018170   0x0000009c   Code   RO         7408    i.tcp_recv          tcp.o
    0x0801820c   0x000000b0   Code   RO         7409    i.tcp_recv_null     tcp.o
    0x080182bc   0x00000114   Code   RO         7410    i.tcp_recved        tcp.o
    0x080183d0   0x000000a4   Code   RO         7411    i.tcp_remove_listener  tcp.o
    0x08018474   0x000000f4   Code   RO         7768    i.tcp_rexmit        tcp_out.o
    0x08018568   0x00000100   Code   RO         7769    i.tcp_rexmit_fast   tcp_out.o
    0x08018668   0x00000094   Code   RO         7770    i.tcp_rexmit_rto    tcp_out.o
    0x080186fc   0x000000a8   Code   RO         7771    i.tcp_rexmit_rto_commit  tcp_out.o
    0x080187a4   0x00000118   Code   RO         7772    i.tcp_rexmit_rto_prepare  tcp_out.o
    0x080188bc   0x0000001e   Code   RO         7773    i.tcp_route         tcp_out.o
    0x080188da   0x00000002   PAD
    0x080188dc   0x0000011c   Code   RO         7774    i.tcp_rst           tcp_out.o
    0x080189f8   0x0000001a   Code   RO         7412    i.tcp_seg_free      tcp.o
    0x08018a12   0x00000018   Code   RO         7413    i.tcp_segs_free     tcp.o
    0x08018a2a   0x00000002   PAD
    0x08018a2c   0x00000138   Code   RO         7775    i.tcp_send_empty_ack  tcp_out.o
    0x08018b64   0x000000d0   Code   RO         7776    i.tcp_send_fin      tcp_out.o
    0x08018c34   0x0000009c   Code   RO         7414    i.tcp_sent          tcp.o
    0x08018cd0   0x0000002c   Code   RO         4751    i.tcp_server_init   app_ethernet.o
    0x08018cfc   0x0000002c   Code   RO         4752    i.tcp_server_loop   app_ethernet.o
    0x08018d28   0x00000364   Code   RO         4753    i.tcp_server_socket  app_ethernet.o
    0x0801908c   0x000000e8   Code   RO         7416    i.tcp_shutdown      tcp.o
    0x08019174   0x00000730   Code   RO         7417    i.tcp_slowtmr       tcp.o
    0x080198a4   0x000002d4   Code   RO         7777    i.tcp_split_unsent_seg  tcp_out.o
    0x08019b78   0x00000038   Code   RO         7916    i.tcp_timer_needed  timeouts.o
    0x08019bb0   0x00000130   Code   RO         7693    i.tcp_timewait_input  tcp_in.o
    0x08019ce0   0x00000024   Code   RO         7419    i.tcp_tmr           tcp.o
    0x08019d04   0x00000014   Code   RO         7694    i.tcp_trigger_input_pcb_close  tcp_in.o
    0x08019d18   0x00000108   Code   RO         7421    i.tcp_update_rcv_ann_wnd  tcp.o
    0x08019e20   0x000008f4   Code   RO         7778    i.tcp_write         tcp_out.o
    0x0801a714   0x000001ac   Code   RO         7779    i.tcp_write_checks  tcp_out.o
    0x0801a8c0   0x00000178   Code   RO         7780    i.tcp_zero_window_probe  tcp_out.o
    0x0801aa38   0x00000114   Code   RO         6313    i.tcpip_init        tcpip.o
    0x0801ab4c   0x000000bc   Code   RO         6314    i.tcpip_inpkt       tcpip.o
    0x0801ac08   0x00000030   Code   RO         6315    i.tcpip_input       tcpip.o
    0x0801ac38   0x00000020   Code   RO         6316    i.tcpip_send_msg_wait_sem  tcpip.o
    0x0801ac58   0x00000038   Code   RO         7917    i.tcpip_tcp_timer   timeouts.o
    0x0801ac90   0x000000c4   Code   RO         6317    i.tcpip_thread      tcpip.o
    0x0801ad54   0x000000d4   Code   RO         6318    i.tcpip_thread_handle_msg  tcpip.o
    0x0801ae28   0x00000060   Code   RO         6319    i.tcpip_timeouts_mbox_fetch  tcpip.o
    0x0801ae88   0x0000001a   Code   RO         6005    i.tryget_socket     sockets.o
    0x0801aea2   0x00000010   Code   RO         6006    i.tryget_socket_unconn  sockets.o
    0x0801aeb2   0x00000002   PAD
    0x0801aeb4   0x00000020   Code   RO         6008    i.tryget_socket_unconn_nouse  sockets.o
    0x0801aed4   0x00000134   Code   RO         7993    i.udp_bind          udp.o
    0x0801b008   0x00000012   Code   RO         7994    i.udp_bind_netif    udp.o
    0x0801b01a   0x00000002   PAD
    0x0801b01c   0x00000018   Code   RO         7997    i.udp_init          udp.o
    0x0801b034   0x00000270   Code   RO         7998    i.udp_input         udp.o
    0x0801b2a4   0x00000128   Code   RO         7999    i.udp_input_local_match  udp.o
    0x0801b3cc   0x00000030   Code   RO         8000    i.udp_netif_ip_addr_changed  udp.o
    0x0801b3fc   0x0000001e   Code   RO         8001    i.udp_new           udp.o
    0x0801b41a   0x0000000e   Code   RO         8002    i.udp_new_ip_type   udp.o
    0x0801b428   0x00000058   Code   RO         8003    i.udp_new_port      udp.o
    0x0801b480   0x0000008c   Code   RO         8004    i.udp_recv          udp.o
    0x0801b50c   0x000000c0   Code   RO         8005    i.udp_remove        udp.o
    0x0801b5cc   0x000000c8   Code   RO         8006    i.udp_send          udp.o
    0x0801b694   0x00000178   Code   RO         8007    i.udp_sendto        udp.o
    0x0801b80c   0x00000184   Code   RO         8008    i.udp_sendto_if     udp.o
    0x0801b990   0x000002e8   Code   RO         8009    i.udp_sendto_if_src  udp.o
    0x0801bc78   0x00000028   Code   RO         8713    i.uxListRemove      list.o
    0x0801bca0   0x00000012   Code   RO         8772    i.uxQueueMessagesWaiting  queue.o
    0x0801bcb2   0x0000001a   Code   RO         8714    i.vListInitialise   list.o
    0x0801bccc   0x00000006   Code   RO         8715    i.vListInitialiseItem  list.o
    0x0801bcd2   0x00000034   Code   RO         8716    i.vListInsert       list.o
    0x0801bd06   0x00000018   Code   RO         8717    i.vListInsertEnd    list.o
    0x0801bd1e   0x00000002   PAD
    0x0801bd20   0x00000028   Code   RO         9624    i.vPortEnterCritical  port.o
    0x0801bd48   0x00000020   Code   RO         9625    i.vPortExitCritical  port.o
    0x0801bd68   0x00000048   Code   RO         9562    i.vPortFree         heap_4.o
    0x0801bdb0   0x00000020   Code   RO         9626    i.vPortSetupTimerInterrupt  port.o
    0x0801bdd0   0x0000002c   Code   RO         8775    i.vQueueAddToRegistry  queue.o
    0x0801bdfc   0x00000014   Code   RO         8776    i.vQueueDelete      queue.o
    0x0801be10   0x00000030   Code   RO         8778    i.vQueueUnregisterQueue  queue.o
    0x0801be40   0x0000004a   Code   RO         8779    i.vQueueWaitForMessageRestricted  queue.o
    0x0801be8a   0x00000002   PAD
    0x0801be8c   0x00000034   Code   RO         9026    i.vTaskDelay        tasks.o
    0x0801bec0   0x000000cc   Code   RO         9028    i.vTaskDelete       tasks.o
    0x0801bf8c   0x0000000c   Code   RO         9033    i.vTaskMissedYield  tasks.o
    0x0801bf98   0x00000020   Code   RO         9036    i.vTaskPlaceOnEventList  tasks.o
    0x0801bfb8   0x00000028   Code   RO         9037    i.vTaskPlaceOnEventListRestricted  tasks.o
    0x0801bfe0   0x000000b0   Code   RO         9039    i.vTaskPriorityInherit  tasks.o
    0x0801c090   0x00000018   Code   RO         9043    i.vTaskSetTimeOutState  tasks.o
    0x0801c0a8   0x00000078   Code   RO         9046    i.vTaskStartScheduler  tasks.o
    0x0801c120   0x00000010   Code   RO         9048    i.vTaskSuspendAll   tasks.o
    0x0801c130   0x000000a4   Code   RO         9049    i.vTaskSwitchContext  tasks.o
    0x0801c1d4   0x00000048   Code   RO         9627    i.xPortStartScheduler  port.o
    0x0801c21c   0x00000038   Code   RO         9628    i.xPortSysTickHandler  port.o
    0x0801c254   0x0000001a   Code   RO         8781    i.xQueueCreateCountingSemaphore  queue.o
    0x0801c26e   0x00000022   Code   RO         8782    i.xQueueCreateMutex  queue.o
    0x0801c290   0x00000038   Code   RO         8784    i.xQueueGenericCreate  queue.o
    0x0801c2c8   0x0000015c   Code   RO         8785    i.xQueueGenericReceive  queue.o
    0x0801c424   0x00000080   Code   RO         8786    i.xQueueGenericReset  queue.o
    0x0801c4a4   0x00000138   Code   RO         8787    i.xQueueGenericSend  queue.o
    0x0801c5dc   0x000000a0   Code   RO         8788    i.xQueueGenericSendFromISR  queue.o
    0x0801c67c   0x00000092   Code   RO         8789    i.xQueueGiveFromISR  queue.o
    0x0801c70e   0x00000002   PAD
    0x0801c710   0x0000005c   Code   RO         9050    i.xTaskCheckForTimeOut  tasks.o
    0x0801c76c   0x00000060   Code   RO         9051    i.xTaskCreate       tasks.o
    0x0801c7cc   0x00000020   Code   RO         9056    i.xTaskGetSchedulerState  tasks.o
    0x0801c7ec   0x0000000c   Code   RO         9057    i.xTaskGetTickCount  tasks.o
    0x0801c7f8   0x0000011c   Code   RO         9059    i.xTaskIncrementTick  tasks.o
    0x0801c914   0x00000084   Code   RO         9062    i.xTaskPriorityDisinherit  tasks.o
    0x0801c998   0x00000080   Code   RO         9063    i.xTaskRemoveFromEventList  tasks.o
    0x0801ca18   0x000000e8   Code   RO         9065    i.xTaskResumeAll    tasks.o
    0x0801cb00   0x00000040   Code   RO         9430    i.xTimerCreateTimerTask  timers.o
    0x0801cb40   0x0000006c   Code   RO         9431    i.xTimerGenericCommand  timers.o
    0x0801cbac   0x00000010   Data   RO           15    .constdata          system_stm32h7xx.o
    0x0801cbbc   0x00000010   Data   RO         4912    .constdata          ethernetif.o
    0x0801cbcc   0x00000003   Data   RO         5533    .constdata          api_msg.o
    0x0801cbcf   0x00000001   PAD
    0x0801cbd0   0x00000044   Data   RO         5736    .constdata          err.o
    0x0801cc14   0x0000012c   Data   RO         6847    .constdata          memp.o
    0x0801cd40   0x00000050   Data   RO         7422    .constdata          tcp.o
    0x0801cd90   0x0000002c   Data   RO         7918    .constdata          timeouts.o
    0x0801cdbc   0x00000008   Data   RO         8446    .constdata          ip4_addr.o
    0x0801cdc4   0x0000000c   Data   RO         8566    .constdata          ethernet.o
    0x0801cdd0   0x00000081   Data   RO         9706    .constdata          mc_w.l(ctype_o.o)
    0x0801ce51   0x00000003   PAD
    0x0801ce54   0x00000004   Data   RO         9707    .constdata          mc_w.l(ctype_o.o)
    0x0801ce58   0x00000013   Data   RO         4755    .conststring        app_ethernet.o
    0x0801ce6b   0x00000001   PAD
    0x0801ce6c   0x00000017   Data   RO         4913    .conststring        ethernetif.o
    0x0801ce83   0x00000001   PAD
    0x0801ce84   0x00000041   Data   RO         6685    .conststring        init.o
    0x0801cec5   0x00000003   PAD
    0x0801cec8   0x000000ac   Data   RO         6848    .conststring        memp.o
    0x0801cf74   0x0000006d   Data   RO         7423    .conststring        tcp.o
    0x0801cfe1   0x00000003   PAD
    0x0801cfe4   0x00000055   Data   RO         7781    .conststring        tcp_out.o
    0x0801d039   0x00000003   PAD
    0x0801d03c   0x00000041   Data   RO         8138    .conststring        etharp.o
    0x0801d07d   0x00000003   PAD
    0x0801d080   0x00000041   Data   RO         8270    .conststring        igmp.o
    0x0801d0c1   0x00000003   PAD
    0x0801d0c4   0x00000020   Data   RO        10071    Region$$Table       anon$$obj.o


    Execution Region RW_IRAM1 (Base: 0x20000000, Size: 0x00000000, Max: 0x00020000, ABSOLUTE)

    **** No section assigned to this execution region ****


    Execution Region RW_IRAM2 (Base: 0x24000000, Size: 0x0001ff20, Max: 0x00080000, ABSOLUTE, COMPRESSED[0x00000024])

    Base Addr    Size         Type   Attr      Idx    E Section Name        Object

    0x24000000   0x00000008   Data   RW           16    .data               system_stm32h7xx.o
    0x24000008   0x00000009   Data   RW          212    .data               stm32h7xx_hal.o
    0x24000011   0x00000003   PAD
    0x24000014   0x00000004   Data   RW         3928    .data               core_delay.o
    0x24000018   0x00000010   Data   RW         4039    .data               main.o
    0x24000028   0x00000008   Data   RW         4592    .data               usart_bsp.o
    0x24000030   0x00000008   Data   RW         4705    .data               timer_bsp.o
    0x24000038   0x0000001d   Data   RW         4756    .data               app_ethernet.o
    0x24000055   0x00000003   PAD
    0x24000058   0x00000018   Data   RW         4914    .data               ethernetif.o
    0x24000070   0x0000000a   Data   RW         5010    .data               sys_arch.o
    0x2400007a   0x00000002   PAD
    0x2400007c   0x00000004   Data   RW         6010    .data               sockets.o
    0x24000080   0x00000010   Data   RW         6321    .data               tcpip.o
    0x24000090   0x0000000c   Data   RW         6515    .data               dns.o
    0x2400009c   0x00000010   Data   RW         6776    .data               mem.o
    0x240000ac   0x0000003c   Data   RW         6849    .data               memp.o
    0x240000e8   0x00000009   Data   RW         6966    .data               netif.o
    0x240000f1   0x00000003   PAD
    0x240000f4   0x00000020   Data   RW         7424    .data               tcp.o
    0x24000114   0x00000028   Data   RW         7696    .data               tcp_in.o
    0x2400013c   0x0000000c   Data   RW         7919    .data               timeouts.o
    0x24000148   0x00000008   Data   RW         8010    .data               udp.o
    0x24000150   0x00000001   Data   RW         8139    .data               etharp.o
    0x24000151   0x00000003   PAD
    0x24000154   0x00000008   Data   RW         8271    .data               igmp.o
    0x2400015c   0x00000008   Data   RW         8377    .data               ip4.o
    0x24000164   0x00000006   Data   RW         8506    .data               ip4_frag.o
    0x2400016a   0x00000002   PAD
    0x2400016c   0x00000044   Data   RW         9068    .data               tasks.o
    0x240001b0   0x00000014   Data   RW         9439    .data               timers.o
    0x240001c4   0x00000018   Data   RW         9567    .data               heap_4.o
    0x240001dc   0x00000004   Data   RW         9629    .data               port.o
    0x240001e0   0x00000004   Data   RW         9736    .data               mc_w.l(rand.o)
    0x240001e4   0x00000004   Data   RW        10044    .data               mc_w.l(errno.o)
    0x240001e8   0x00000154   Zero   RW         4591    .bss                usart_bsp.o
    0x2400033c   0x00000040   Zero   RW         4704    .bss                timer_bsp.o
    0x2400037c   0x00000614   Zero   RW         4754    .bss                app_ethernet.o
    0x24000990   0x0000029b   Zero   RW         4911    .bss                ethernetif.o
    0x24000c2b   0x00000001   PAD
    0x24000c2c   0x00000020   Zero   RW         5009    .bss                sys_arch.o
    0x24000c4c   0x00000070   Zero   RW         6009    .bss                sockets.o
    0x24000cbc   0x00000480   Zero   RW         6513    .bss                dns.o
    0x2400113c   0x00000018   Zero   RW         6751    .bss                ip.o
    0x24001154   0x00006413   Zero   RW         6775    .bss                mem.o
    0x24007567   0x0000c969   Zero   RW         6846    .bss                memp.o
    0x24013ed0   0x00000014   Zero   RW         7695    .bss                tcp_in.o
    0x24013ee4   0x000000f0   Zero   RW         8137    .bss                etharp.o
    0x24013fd4   0x00000040   Zero   RW         8799    .bss                queue.o
    0x24014014   0x000002e4   Zero   RW         9067    .bss                tasks.o
    0x240142f8   0x00000028   Zero   RW         9438    .bss                timers.o
    0x24014320   0x0000b800   Zero   RW         9566    .bss                heap_4.o
    0x2401fb20   0x00000400   Zero   RW            1    STACK               startup_stm32h743xx.o



  Load Region LR$$.ARM.__AT_0x30040000 (Base: 0x30040000, Size: 0x00000000, Max: 0x00000060, ABSOLUTE)

    Execution Region ER$$.ARM.__AT_0x30040000 (Base: 0x30040000, Size: 0x00000060, Max: 0x00000060, ABSOLUTE, UNINIT)

    Base Addr    Size         Type   Attr      Idx    E Section Name        Object

    0x30040000   0x00000060   Zero   RW         4908    .ARM.__AT_0x30040000  ethernetif.o



  Load Region LR$$.ARM.__AT_0x30040060 (Base: 0x30040060, Size: 0x00000000, Max: 0x00000060, ABSOLUTE)

    Execution Region ER$$.ARM.__AT_0x30040060 (Base: 0x30040060, Size: 0x00000060, Max: 0x00000060, ABSOLUTE, UNINIT)

    Base Addr    Size         Type   Attr      Idx    E Section Name        Object

    0x30040060   0x00000060   Zero   RW         4909    .ARM.__AT_0x30040060  ethernetif.o



  Load Region LR$$.ARM.__AT_0x30040200 (Base: 0x30040200, Size: 0x00000000, Max: 0x00001800, ABSOLUTE)

    Execution Region ER$$.ARM.__AT_0x30040200 (Base: 0x30040200, Size: 0x00001800, Max: 0x00001800, ABSOLUTE, UNINIT)

    Base Addr    Size         Type   Attr      Idx    E Section Name        Object

    0x30040200   0x00001800   Zero   RW         4910    .ARM.__AT_0x30040200  ethernetif.o


==============================================================================

Image component sizes


      Code (inc. data)   RO Data    RW Data    ZI Data      Debug   Object Name

      4024       1894          0          0          0      45409   api_lib.o
      7628       2688          3          0          0      39867   api_msg.o
      1340        690         19         29       1556      23588   app_ethernet.o
       170         16          0          4          0       2627   core_delay.o
        38          0          0          0          0       1074   def.o
      1326        296          0         12       1152      11717   dns.o
        32          6         68          0          0       1191   err.o
      3860       1092         65          1        240      11851   etharp.o
       464        134         12          0          0       2646   ethernet.o
      1616        566         39         24       7003      44333   ethernetif.o
         0          0          0          0          0       2420   event_groups.o
       508         62          0         24      47104       4023   heap_4.o
      1012        310          0          0          0       4658   icmp.o
      3024       1234         65          8          0      14577   igmp.o
       200          0          0          0          0       2716   inet_chksum.o
       152         76         65          0          0       1640   init.o
         0          0          0          0         24       3154   ip.o
      1452        176          0          8          0       7768   ip4.o
       606         98          8          0          0      12367   ip4_addr.o
      3450       1052          0          6          0      12094   ip4_frag.o
       410         44          0          0          0       3876   key_bsp.o
       836         38          0          0          0       5692   lan8720a.o
        68         10          0          0          0        935   led_bsp.o
       148          0          0          0          0       3322   list.o
       556        130          0         16          0      44946   main.o
      2604       1022          0         16      25619       7997   mem.o
      1024        620        472         60      51561      12358   memp.o
       452         28          0          0          0       2298   mpu_bsp.o
       760         52          0          0          0       5074   myiic.o
       368        198          0          0          0      11103   netbuf.o
      2058        866          0          9          0      16077   netif.o
         0          0          0          0          0       2188   netifapi.o
      4618       1908          0          0          0      19764   pbuf.o
       218          8          0          0          0       2863   pcf8574.o
       488         58          0          4          0       9760   port.o
      1938         26          0          0         64      18409   queue.o
      7018       1436          0          4        112      51103   sockets.o
        36          8        664          0       1024        960   startup_stm32h743xx.o
       254         52          0          9          0      23394   stm32h7xx_hal.o
       498         32          0          0          0      41721   stm32h7xx_hal_cortex.o
       672          8          0          0          0       2355   stm32h7xx_hal_dma.o
      4924         90          0          0          0      24046   stm32h7xx_hal_eth.o
       594         56          0          0          0       4315   stm32h7xx_hal_gpio.o
        96          6          0          0          0        773   stm32h7xx_hal_pwr_ex.o
      3308        102          0          0          0       6608   stm32h7xx_hal_rcc.o
      4800        122          0          0          0       7783   stm32h7xx_hal_rcc_ex.o
       762         40          0          0          0       6418   stm32h7xx_hal_tim.o
         6          0          0          0          0       2180   stm32h7xx_hal_tim_ex.o
      7384        158          0          0          0      13774   stm32h7xx_hal_uart.o
         6          0          0          0          0       2213   stm32h7xx_hal_uart_ex.o
        76          0          0          0          0      11675   stm32h7xx_it.o
        16          0          0          0          0      35643   sys.o
       758        142          0         10         32      16200   sys_arch.o
       168         22         16          8          0    1281505   system_stm32h7xx.o
      2676        412          0         68        740      29867   tasks.o
      8984       3800        189         32          0      41841   tcp.o
      7740       1868          0         40         20      20931   tcp_in.o
     10098       3786         85          0          0      33106   tcp_out.o
      1048        506          0         16          0       8905   tcpip.o
      1000        444         44         12          0       7195   timeouts.o
       140         28          0          8         64       3082   timer_bsp.o
      1002        116          0         20         40       8991   timers.o
      3490       1400          0          8          0      14166   udp.o
       320         32          0          8        340       4559   usart_bsp.o

    ----------------------------------------------------------------------
    115424      30064       1864        480     136696    2121691   Object Totals
         0          0         32          0          0          0   (incl. Generated)
       102          0         18         16          1          0   (incl. Padding)

    ----------------------------------------------------------------------

      Code (inc. data)   RO Data    RW Data    ZI Data      Debug   Library Member Name

        86          0          0          0          0          0   __dczerorl2.o
        28          0          0          0          0         68   _chval.o
       158          0          0          0          0         92   _strtoul.o
        26          0          0          0          0         80   atoi.o
         8          4        133          0          0         68   ctype_o.o
         0          0          0          0          0          0   entry.o
         0          0          0          0          0          0   entry10a.o
         0          0          0          0          0          0   entry11a.o
         8          4          0          0          0          0   entry2.o
         4          0          0          0          0          0   entry5.o
         0          0          0          0          0          0   entry7b.o
         0          0          0          0          0          0   entry8b.o
         8          4          0          0          0          0   entry9a.o
         8          4          0          4          0         68   errno.o
        30          0          0          0          0          0   handlers.o
        36          8          0          0          0         68   init.o
        30          0          0          0          0         68   llshl.o
        32          0          0          0          0         68   llushr.o
        26          0          0          0          0         80   memcmp.o
        64          0          0          0          0         76   memmovea.o
        36          0          0          0          0        108   memseta.o
       736         56          0          0          0        184   printf5.o
        36         10          0          4          0        136   rand.o
        14          0          0          0          0         68   strlen.o
       112          0          0          0          0         88   strtol.o
        98          0          0          0          0         92   uldiv.o

    ----------------------------------------------------------------------
      1588         90        136          8          0       1412   Library Totals
         4          0          3          0          0          0   (incl. Padding)

    ----------------------------------------------------------------------

      Code (inc. data)   RO Data    RW Data    ZI Data      Debug   Library Name

      1584         90        133          8          0       1412   mc_w.l

    ----------------------------------------------------------------------
      1588         90        136          8          0       1412   Library Totals

    ----------------------------------------------------------------------

==============================================================================


      Code (inc. data)   RO Data    RW Data    ZI Data      Debug   

    117012      30154       2000        488     136696    2066463   Grand Totals
    117012      30154       2000         36     136696    2066463   ELF Image Totals (compressed)
    117012      30154       2000         36          0          0   ROM Totals

==============================================================================

    Total RO  Size (Code + RO Data)               119012 ( 116.22kB)
    Total RW  Size (RW Data + ZI Data)            137184 ( 133.97kB)
    Total ROM Size (Code + RO Data + RW Data)     119048 ( 116.26kB)

==============================================================================

