Component: ARM Compiler 5.06 update 3 (build 300) Tool: armlink [4d35c9]

==============================================================================

Section Cross References

    startup_stm32h743xx.o(RESET) refers to startup_stm32h743xx.o(STACK) for __initial_sp
    startup_stm32h743xx.o(RESET) refers to startup_stm32h743xx.o(.text) for Reset_Handler
    startup_stm32h743xx.o(RESET) refers to stm32h7xx_it.o(i.NMI_Handler) for NMI_Handler
    startup_stm32h743xx.o(RESET) refers to stm32h7xx_it.o(i.HardFault_Handler) for HardFault_Handler
    startup_stm32h743xx.o(RESET) refers to stm32h7xx_it.o(i.MemManage_Handler) for MemManage_Handler
    startup_stm32h743xx.o(RESET) refers to stm32h7xx_it.o(i.BusFault_Handler) for BusFault_Handler
    startup_stm32h743xx.o(RESET) refers to stm32h7xx_it.o(i.UsageFault_Handler) for UsageFault_Handler
    startup_stm32h743xx.o(RESET) refers to stm32h7xx_it.o(i.SVC_Handler) for SVC_Handler
    startup_stm32h743xx.o(RESET) refers to stm32h7xx_it.o(i.DebugMon_Handler) for DebugMon_Handler
    startup_stm32h743xx.o(RESET) refers to stm32h7xx_it.o(i.PendSV_Handler) for PendSV_Handler
    startup_stm32h743xx.o(RESET) refers to stm32h7xx_it.o(i.SysTick_Handler) for SysTick_Handler
    startup_stm32h743xx.o(RESET) refers to key_bsp.o(i.EXTI0_IRQHandler) for EXTI0_IRQHandler
    startup_stm32h743xx.o(RESET) refers to key_bsp.o(i.EXTI2_IRQHandler) for EXTI2_IRQHandler
    startup_stm32h743xx.o(RESET) refers to key_bsp.o(i.EXTI3_IRQHandler) for EXTI3_IRQHandler
    startup_stm32h743xx.o(RESET) refers to timer_bsp.o(i.TIM3_IRQHandler) for TIM3_IRQHandler
    startup_stm32h743xx.o(RESET) refers to usart_bsp.o(i.USART1_IRQHandler) for USART1_IRQHandler
    startup_stm32h743xx.o(RESET) refers to key_bsp.o(i.EXTI15_10_IRQHandler) for EXTI15_10_IRQHandler
    startup_stm32h743xx.o(RESET) refers to lan8720a.o(i.ETH_IRQHandler) for ETH_IRQHandler
    startup_stm32h743xx.o(.text) refers to system_stm32h7xx.o(i.SystemInit) for SystemInit
    startup_stm32h743xx.o(.text) refers to entry.o(.ARM.Collect$$$$00000000) for __main
    system_stm32h7xx.o(i.SystemCoreClockUpdate) refers to system_stm32h7xx.o(.data) for SystemCoreClock
    system_stm32h7xx.o(i.SystemCoreClockUpdate) refers to system_stm32h7xx.o(.constdata) for D1CorePrescTable
    stm32h7xx_hal.o(i.HAL_DeInit) refers to stm32h7xx_hal.o(i.HAL_MspDeInit) for HAL_MspDeInit
    stm32h7xx_hal.o(i.HAL_Delay) refers to stm32h7xx_hal.o(i.HAL_GetTick) for HAL_GetTick
    stm32h7xx_hal.o(i.HAL_Delay) refers to stm32h7xx_hal.o(.data) for uwTickFreq
    stm32h7xx_hal.o(i.HAL_GetTick) refers to stm32h7xx_hal.o(.data) for uwTick
    stm32h7xx_hal.o(i.HAL_GetTickFreq) refers to stm32h7xx_hal.o(.data) for uwTickFreq
    stm32h7xx_hal.o(i.HAL_GetTickPrio) refers to stm32h7xx_hal.o(.data) for uwTickPrio
    stm32h7xx_hal.o(i.HAL_IncTick) refers to stm32h7xx_hal.o(.data) for uwTick
    stm32h7xx_hal.o(i.HAL_Init) refers to stm32h7xx_hal_cortex.o(i.HAL_NVIC_SetPriorityGrouping) for HAL_NVIC_SetPriorityGrouping
    stm32h7xx_hal.o(i.HAL_Init) refers to stm32h7xx_hal_rcc.o(i.HAL_RCC_GetSysClockFreq) for HAL_RCC_GetSysClockFreq
    stm32h7xx_hal.o(i.HAL_Init) refers to stm32h7xx_hal.o(i.HAL_InitTick) for HAL_InitTick
    stm32h7xx_hal.o(i.HAL_Init) refers to stm32h7xx_hal.o(i.HAL_MspInit) for HAL_MspInit
    stm32h7xx_hal.o(i.HAL_Init) refers to system_stm32h7xx.o(.constdata) for D1CorePrescTable
    stm32h7xx_hal.o(i.HAL_Init) refers to system_stm32h7xx.o(.data) for SystemCoreClock
    stm32h7xx_hal.o(i.HAL_InitTick) refers to stm32h7xx_hal_cortex.o(i.HAL_SYSTICK_Config) for HAL_SYSTICK_Config
    stm32h7xx_hal.o(i.HAL_InitTick) refers to stm32h7xx_hal_cortex.o(i.HAL_NVIC_SetPriority) for HAL_NVIC_SetPriority
    stm32h7xx_hal.o(i.HAL_InitTick) refers to stm32h7xx_hal.o(.data) for uwTickFreq
    stm32h7xx_hal.o(i.HAL_InitTick) refers to system_stm32h7xx.o(.data) for SystemCoreClock
    stm32h7xx_hal.o(i.HAL_SYSCFG_EnableVREFBUF) refers to stm32h7xx_hal.o(i.HAL_GetTick) for HAL_GetTick
    stm32h7xx_hal.o(i.HAL_SetTickFreq) refers to stm32h7xx_hal.o(i.HAL_InitTick) for HAL_InitTick
    stm32h7xx_hal.o(i.HAL_SetTickFreq) refers to stm32h7xx_hal.o(.data) for uwTickFreq
    stm32h7xx_hal_dma.o(i.DMA_CalcBaseAndBitshift) refers to stm32h7xx_hal_dma.o(.constdata) for flagBitshiftOffset
    stm32h7xx_hal_dma.o(i.HAL_DMA_Abort) refers to stm32h7xx_hal.o(i.HAL_GetTick) for HAL_GetTick
    stm32h7xx_hal_dma.o(i.HAL_DMA_DeInit) refers to stm32h7xx_hal_dma.o(i.DMA_CalcBaseAndBitshift) for DMA_CalcBaseAndBitshift
    stm32h7xx_hal_dma.o(i.HAL_DMA_DeInit) refers to stm32h7xx_hal_dma.o(i.DMA_CalcDMAMUXChannelBaseAndMask) for DMA_CalcDMAMUXChannelBaseAndMask
    stm32h7xx_hal_dma.o(i.HAL_DMA_DeInit) refers to stm32h7xx_hal_dma.o(i.DMA_CalcDMAMUXRequestGenBaseAndMask) for DMA_CalcDMAMUXRequestGenBaseAndMask
    stm32h7xx_hal_dma.o(i.HAL_DMA_IRQHandler) refers to system_stm32h7xx.o(.data) for SystemCoreClock
[...]
    DMAMUX1_OVR_IRQHandler                   0x080002d7   Thumb Code     0  startup_stm32h743xx.o(.text)
    DMAMUX2_OVR_IRQHandler                   0x080002d7   Thumb Code     0  startup_stm32h743xx.o(.text)
    ECC_IRQHandler                           0x080002d7   Thumb Code     0  startup_stm32h743xx.o(.text)
    ETH_WKUP_IRQHandler                      0x080002d7   Thumb Code     0  startup_stm32h743xx.o(.text)
    EXTI1_IRQHandler                         0x080002d7   Thumb Code     0  startup_stm32h743xx.o(.text)
    EXTI4_IRQHandler                         0x080002d7   Thumb Code     0  startup_stm32h743xx.o(.text)
    EXTI9_5_IRQHandler                       0x080002d7   Thumb Code     0  startup_stm32h743xx.o(.text)
    FDCAN1_IT0_IRQHandler                    0x080002d7   Thumb Code     0  startup_stm32h743xx.o(.text)
    FDCAN1_IT1_IRQHandler                    0x080002d7   Thumb Code     0  startup_stm32h743xx.o(.text)
    FDCAN2_IT0_IRQHandler                    0x080002d7   Thumb Code     0  startup_stm32h743xx.o(.text)
    FDCAN2_IT1_IRQHandler                    0x080002d7   Thumb Code     0  startup_stm32h743xx.o(.text)
    FDCAN_CAL_IRQHandler                     0x080002d7   Thumb Code     0  startup_stm32h743xx.o(.text)
    FLASH_IRQHandler                         0x080002d7   Thumb Code     0  startup_stm32h743xx.o(.text)
    FMC_IRQHandler                           0x080002d7   Thumb Code     0  startup_stm32h743xx.o(.text)
    FPU_IRQHandler                           0x080002d7   Thumb Code     0  startup_stm32h743xx.o(.text)
    HRTIM1_FLT_IRQHandler                    0x080002d7   Thumb Code     0  startup_stm32h743xx.o(.text)
    HRTIM1_Master_IRQHandler                 0x080002d7   Thumb Code     0  startup_stm32h743xx.o(.text)
    HRTIM1_TIMA_IRQHandler                   0x080002d7   Thumb Code     0  startup_stm32h743xx.o(.text)
    HRTIM1_TIMB_IRQHandler                   0x080002d7   Thumb Code     0  startup_stm32h743xx.o(.text)
    HRTIM1_TIMC_IRQHandler                   0x080002d7   Thumb Code     0  startup_stm32h743xx.o(.text)
    HRTIM1_TIMD_IRQHandler                   0x080002d7   Thumb Code     0  startup_stm32h743xx.o(.text)
    HRTIM1_TIME_IRQHandler                   0x080002d7   Thumb Code     0  startup_stm32h743xx.o(.text)
    HSEM1_IRQHandler                         0x080002d7   Thumb Code     0  startup_stm32h743xx.o(.text)
    I2C1_ER_IRQHandler                       0x080002d7   Thumb Code     0  startup_stm32h743xx.o(.text)
    I2C1_EV_IRQHandler                       0x080002d7   Thumb Code     0  startup_stm32h743xx.o(.text)
    I2C2_ER_IRQHandler                       0x080002d7   Thumb Code     0  startup_stm32h743xx.o(.text)
    I2C2_EV_IRQHandler                       0x080002d7   Thumb Code     0  startup_stm32h743xx.o(.text)
    I2C3_ER_IRQHandler                       0x080002d7   Thumb Code     0  startup_stm32h743xx.o(.text)
    I2C3_EV_IRQHandler                       0x080002d7   Thumb Code     0  startup_stm32h743xx.o(.text)
    I2C4_ER_IRQHandler                       0x080002d7   Thumb Code     0  startup_stm32h743xx.o(.text)
    I2C4_EV_IRQHandler                       0x080002d7   Thumb Code     0  startup_stm32h743xx.o(.text)
    JPEG_IRQHandler                          0x080002d7   Thumb Code     0  startup_stm32h743xx.o(.text)
    LPTIM1_IRQHandler                        0x080002d7   Thumb Code     0  startup_stm32h743xx.o(.text)
    LPTIM2_IRQHandler                        0x080002d7   Thumb Code     0  startup_stm32h743xx.o(.text)
    LPTIM3_IRQHandler                        0x080002d7   Thumb Code     0  startup_stm32h743xx.o(.text)
    LPTIM4_IRQHandler                        0x080002d7   Thumb Code     0  startup_stm32h743xx.o(.text)
    LPTIM5_IRQHandler                        0x080002d7   Thumb Code     0  startup_stm32h743xx.o(.text)
    LPUART1_IRQHandler                       0x080002d7   Thumb Code     0  startup_stm32h743xx.o(.text)
    LTDC_ER_IRQHandler                       0x080002d7   Thumb Code     0  startup_stm32h743xx.o(.text)
    LTDC_IRQHandler                          0x080002d7   Thumb Code     0  startup_stm32h743xx.o(.text)
    MDIOS_IRQHandler                         0x080002d7   Thumb Code     0  startup_stm32h743xx.o(.text)
    MDIOS_WKUP_IRQHandler                    0x080002d7   Thumb Code     0  startup_stm32h743xx.o(.text)
    MDMA_IRQHandler                          0x080002d7   Thumb Code     0  startup_stm32h743xx.o(.text)
    OTG_FS_EP1_IN_IRQHandler                 0x080002d7   Thumb Code     0  startup_stm32h743xx.o(.text)
    OTG_FS_EP1_OUT_IRQHandler                0x080002d7   Thumb Code     0  startup_stm32h743xx.o(.text)
    OTG_FS_IRQHandler                        0x080002d7   Thumb Code     0  startup_stm32h743xx.o(.text)
    OTG_FS_WKUP_IRQHandler                   0x080002d7   Thumb Code     0  startup_stm32h743xx.o(.text)
    OTG_HS_EP1_IN_IRQHandler                 0x080002d7   Thumb Code     0  startup_stm32h743xx.o(.text)
    OTG_HS_EP1_OUT_IRQHandler                0x080002d7   Thumb Code     0  startup_stm32h743xx.o(.text)
    OTG_HS_IRQHandler                        0x080002d7   Thumb Code     0  startup_stm32h743xx.o(.text)
    OTG_HS_WKUP_IRQHandler                   0x080002d7   Thumb Code     0  startup_stm32h743xx.o(.text)
    PVD_AVD_IRQHandler                       0x080002d7   Thumb Code     0  startup_stm32h743xx.o(.text)
    QUADSPI_IRQHandler                       0x080002d7   Thumb Code     0  startup_stm32h743xx.o(.text)
    RCC_IRQHandler                           0x080002d7   Thumb Code     0  startup_stm32h743xx.o(.text)
    RNG_IRQHandler                           0x080002d7   Thumb Code     0  startup_stm32h743xx.o(.text)
    RTC_Alarm_IRQHandler                     0x080002d7   Thumb Code     0  startup_stm32h743xx.o(.text)
    RTC_WKUP_IRQHandler                      0x080002d7   Thumb Code     0  startup_stm32h743xx.o(.text)
    SAI1_IRQHandler                          0x080002d7   Thumb Code     0  startup_stm32h743xx.o(.text)
    SAI2_IRQHandler                          0x080002d7   Thumb Code     0  startup_stm32h743xx.o(.text)
    SAI3_IRQHandler                          0x080002d7   Thumb Code     0  startup_stm32h743xx.o(.text)
    SAI4_IRQHandler                          0x080002d7   Thumb Code     0  startup_stm32h743xx.o(.text)
    SDMMC1_IRQHandler                        0x080002d7   Thumb Code     0  startup_stm32h743xx.o(.text)
    SDMMC2_IRQHandler                        0x080002d7   Thumb Code     0  startup_stm32h743xx.o(.text)
    SPDIF_RX_IRQHandler                      0x080002d7   Thumb Code     0  startup_stm32h743xx.o(.text)
    SPI1_IRQHandler                          0x080002d7   Thumb Code     0  startup_stm32h743xx.o(.text)
    SPI2_IRQHandler                          0x080002d7   Thumb Code     0  startup_stm32h743xx.o(.text)
    SPI3_IRQHandler                          0x080002d7   Thumb Code     0  startup_stm32h743xx.o(.text)
    SPI4_IRQHandler                          0x080002d7   Thumb Code     0  startup_stm32h743xx.o(.text)
    SPI5_IRQHandler                          0x080002d7   Thumb Code     0  startup_stm32h743xx.o(.text)
    SPI6_IRQHandler                          0x080002d7   Thumb Code     0  startup_stm32h743xx.o(.text)
    SWPMI1_IRQHandler                        0x080002d7   Thumb Code     0  startup_stm32h743xx.o(.text)
    TAMP_STAMP_IRQHandler                    0x080002d7   Thumb Code     0  startup_stm32h743xx.o(.text)
    TIM15_IRQHandler                         0x080002d7   Thumb Code     0  startup_stm32h743xx.o(.text)
    TIM16_IRQHandler                         0x080002d7   Thumb Code     0  startup_stm32h743xx.o(.text)
    TIM17_IRQHandler                         0x080002d7   Thumb Code     0  startup_stm32h743xx.o(.text)
    TIM1_BRK_IRQHandler                      0x080002d7   Thumb Code     0  startup_stm32h743xx.o(.text)
    TIM1_CC_IRQHandler                       0x080002d7   Thumb Code     0  startup_stm32h743xx.o(.text)
    TIM1_TRG_COM_IRQHandler                  0x080002d7   Thumb Code     0  startup_stm32h743xx.o(.text)
    TIM1_UP_IRQHandler                       0x080002d7   Thumb Code     0  startup_stm32h743xx.o(.text)
    TIM2_IRQHandler                          0x080002d7   Thumb Code     0  startup_stm32h743xx.o(.text)
    TIM4_IRQHandler                          0x080002d7   Thumb Code     0  startup_stm32h743xx.o(.text)
    TIM5_IRQHandler                          0x080002d7   Thumb Code     0  startup_stm32h743xx.o(.text)
    TIM6_DAC_IRQHandler                      0x080002d7   Thumb Code     0  startup_stm32h743xx.o(.text)
    TIM7_IRQHandler                          0x080002d7   Thumb Code     0  startup_stm32h743xx.o(.text)
    TIM8_BRK_TIM12_IRQHandler                0x080002d7   Thumb Code     0  startup_stm32h743xx.o(.text)
    TIM8_CC_IRQHandler                       0x080002d7   Thumb Code     0  startup_stm32h743xx.o(.text)
    TIM8_TRG_COM_TIM14_IRQHandler            0x080002d7   Thumb Code     0  startup_stm32h743xx.o(.text)
    TIM8_UP_TIM13_IRQHandler                 0x080002d7   Thumb Code     0  startup_stm32h743xx.o(.text)
    UART4_IRQHandler                         0x080002d7   Thumb Code     0  startup_stm32h743xx.o(.text)
    UART5_IRQHandler                         0x080002d7   Thumb Code     0  startup_stm32h743xx.o(.text)
    UART7_IRQHandler                         0x080002d7   Thumb Code     0  startup_stm32h743xx.o(.text)
    UART8_IRQHandler                         0x080002d7   Thumb Code     0  startup_stm32h743xx.o(.text)
    USART2_IRQHandler                        0x080002d7   Thumb Code     0  startup_stm32h743xx.o(.text)
    USART3_IRQHandler                        0x080002d7   Thumb Code     0  startup_stm32h743xx.o(.text)
    USART6_IRQHandler                        0x080002d7   Thumb Code     0  startup_stm32h743xx.o(.text)
    WAKEUP_PIN_IRQHandler                    0x080002d7   Thumb Code     0  startup_stm32h743xx.o(.text)
    WWDG_IRQHandler                          0x080002d7   Thumb Code     0  startup_stm32h743xx.o(.text)
    __aeabi_uldivmod                         0x080002e1   Thumb Code    98  uldiv.o(.text)
    rand                                     0x08000345   Thumb Code    20  rand.o(.text)
    srand                                    0x08000359   Thumb Code     6  rand.o(.text)
    ___aeabi_memcpy4$move                    0x08000369   Thumb Code     0  memmovea.o(.text)
    ___aeabi_memcpy8$move                    0x08000369   Thumb Code     0  memmovea.o(.text)
    __aeabi_memcpy                           0x08000369   Thumb Code    64  memmovea.o(.text)
    __aeabi_memmove                          0x08000369   Thumb Code     0  memmovea.o(.text)
    __aeabi_memmove4                         0x08000369   Thumb Code     0  memmovea.o(.text)
    __aeabi_memmove8                         0x08000369   Thumb Code     0  memmovea.o(.text)
    __aeabi_memset                           0x080003a9   Thumb Code    14  memseta.o(.text)
    __aeabi_memset4                          0x080003a9   Thumb Code     0  memseta.o(.text)
    __aeabi_memset8                          0x080003a9   Thumb Code     0  memseta.o(.text)
    __aeabi_memclr                           0x080003b7   Thumb Code     4  memseta.o(.text)
    __aeabi_memclr4                          0x080003b7   Thumb Code     0  memseta.o(.text)
    __aeabi_memclr8                          0x080003b7   Thumb Code     0  memseta.o(.text)
    _memset$wrapper                          0x080003bb   Thumb Code    18  memseta.o(.text)
    strlen                                   0x080003cd   Thumb Code    14  strlen.o(.text)
    memcmp                                   0x080003db   Thumb Code    26  memcmp.o(.text)
    __aeabi_uidiv                            0x080003f5   Thumb Code     0  uidiv.o(.text)
    __aeabi_uidivmod                         0x080003f5   Thumb Code    44  uidiv.o(.text)
    __aeabi_llsl                             0x08000421   Thumb Code    30  llshl.o(.text)
    _ll_shift_l                              0x08000421   Thumb Code     0  llshl.o(.text)
    __aeabi_llsr                             0x0800043f   Thumb Code    32  llushr.o(.text)
    _ll_ushift_r                             0x0800043f   Thumb Code     0  llushr.o(.text)
    __scatterload                            0x08000461   Thumb Code    28  init.o(.text)
    __scatterload_rt2                        0x08000461   Thumb Code     0  init.o(.text)
    BusFault_Handler                         0x08000485   Thumb Code     4  stm32h7xx_it.o(i.BusFault_Handler)
    Cache_EthernetConfigure                  0x08000489   Thumb Code    24  mpu_bsp.o(i.Cache_EthernetConfigure)
    DebugMon_Handler                         0x080004a5   Thumb Code     2  stm32h7xx_it.o(i.DebugMon_Handler)
    ETH_IRQHandler                           0x08000729   Thumb Code    14  lan8720a.o(i.ETH_IRQHandler)
    EXTI0_IRQHandler                         0x08000e59   Thumb Code    10  key_bsp.o(i.EXTI0_IRQHandler)
    EXTI15_10_IRQHandler                     0x08000e63   Thumb Code    12  key_bsp.o(i.EXTI15_10_IRQHandler)
    EXTI2_IRQHandler                         0x08000e6f   Thumb Code    10  key_bsp.o(i.EXTI2_IRQHandler)
    EXTI3_IRQHandler                         0x08000e79   Thumb Code    10  key_bsp.o(i.EXTI3_IRQHandler)
    HAL_DMA_Abort_IT                         0x08000e85   Thumb Code   664  stm32h7xx_hal_dma.o(i.HAL_DMA_Abort_IT)
    HAL_Delay                                0x08001125   Thumb Code    12  core_delay.o(i.HAL_Delay)
    HAL_ETH_BuildRxDescriptors               0x08001131   Thumb Code   128  stm32h7xx_hal_eth.o(i.HAL_ETH_BuildRxDescriptors)
    HAL_ETH_DMAErrorCallback                 0x080011b1   Thumb Code     2  stm32h7xx_hal_eth.o(i.HAL_ETH_DMAErrorCallback)
    HAL_ETH_DescAssignMemory                 0x080011b3   Thumb Code    64  stm32h7xx_hal_eth.o(i.HAL_ETH_DescAssignMemory)
    HAL_ETH_EEECallback                      0x080011f3   Thumb Code     2  stm32h7xx_hal_eth.o(i.HAL_ETH_EEECallback)
    HAL_ETH_GetMACConfig                     0x080011f5   Thumb Code   470  stm32h7xx_hal_eth.o(i.HAL_ETH_GetMACConfig)
    HAL_ETH_GetRxDataBuffer                  0x080013cb   Thumb Code   192  stm32h7xx_hal_eth.o(i.HAL_ETH_GetRxDataBuffer)
    HAL_ETH_GetRxDataLength                  0x0800148b   Thumb Code    64  stm32h7xx_hal_eth.o(i.HAL_ETH_GetRxDataLength)
    HAL_ETH_IRQHandler                       0x080014cd   Thumb Code   400  stm32h7xx_hal_eth.o(i.HAL_ETH_IRQHandler)
    HAL_ETH_Init                             0x08001661   Thumb Code   328  stm32h7xx_hal_eth.o(i.HAL_ETH_Init)
    HAL_ETH_IsRxDataAvailable                0x080017b1   Thumb Code   254  stm32h7xx_hal_eth.o(i.HAL_ETH_IsRxDataAvailable)
    HAL_ETH_MACErrorCallback                 0x080018af   Thumb Code     2  stm32h7xx_hal_eth.o(i.HAL_ETH_MACErrorCallback)
    HAL_ETH_MspInit                          0x080018b1   Thumb Code   106  lan8720a.o(i.HAL_ETH_MspInit)
    HAL_ETH_PMTCallback                      0x08001921   Thumb Code     2  stm32h7xx_hal_eth.o(i.HAL_ETH_PMTCallback)
    HAL_ETH_ReadPHYRegister                  0x08001923   Thumb Code   120  stm32h7xx_hal_eth.o(i.HAL_ETH_ReadPHYRegister)
    HAL_ETH_RxCpltCallback                   0x0800199b   Thumb Code     2  lan8720a.o(i.HAL_ETH_RxCpltCallback)
    HAL_ETH_SetMACConfig                     0x0800199d   Thumb Code    34  stm32h7xx_hal_eth.o(i.HAL_ETH_SetMACConfig)
    HAL_ETH_SetMDIOClockRange                0x080019c1   Thumb Code   100  stm32h7xx_hal_eth.o(i.HAL_ETH_SetMDIOClockRange)
    HAL_ETH_Start_IT                         0x08001a39   Thumb Code   220  stm32h7xx_hal_eth.o(i.HAL_ETH_Start_IT)
    HAL_ETH_Stop_IT                          0x08001b15   Thumb Code   166  stm32h7xx_hal_eth.o(i.HAL_ETH_Stop_IT)
    HAL_ETH_Transmit                         0x08001bbb   Thumb Code   216  stm32h7xx_hal_eth.o(i.HAL_ETH_Transmit)
    HAL_ETH_TxCpltCallback                   0x08001c93   Thumb Code     2  lan8720a.o(i.HAL_ETH_TxCpltCallback)
    HAL_ETH_WakeUpCallback                   0x08001c95   Thumb Code     2  stm32h7xx_hal_eth.o(i.HAL_ETH_WakeUpCallback)
    HAL_ETH_WritePHYRegister                 0x08001c99   Thumb Code   118  stm32h7xx_hal_eth.o(i.HAL_ETH_WritePHYRegister)
    HAL_GPIO_EXTI_Callback                   0x08001d19   Thumb Code   110  key_bsp.o(i.HAL_GPIO_EXTI_Callback)
    HAL_GPIO_EXTI_IRQHandler                 0x08001d99   Thumb Code    24  stm32h7xx_hal_gpio.o(i.HAL_GPIO_EXTI_IRQHandler)
    HAL_GPIO_Init                            0x08001db5   Thumb Code   468  stm32h7xx_hal_gpio.o(i.HAL_GPIO_Init)
    HAL_GPIO_ReadPin                         0x08001fbd   Thumb Code    16  stm32h7xx_hal_gpio.o(i.HAL_GPIO_ReadPin)
    HAL_GPIO_WritePin                        0x08001fcd   Thumb Code    12  stm32h7xx_hal_gpio.o(i.HAL_GPIO_WritePin)
    HAL_GetREVID                             0x08001fd9   Thumb Code     8  stm32h7xx_hal.o(i.HAL_GetREVID)
    HAL_GetTick                              0x08001fe5   Thumb Code     6  stm32h7xx_hal.o(i.HAL_GetTick)
    HAL_Init                                 0x08001ff1   Thumb Code    80  stm32h7xx_hal.o(i.HAL_Init)
    HAL_InitTick                             0x08002051   Thumb Code    74  stm32h7xx_hal.o(i.HAL_InitTick)
    HAL_MPU_ConfigRegion                     0x080020a9   Thumb Code    88  stm32h7xx_hal_cortex.o(i.HAL_MPU_ConfigRegion)
    HAL_MPU_Enable                           0x08002105   Thumb Code    58  stm32h7xx_hal_cortex.o(i.HAL_MPU_Enable)
    HAL_MspInit                              0x08002145   Thumb Code     2  stm32h7xx_hal.o(i.HAL_MspInit)
    HAL_NVIC_EnableIRQ                       0x08002147   Thumb Code    32  stm32h7xx_hal_cortex.o(i.HAL_NVIC_EnableIRQ)
    HAL_NVIC_SetPriority                     0x08002167   Thumb Code   122  stm32h7xx_hal_cortex.o(i.HAL_NVIC_SetPriority)
    HAL_NVIC_SetPriorityGrouping             0x080021e1   Thumb Code    32  stm32h7xx_hal_cortex.o(i.HAL_NVIC_SetPriorityGrouping)
    HAL_PWREx_ConfigSupply                   0x08002209   Thumb Code    90  stm32h7xx_hal_pwr_ex.o(i.HAL_PWREx_ConfigSupply)
    HAL_RCCEx_GetD1SysClockFreq              0x08002269   Thumb Code    34  stm32h7xx_hal_rcc_ex.o(i.HAL_RCCEx_GetD1SysClockFreq)
    HAL_RCCEx_GetD3PCLK1Freq                 0x08002299   Thumb Code    26  stm32h7xx_hal_rcc_ex.o(i.HAL_RCCEx_GetD3PCLK1Freq)
    HAL_RCCEx_GetPLL2ClockFreq               0x080022bd   Thumb Code   536  stm32h7xx_hal_rcc_ex.o(i.HAL_RCCEx_GetPLL2ClockFreq)
    HAL_RCCEx_GetPLL3ClockFreq               0x080024ed   Thumb Code   536  stm32h7xx_hal_rcc_ex.o(i.HAL_RCCEx_GetPLL3ClockFreq)
    HAL_RCCEx_PeriphCLKConfig                0x0800271d   Thumb Code  2880  stm32h7xx_hal_rcc_ex.o(i.HAL_RCCEx_PeriphCLKConfig)
    HAL_RCC_ClockConfig                      0x08003261   Thumb Code   748  stm32h7xx_hal_rcc.o(i.HAL_RCC_ClockConfig)
    HAL_RCC_GetHCLKFreq                      0x08003561   Thumb Code    34  stm32h7xx_hal_rcc.o(i.HAL_RCC_GetHCLKFreq)
    HAL_RCC_GetPCLK1Freq                     0x08003591   Thumb Code    26  stm32h7xx_hal_rcc.o(i.HAL_RCC_GetPCLK1Freq)
    HAL_RCC_GetPCLK2Freq                     0x080035b5   Thumb Code    26  stm32h7xx_hal_rcc.o(i.HAL_RCC_GetPCLK2Freq)
    HAL_RCC_GetSysClockFreq                  0x080035d9   Thumb Code   524  stm32h7xx_hal_rcc.o(i.HAL_RCC_GetSysClockFreq)
    HAL_RCC_OscConfig                        0x08003805   Thumb Code  1854  stm32h7xx_hal_rcc.o(i.HAL_RCC_OscConfig)
    HAL_SYSCFG_ETHInterfaceSelect            0x08003f4d   Thumb Code    16  stm32h7xx_hal.o(i.HAL_SYSCFG_ETHInterfaceSelect)
    HAL_SYSTICK_CLKSourceConfig              0x08003f61   Thumb Code    40  stm32h7xx_hal_cortex.o(i.HAL_SYSTICK_CLKSourceConfig)
    HAL_SYSTICK_Callback                     0x08003f89   Thumb Code     2  stm32h7xx_hal_cortex.o(i.HAL_SYSTICK_Callback)
    HAL_SYSTICK_Config                       0x08003f8b   Thumb Code    52  stm32h7xx_hal_cortex.o(i.HAL_SYSTICK_Config)
    HAL_SYSTICK_IRQHandler                   0x08003fbf   Thumb Code     8  stm32h7xx_hal_cortex.o(i.HAL_SYSTICK_IRQHandler)
    HAL_TIMEx_Break2Callback                 0x08003fc7   Thumb Code     2  stm32h7xx_hal_tim_ex.o(i.HAL_TIMEx_Break2Callback)
    HAL_TIMEx_BreakCallback                  0x08003fc9   Thumb Code     2  stm32h7xx_hal_tim_ex.o(i.HAL_TIMEx_BreakCallback)
    HAL_TIMEx_CommutCallback                 0x08003fcb   Thumb Code     2  stm32h7xx_hal_tim_ex.o(i.HAL_TIMEx_CommutCallback)
    HAL_TIM_Base_Init                        0x08003fcd   Thumb Code    52  stm32h7xx_hal_tim.o(i.HAL_TIM_Base_Init)
    HAL_TIM_Base_MspInit                     0x08004001   Thumb Code     2  stm32h7xx_hal_tim.o(i.HAL_TIM_Base_MspInit)
    HAL_TIM_Base_Start_IT                    0x08004005   Thumb Code    50  stm32h7xx_hal_tim.o(i.HAL_TIM_Base_Start_IT)
    HAL_TIM_IC_CaptureCallback               0x0800403d   Thumb Code     2  stm32h7xx_hal_tim.o(i.HAL_TIM_IC_CaptureCallback)
    HAL_TIM_IRQHandler                       0x0800403f   Thumb Code   440  stm32h7xx_hal_tim.o(i.HAL_TIM_IRQHandler)
    HAL_TIM_OC_DelayElapsedCallback          0x080041f7   Thumb Code     2  stm32h7xx_hal_tim.o(i.HAL_TIM_OC_DelayElapsedCallback)
    HAL_TIM_PWM_PulseFinishedCallback        0x080041f9   Thumb Code     2  stm32h7xx_hal_tim.o(i.HAL_TIM_PWM_PulseFinishedCallback)
    HAL_TIM_PeriodElapsedCallback            0x080041fd   Thumb Code    20  timer_bsp.o(i.HAL_TIM_PeriodElapsedCallback)
    HAL_TIM_TriggerCallback                  0x08004219   Thumb Code     2  stm32h7xx_hal_tim.o(i.HAL_TIM_TriggerCallback)
    HAL_UARTEx_RxFifoFullCallback            0x0800421b   Thumb Code     2  stm32h7xx_hal_uart_ex.o(i.HAL_UARTEx_RxFifoFullCallback)
    HAL_UARTEx_TxFifoEmptyCallback           0x0800421d   Thumb Code     2  stm32h7xx_hal_uart_ex.o(i.HAL_UARTEx_TxFifoEmptyCallback)
    HAL_UARTEx_WakeupCallback                0x0800421f   Thumb Code     2  stm32h7xx_hal_uart_ex.o(i.HAL_UARTEx_WakeupCallback)
    HAL_UART_ErrorCallback                   0x08004221   Thumb Code     2  stm32h7xx_hal_uart.o(i.HAL_UART_ErrorCallback)
    HAL_UART_IRQHandler                      0x08004225   Thumb Code   512  stm32h7xx_hal_uart.o(i.HAL_UART_IRQHandler)
    HAL_UART_Init                            0x08004431   Thumb Code   120  stm32h7xx_hal_uart.o(i.HAL_UART_Init)
    HAL_UART_MspInit                         0x080044a9   Thumb Code   138  usart_bsp.o(i.HAL_UART_MspInit)
    HAL_UART_Transmit                        0x08004541   Thumb Code   212  stm32h7xx_hal_uart.o(i.HAL_UART_Transmit)
    HAL_UART_TxCpltCallback                  0x08004615   Thumb Code     2  stm32h7xx_hal_uart.o(i.HAL_UART_TxCpltCallback)
    HardFault_Handler                        0x08004617   Thumb Code     4  stm32h7xx_it.o(i.HardFault_Handler)
    IIC_Ack                                  0x0800461d   Thumb Code    78  myiic.o(i.IIC_Ack)
    IIC_Init                                 0x08004671   Thumb Code    78  myiic.o(i.IIC_Init)
    IIC_NAck                                 0x080046c9   Thumb Code    78  myiic.o(i.IIC_NAck)
    IIC_Read_Byte                            0x0800471d   Thumb Code   102  myiic.o(i.IIC_Read_Byte)
    IIC_Send_Byte                            0x08004789   Thumb Code   118  myiic.o(i.IIC_Send_Byte)
    IIC_Start                                0x08004805   Thumb Code    78  myiic.o(i.IIC_Start)
    IIC_Stop                                 0x08004859   Thumb Code    78  myiic.o(i.IIC_Stop)
    IIC_Wait_Ack                             0x080048ad   Thumb Code    98  myiic.o(i.IIC_Wait_Ack)
    KEY_BSP_Init                             0x08004915   Thumb Code   214  key_bsp.o(i.KEY_BSP_Init)
    LAN8720_GetLinkState                     0x08004a05   Thumb Code    30  lan8720a.o(i.LAN8720_GetLinkState)
    LAN8720_Init                             0x08004a23   Thumb Code   128  lan8720a.o(i.LAN8720_Init)
    LED_BSP_Init                             0x08004aa5   Thumb Code    58  led_bsp.o(i.LED_BSP_Init)
    MPU_EthernetConfigure                    0x08004ae9   Thumb Code   136  mpu_bsp.o(i.MPU_EthernetConfigure)
    MemManage_Handler                        0x08004b79   Thumb Code     4  stm32h7xx_it.o(i.MemManage_Handler)
    NMI_Handler                              0x08004b7d   Thumb Code     2  stm32h7xx_it.o(i.NMI_Handler)
    Netif_Config                             0x08004b81   Thumb Code    90  app_ethernet.o(i.Netif_Config)
    PCF8574_Init                             0x08004c25   Thumb Code    96  pcf8574.o(i.PCF8574_Init)
    PCF8574_ReadOneByte                      0x08004c8d   Thumb Code    34  pcf8574.o(i.PCF8574_ReadOneByte)
    PCF8574_WriteBit                         0x08004caf   Thumb Code    38  pcf8574.o(i.PCF8574_WriteBit)
    PCF8574_WriteOneByte                     0x08004cd5   Thumb Code    42  pcf8574.o(i.PCF8574_WriteOneByte)
    PendSV_Handler                           0x08004cff   Thumb Code     2  stm32h7xx_it.o(i.PendSV_Handler)
    SVC_Handler                              0x0800512d   Thumb Code     2  stm32h7xx_it.o(i.SVC_Handler)
    SysTick_Handler                          0x0800512f   Thumb Code     8  stm32h7xx_it.o(i.SysTick_Handler)
    SystemInit                               0x08005231   Thumb Code   146  system_stm32h7xx.o(i.SystemInit)
    TIM3_BSP_Init                            0x080052d9   Thumb Code    86  timer_bsp.o(i.TIM3_BSP_Init)
    TIM3_IRQHandler                          0x0800533d   Thumb Code    10  timer_bsp.o(i.TIM3_IRQHandler)
    TIM_Base_SetConfig                       0x0800534d   Thumb Code   170  stm32h7xx_hal_tim.o(i.TIM_Base_SetConfig)
    UART1_BSP_Init                           0x08005419   Thumb Code    96  usart_bsp.o(i.UART1_BSP_Init)
    UART_AdvFeatureConfig                    0x08005481   Thumb Code   248  stm32h7xx_hal_uart.o(i.UART_AdvFeatureConfig)
    UART_CheckIdleState                      0x08005579   Thumb Code   116  stm32h7xx_hal_uart.o(i.UART_CheckIdleState)
    UART_SetConfig                           0x08005651   Thumb Code  5860  stm32h7xx_hal_uart.o(i.UART_SetConfig)
    UART_WaitOnFlagUntilTimeout              0x08006d41   Thumb Code   190  stm32h7xx_hal_uart.o(i.UART_WaitOnFlagUntilTimeout)
    USART1_IRQHandler                        0x08006e01   Thumb Code    32  usart_bsp.o(i.USART1_IRQHandler)
    UsageFault_Handler                       0x08006e25   Thumb Code     4  stm32h7xx_it.o(i.UsageFault_Handler)
    User_notification                        0x08006e29   Thumb Code    74  app_ethernet.o(i.User_notification)
    __0printf$3                              0x08006ef1   Thumb Code    22  printf3.o(i.__0printf$3)
    __1printf$3                              0x08006ef1   Thumb Code     0  printf3.o(i.__0printf$3)
    __2printf                                0x08006ef1   Thumb Code     0  printf3.o(i.__0printf$3)
    __scatterload_copy                       0x08006f49   Thumb Code    14  handlers.o(i.__scatterload_copy)
    __scatterload_null                       0x08006f57   Thumb Code     2  handlers.o(i.__scatterload_null)
    __scatterload_zeroinit                   0x08006f59   Thumb Code    14  handlers.o(i.__scatterload_zeroinit)
    delay_init                               0x08007121   Thumb Code    24  core_delay.o(i.delay_init)
    delay_ms                                 0x08007145   Thumb Code    50  core_delay.o(i.delay_ms)
    delay_us                                 0x08007179   Thumb Code    68  core_delay.o(i.delay_us)
    etharp_cleanup_netif                     0x080071e5   Thumb Code    50  etharp.o(i.etharp_cleanup_netif)
    etharp_input                             0x080073c5   Thumb Code   182  etharp.o(i.etharp_input)
    etharp_output                            0x0800747d   Thumb Code   316  etharp.o(i.etharp_output)
    etharp_query                             0x08007679   Thumb Code   336  etharp.o(i.etharp_query)
    etharp_request                           0x08007861   Thumb Code    18  etharp.o(i.etharp_request)
    etharp_tmr                               0x080078a5   Thumb Code   214  etharp.o(i.etharp_tmr)
    ethernet_input                           0x08007a3d   Thumb Code   190  ethernet.o(i.ethernet_input)
    ethernet_link_check_state                0x08007b01   Thumb Code   220  ethernetif.o(i.ethernet_link_check_state)
    ethernet_output                          0x08007cb9   Thumb Code    82  ethernet.o(i.ethernet_output)
    ethernetif_init                          0x08007d0d   Thumb Code    52  ethernetif.o(i.ethernetif_init)
    ethernetif_input                         0x08007d49   Thumb Code    48  ethernetif.o(i.ethernetif_input)
    fputc                                    0x08007d7d   Thumb Code    22  usart_bsp.o(i.fputc)
    icmp_dest_unreach                        0x08007d99   Thumb Code    18  icmp.o(i.icmp_dest_unreach)
    icmp_input                               0x08007dad   Thumb Code   390  icmp.o(i.icmp_input)
    icmp_time_exceeded                       0x08007fab   Thumb Code    18  icmp.o(i.icmp_time_exceeded)
    inet_chksum_pbuf                         0x08007fbd   Thumb Code    86  inet_chksum.o(i.inet_chksum_pbuf)
    ip4_addr_isbroadcast_u32                 0x08008013   Thumb Code    78  ip4_addr.o(i.ip4_addr_isbroadcast_u32)
    ip4_frag                                 0x08008061   Thumb Code   460  ip4_frag.o(i.ip4_frag)
    ip4_input                                0x08008231   Thumb Code   402  ip4.o(i.ip4_input)
    ip4_output_if                            0x08008401   Thumb Code    54  ip4.o(i.ip4_output_if)
    ip4_output_if_src                        0x08008439   Thumb Code   194  ip4.o(i.ip4_output_if_src)
    ip4_reass                                0x08008505   Thumb Code   500  ip4_frag.o(i.ip4_reass)
    ip4_route                                0x08008701   Thumb Code   140  ip4.o(i.ip4_route)
    ip_reass_tmr                             0x08008ab5   Thumb Code    48  ip4_frag.o(i.ip_reass_tmr)
    lwip_htonl                               0x08008d51   Thumb Code    26  def.o(i.lwip_htonl)
    lwip_htons                               0x08008d6b   Thumb Code    12  def.o(i.lwip_htons)
    lwip_init                                0x08008d77   Thumb Code    30  init.o(i.lwip_init)
    lwip_periodic                            0x08008d95   Thumb Code     8  ethernetif.o(i.lwip_periodic)
    lwip_pkt_handle                          0x08008d9d   Thumb Code    10  ethernetif.o(i.lwip_pkt_handle)
    lwip_standard_chksum                     0x08008dad   Thumb Code    94  inet_chksum.o(i.lwip_standard_chksum)
    main                                     0x08008e0d   Thumb Code   138  main.o(i.main)
    mem_free                                 0x08008ed5   Thumb Code   100  mem.o(i.mem_free)
    mem_init                                 0x08008f45   Thumb Code    68  mem.o(i.mem_init)
    mem_malloc                               0x08008ff1   Thumb Code   236  mem.o(i.mem_malloc)
    mem_trim                                 0x080090f5   Thumb Code   260  mem.o(i.mem_trim)
    memp_free                                0x08009205   Thumb Code    36  memp.o(i.memp_free)
    memp_free_pool                           0x0800922d   Thumb Code    24  memp.o(i.memp_free_pool)
    memp_init                                0x08009245   Thumb Code    26  memp.o(i.memp_init)
    memp_init_pool                           0x08009265   Thumb Code    44  memp.o(i.memp_init_pool)
    memp_malloc                              0x08009291   Thumb Code    32  memp.o(i.memp_malloc)
    memp_malloc_pool                         0x080092b5   Thumb Code    18  memp.o(i.memp_malloc_pool)
    netif_add                                0x080092c9   Thumb Code   220  netif.o(i.netif_add)
    netif_get_by_index                       0x0800945d   Thumb Code    36  netif.o(i.netif_get_by_index)
    netif_init                               0x08009485   Thumb Code     2  netif.o(i.netif_init)
    netif_set_addr                           0x080094cd   Thumb Code    92  netif.o(i.netif_set_addr)
    netif_set_default                        0x0800952d   Thumb Code     6  netif.o(i.netif_set_default)
    netif_set_down                           0x08009539   Thumb Code    58  netif.o(i.netif_set_down)
    netif_set_link_down                      0x08009573   Thumb Code    56  netif.o(i.netif_set_link_down)
    netif_set_link_up                        0x080095ab   Thumb Code    64  netif.o(i.netif_set_link_up)
    netif_set_up                             0x080095eb   Thumb Code    50  netif.o(i.netif_set_up)
    pbuf_add_header                          0x0800961d   Thumb Code    18  pbuf.o(i.pbuf_add_header)
    pbuf_alloc                               0x0800968d   Thumb Code   284  pbuf.o(i.pbuf_alloc)
    pbuf_alloc_reference                     0x080097a9   Thumb Code    48  pbuf.o(i.pbuf_alloc_reference)
    pbuf_alloced_custom                      0x080097d9   Thumb Code    82  pbuf.o(i.pbuf_alloced_custom)
    pbuf_cat                                 0x0800982b   Thumb Code    48  pbuf.o(i.pbuf_cat)
    pbuf_clen                                0x0800985b   Thumb Code    18  pbuf.o(i.pbuf_clen)
    pbuf_clone                               0x0800986d   Thumb Code    44  pbuf.o(i.pbuf_clone)
    pbuf_copy                                0x08009899   Thumb Code   172  pbuf.o(i.pbuf_copy)
    pbuf_copy_partial                        0x08009945   Thumb Code   128  pbuf.o(i.pbuf_copy_partial)
    pbuf_free                                0x080099c5   Thumb Code   118  pbuf.o(i.pbuf_free)
    pbuf_free_custom                         0x08009a3d   Thumb Code    24  ethernetif.o(i.pbuf_free_custom)
    pbuf_header_force                        0x08009a59   Thumb Code    18  pbuf.o(i.pbuf_header_force)
    pbuf_realloc                             0x08009aab   Thumb Code   116  pbuf.o(i.pbuf_realloc)
    pbuf_ref                                 0x08009b1f   Thumb Code    14  pbuf.o(i.pbuf_ref)
    pbuf_remove_header                       0x08009b2d   Thumb Code    62  pbuf.o(i.pbuf_remove_header)
    pbuf_take                                0x08009b6b   Thumb Code   120  pbuf.o(i.pbuf_take)
    sys_check_timeouts                       0x08009c81   Thumb Code    74  timeouts.o(i.sys_check_timeouts)
    sys_now                                  0x08009cd5   Thumb Code     6  ethernetif.o(i.sys_now)
    sys_timeout                              0x08009ce1   Thumb Code    30  timeouts.o(i.sys_timeout)
    sys_timeouts_init                        0x08009d8d   Thumb Code    30  timeouts.o(i.sys_timeouts_init)
    tcp_abandon                              0x08009db5   Thumb Code   226  tcp.o(i.tcp_abandon)
    tcp_abort                                0x08009ea9   Thumb Code    14  tcp.o(i.tcp_abort)
    tcp_alloc                                0x08009eb9   Thumb Code   172  tcp.o(i.tcp_alloc)
    tcp_arg                                  0x08009f75   Thumb Code     6  tcp.o(i.tcp_arg)
    tcp_client_connect                       0x08009f7d   Thumb Code   134  app_ethernet.o(i.tcp_client_connect)
    tcp_client_connect_close                 0x0800a079   Thumb Code    76  app_ethernet.o(i.tcp_client_connect_close)
    tcp_client_error                         0x0800a0c9   Thumb Code    92  app_ethernet.o(i.tcp_client_error)
    tcp_client_loop                          0x0800a175   Thumb Code    52  app_ethernet.o(i.tcp_client_loop)
    tcp_client_main                          0x0800a1d5   Thumb Code   314  app_ethernet.o(i.tcp_client_main)
    tcp_client_poll                          0x0800a45d   Thumb Code    38  app_ethernet.o(i.tcp_client_poll)
    tcp_client_receive                       0x0800a4b5   Thumb Code   240  app_ethernet.o(i.tcp_client_receive)
    tcp_client_transmit                      0x0800a6a5   Thumb Code    32  app_ethernet.o(i.tcp_client_transmit)
    tcp_client_transmit_data                 0x0800a6c5   Thumb Code   104  app_ethernet.o(i.tcp_client_transmit_data)
    tcp_client_user_transmit                 0x0800a7a5   Thumb Code   120  app_ethernet.o(i.tcp_client_user_transmit)
    tcp_close                                0x0800a89d   Thumb Code    44  tcp.o(i.tcp_close)
    tcp_connect                              0x0800aa75   Thumb Code   342  tcp.o(i.tcp_connect)
    tcp_eff_send_mss_netif                   0x0800aca7   Thumb Code    48  tcp.o(i.tcp_eff_send_mss_netif)
    tcp_enqueue_flags                        0x0800acd7   Thumb Code   234  tcp_out.o(i.tcp_enqueue_flags)
    tcp_err                                  0x0800adc1   Thumb Code     8  tcp.o(i.tcp_err)
    tcp_fasttmr                              0x0800adc9   Thumb Code   142  tcp.o(i.tcp_fasttmr)
    tcp_free                                 0x0800ae65   Thumb Code    14  tcp.o(i.tcp_free)
    tcp_init                                 0x0800af79   Thumb Code    20  tcp.o(i.tcp_init)
    tcp_input                                0x0800af91   Thumb Code  1278  tcp_in.o(i.tcp_input)
    tcp_keepalive                            0x0800b4fd   Thumb Code    70  tcp_out.o(i.tcp_keepalive)
    tcp_netif_ip_addr_changed                0x0800b7b1   Thumb Code    64  tcp.o(i.tcp_netif_ip_addr_changed)
    tcp_new                                  0x0800b827   Thumb Code    10  tcp.o(i.tcp_new)
    tcp_next_iss                             0x0800b899   Thumb Code    22  tcp.o(i.tcp_next_iss)
    tcp_output                               0x0800b8b9   Thumb Code   594  tcp_out.o(i.tcp_output)
    tcp_pcb_purge                            0x0800be1f   Thumb Code    74  tcp.o(i.tcp_pcb_purge)
    tcp_pcb_remove                           0x0800be69   Thumb Code   106  tcp.o(i.tcp_pcb_remove)
    tcp_poll                                 0x0800bed3   Thumb Code    18  tcp.o(i.tcp_poll)
    tcp_process_refused_data                 0x0800c4a1   Thumb Code   162  tcp.o(i.tcp_process_refused_data)
    tcp_recv                                 0x0800cb09   Thumb Code     8  tcp.o(i.tcp_recv)
    tcp_recv_null                            0x0800cb11   Thumb Code    58  tcp.o(i.tcp_recv_null)
    tcp_recved                               0x0800cb4b   Thumb Code    86  tcp.o(i.tcp_recved)
    tcp_rexmit                               0x0800cbb9   Thumb Code   116  tcp_out.o(i.tcp_rexmit)
    tcp_rexmit_fast                          0x0800cc2d   Thumb Code   116  tcp_out.o(i.tcp_rexmit_fast)
    tcp_rexmit_rto                           0x0800cca1   Thumb Code    20  tcp_out.o(i.tcp_rexmit_rto)
    tcp_rexmit_rto_commit                    0x0800ccb5   Thumb Code    30  tcp_out.o(i.tcp_rexmit_rto_commit)
    tcp_rexmit_rto_prepare                   0x0800ccd3   Thumb Code   124  tcp_out.o(i.tcp_rexmit_rto_prepare)
    tcp_rst                                  0x0800cd6d   Thumb Code    94  tcp_out.o(i.tcp_rst)
    tcp_seg_free                             0x0800cdcb   Thumb Code    26  tcp.o(i.tcp_seg_free)
    tcp_segs_free                            0x0800cde5   Thumb Code    24  tcp.o(i.tcp_segs_free)
    tcp_send_empty_ack                       0x0800cdfd   Thumb Code   164  tcp_out.o(i.tcp_send_empty_ack)
    tcp_send_fin                             0x0800cea1   Thumb Code    78  tcp_out.o(i.tcp_send_fin)
    tcp_sent                                 0x0800ceef   Thumb Code     6  tcp.o(i.tcp_sent)
    tcp_slowtmr                              0x0800cef5   Thumb Code   916  tcp.o(i.tcp_slowtmr)
    tcp_split_unsent_seg                     0x0800d2a9   Thumb Code   394  tcp_out.o(i.tcp_split_unsent_seg)
    tcp_timer_needed                         0x0800d435   Thumb Code    38  timeouts.o(i.tcp_timer_needed)
    tcp_tmr                                  0x0800d519   Thumb Code    30  tcp.o(i.tcp_tmr)
    tcp_trigger_input_pcb_close              0x0800d53d   Thumb Code    14  tcp_in.o(i.tcp_trigger_input_pcb_close)
    tcp_update_rcv_ann_wnd                   0x0800d551   Thumb Code    74  tcp.o(i.tcp_update_rcv_ann_wnd)
    tcp_write                                0x0800d59b   Thumb Code  1050  tcp_out.o(i.tcp_write)
    tcp_zero_window_probe                    0x0800da13   Thumb Code   212  tcp_out.o(i.tcp_zero_window_probe)
    udp_init                                 0x0800db21   Thumb Code    20  udp.o(i.udp_init)
    udp_input                                0x0800db39   Thumb Code   342  udp.o(i.udp_input)
    udp_netif_ip_addr_changed                0x0800dcf9   Thumb Code    42  udp.o(i.udp_netif_ip_addr_changed)
    D1CorePrescTable                         0x0800dd28   Data          16  system_stm32h7xx.o(.constdata)
    memp_RX_POOL                             0x0800dd38   Data          12  ethernetif.o(.constdata)
    memp_UDP_PCB                             0x0800dd44   Data          12  memp.o(.constdata)
    memp_TCP_PCB                             0x0800dd50   Data          12  memp.o(.constdata)
    memp_TCP_PCB_LISTEN                      0x0800dd5c   Data          12  memp.o(.constdata)
    memp_TCP_SEG                             0x0800dd68   Data          12  memp.o(.constdata)
    memp_REASSDATA                           0x0800dd74   Data          12  memp.o(.constdata)
    memp_FRAG_PBUF                           0x0800dd80   Data          12  memp.o(.constdata)
    memp_SYS_TIMEOUT                         0x0800dd8c   Data          12  memp.o(.constdata)
    memp_PBUF                                0x0800dd98   Data          12  memp.o(.constdata)
    memp_PBUF_POOL                           0x0800dda4   Data          12  memp.o(.constdata)
    memp_pools                               0x0800ddb0   Data          36  memp.o(.constdata)
    tcp_pcb_lists                            0x0800de14   Data          16  tcp.o(.constdata)
    lwip_cyclic_timers                       0x0800de24   Data          24  timeouts.o(.constdata)
    lwip_num_cyclic_timers                   0x0800de3c   Data           4  timeouts.o(.constdata)
    ip_addr_any                              0x0800de40   Data           4  ip4_addr.o(.constdata)
    ip_addr_broadcast                        0x0800de44   Data           4  ip4_addr.o(.constdata)
    ethbroadcast                             0x0800de48   Data           6  ethernet.o(.constdata)
    ethzero                                  0x0800de4e   Data           6  ethernet.o(.constdata)
    Region$$Table$$Base                      0x0800dee0   Number         0  anon$$obj.o(Region$$Table)
    Region$$Table$$Limit                     0x0800df00   Number         0  anon$$obj.o(Region$$Table)
    SystemCoreClock                          0x24000000   Data           4  system_stm32h7xx.o(.data)
    SystemD2Clock                            0x24000004   Data           4  system_stm32h7xx.o(.data)
    uwTick                                   0x24000008   Data           4  stm32h7xx_hal.o(.data)
    uwTickPrio                               0x2400000c   Data           4  stm32h7xx_hal.o(.data)
    uwTickFreq                               0x24000010   Data           1  stm32h7xx_hal.o(.data)
    Key_Value                                0x24000014   Data           4  main.o(.data)
    USART_RX_STA                             0x2400001c   Data           2  usart_bsp.o(.data)
    aRxBuffer                                0x2400001e   Data           1  usart_bsp.o(.data)
    __stdout                                 0x24000020   Data           4  usart_bsp.o(.data)
    Timer3_Cnt                               0x24000024   Data           4  timer_bsp.o(.data)
    tcp_client_tx_buffer                     0x2400002c   Data           4  app_ethernet.o(.data)
    tcp_client_status                        0x24000030   Data           1  app_ethernet.o(.data)
    server_ip                                0x24000034   Data           4  app_ethernet.o(.data)
    current_pbuf_idx                         0x24000038   Data           4  ethernetif.o(.data)
    netif_list                               0x24000070   Data           4  netif.o(.data)
    netif_default                            0x24000074   Data           4  netif.o(.data)
    tcp_ticks                                0x24000080   Data           4  tcp.o(.data)
    tcp_bound_pcbs                           0x24000084   Data           4  tcp.o(.data)
    tcp_listen_pcbs                          0x24000088   Data           4  tcp.o(.data)
    tcp_active_pcbs                          0x2400008c   Data           4  tcp.o(.data)
    tcp_tw_pcbs                              0x24000090   Data           4  tcp.o(.data)
    tcp_active_pcbs_changed                  0x24000094   Data           1  tcp.o(.data)
    tcp_input_pcb                            0x240000c0   Data           4  tcp_in.o(.data)
    udp_pcbs                                 0x240000d4   Data           4  udp.o(.data)
    USART_RX_BUF                             0x240000e8   Data         200  usart_bsp.o(.bss)
    UART1_Handle                             0x240001b0   Data         140  usart_bsp.o(.bss)
    TIM3_Handle                              0x2400023c   Data          64  timer_bsp.o(.bss)
    gnetif                                   0x2400027c   Data          52  app_ethernet.o(.bss)
    tcp_client_rx_buffer                     0x240002b0   Data        1500  app_ethernet.o(.bss)
    EthHandle                                0x2400088c   Data         112  ethernetif.o(.bss)
    TxConfig                                 0x240008fc   Data          52  ethernetif.o(.bss)
    MACConfig                                0x24000930   Data         100  ethernetif.o(.bss)
    memp_memory_RX_POOL_base                 0x24000994   Data         403  ethernetif.o(.bss)
    ip_data                                  0x24000b28   Data          24  ip.o(.bss)
    memp_memory_UDP_PCB_base                 0x24000b40   Data         195  memp.o(.bss)
    memp_memory_TCP_PCB_base                 0x24000c03   Data        1523  memp.o(.bss)
    memp_memory_TCP_PCB_LISTEN_base          0x240011f6   Data         171  memp.o(.bss)
    memp_memory_TCP_SEG_base                 0x240012a1   Data         243  memp.o(.bss)
    memp_memory_REASSDATA_base               0x24001394   Data         163  memp.o(.bss)
    memp_memory_FRAG_PBUF_base               0x24001437   Data         363  memp.o(.bss)
    memp_memory_SYS_TIMEOUT_base             0x240015a2   Data         131  memp.o(.bss)
    memp_memory_PBUF_base                    0x24001625   Data         163  memp.o(.bss)
    memp_memory_PBUF_POOL_base               0x240016c8   Data       15443  memp.o(.bss)
    __initial_sp                             0x24005820   Data           0  startup_stm32h743xx.o(STACK)
    DMARxDscrTab                             0x30040000   Data          96  ethernetif.o(.ARM.__AT_0x30040000)
    DMATxDscrTab                             0x30040060   Data          96  ethernetif.o(.ARM.__AT_0x30040060)
    Rx_Buff                                  0x30040200   Data        6144  ethernetif.o(.ARM.__AT_0x30040200)



==============================================================================

Memory Map of the image

  Image Entry point : 0x08000299

  Load Region LR_IROM1 (Base: 0x08000000, Size: 0x0000dfe8, Max: 0x00100000, ABSOLUTE)

    Execution Region ER_IROM1 (Base: 0x08000000, Size: 0x0000df00, Max: 0x00100000, ABSOLUTE)

    Base Addr    Size         Type   Attr      Idx    E Section Name        Object

    0x08000000   0x00000298   Data   RO            3    RESET               startup_stm32h743xx.o
    0x08000298   0x00000000   Code   RO         6906  * .ARM.Collect$$$$00000000  mc_w.l(entry.o)
    0x08000298   0x00000004   Code   RO         7221    .ARM.Collect$$$$00000001  mc_w.l(entry2.o)
    0x0800029c   0x00000004   Code   RO         7224    .ARM.Collect$$$$00000004  mc_w.l(entry5.o)
    0x080002a0   0x00000000   Code   RO         7226    .ARM.Collect$$$$00000008  mc_w.l(entry7b.o)
    0x080002a0   0x00000000   Code   RO         7228    .ARM.Collect$$$$0000000A  mc_w.l(entry8b.o)
    0x080002a0   0x00000008   Code   RO         7229    .ARM.Collect$$$$0000000B  mc_w.l(entry9a.o)
    0x080002a8   0x00000000   Code   RO         7231    .ARM.Collect$$$$0000000D  mc_w.l(entry10a.o)
    0x080002a8   0x00000000   Code   RO         7233    .ARM.Collect$$$$0000000F  mc_w.l(entry11a.o)
    0x080002a8   0x00000004   Code   RO         7222    .ARM.Collect$$$$00002712  mc_w.l(entry2.o)
    0x080002ac   0x00000010   Code   RO         4198    .emb_text           sys.o
    0x080002bc   0x00000024   Code   RO            4    .text               startup_stm32h743xx.o
    0x080002e0   0x00000062   Code   RO         6909    .text               mc_w.l(uldiv.o)
    0x08000342   0x00000002   PAD
    0x08000344   0x00000024   Code   RO         6939    .text               mc_w.l(rand.o)
    0x08000368   0x00000040   Code   RO         6944    .text               mc_w.l(memmovea.o)
    0x080003a8   0x00000024   Code   RO         6946    .text               mc_w.l(memseta.o)
    0x080003cc   0x0000000e   Code   RO         6948    .text               mc_w.l(strlen.o)
    0x080003da   0x0000001a   Code   RO         6950    .text               mc_w.l(memcmp.o)
    0x080003f4   0x0000002c   Code   RO         7235    .text               mc_w.l(uidiv.o)
    0x08000420   0x0000001e   Code   RO         7237    .text               mc_w.l(llshl.o)
    0x0800043e   0x00000020   Code   RO         7239    .text               mc_w.l(llushr.o)
    0x0800045e   0x00000002   PAD
    0x08000460   0x00000024   Code   RO         7261    .text               mc_w.l(init.o)
    0x08000484   0x00000004   Code   RO         4079    i.BusFault_Handler  stm32h7xx_it.o
    0x08000488   0x0000001c   Code   RO         4531    i.Cache_EthernetConfigure  mpu_bsp.o
    0x080004a4   0x00000002   Code   RO         4080    i.DebugMon_Handler  stm32h7xx_it.o
    0x080004a6   0x00000062   Code   RO          833    i.ETH_DMARxDescListInit  stm32h7xx_hal_eth.o
    0x08000508   0x00000052   Code   RO          834    i.ETH_DMATxDescListInit  stm32h7xx_hal_eth.o
    0x0800055a   0x00000002   PAD
    0x0800055c   0x000001cc   Code   RO         4611    i.ETH_GPIO_Config   lan8720a.o
    0x08000728   0x00000014   Code   RO         4612    i.ETH_IRQHandler    lan8720a.o
    0x0800073c   0x00000106   Code   RO          835    i.ETH_MACDMAConfig  stm32h7xx_hal_eth.o
    0x08000842   0x00000002   PAD
    0x08000844   0x00000078   Code   RO          836    i.ETH_MAC_MDIO_ClkConfig  stm32h7xx_hal_eth.o
    0x080008bc   0x0000034c   Code   RO          837    i.ETH_Prepare_Tx_Descriptors  stm32h7xx_hal_eth.o
    0x08000c08   0x000000bc   Code   RO          838    i.ETH_SetDMAConfig  stm32h7xx_hal_eth.o
    0x08000cc4   0x00000194   Code   RO          839    i.ETH_SetMACConfig  stm32h7xx_hal_eth.o
    0x08000e58   0x0000000a   Code   RO         4261    i.EXTI0_IRQHandler  key_bsp.o
    0x08000e62   0x0000000c   Code   RO         4262    i.EXTI15_10_IRQHandler  key_bsp.o
    0x08000e6e   0x0000000a   Code   RO         4263    i.EXTI2_IRQHandler  key_bsp.o
    0x08000e78   0x0000000a   Code   RO         4264    i.EXTI3_IRQHandler  key_bsp.o
    0x08000e82   0x00000002   PAD
    0x08000e84   0x000002a0   Code   RO          506    i.HAL_DMA_Abort_IT  stm32h7xx_hal_dma.o
    0x08001124   0x0000000c   Code   RO         4154    i.HAL_Delay         core_delay.o
    0x08001130   0x00000080   Code   RO          840    i.HAL_ETH_BuildRxDescriptors  stm32h7xx_hal_eth.o
    0x080011b0   0x00000002   Code   RO          841    i.HAL_ETH_DMAErrorCallback  stm32h7xx_hal_eth.o
    0x080011b2   0x00000040   Code   RO          843    i.HAL_ETH_DescAssignMemory  stm32h7xx_hal_eth.o
    0x080011f2   0x00000002   Code   RO          844    i.HAL_ETH_EEECallback  stm32h7xx_hal_eth.o
    0x080011f4   0x000001d6   Code   RO          850    i.HAL_ETH_GetMACConfig  stm32h7xx_hal_eth.o
    0x080013ca   0x000000c0   Code   RO          854    i.HAL_ETH_GetRxDataBuffer  stm32h7xx_hal_eth.o
    0x0800148a   0x00000040   Code   RO          856    i.HAL_ETH_GetRxDataLength  stm32h7xx_hal_eth.o
    0x080014ca   0x00000002   PAD
    0x080014cc   0x00000194   Code   RO          858    i.HAL_ETH_IRQHandler  stm32h7xx_hal_eth.o
    0x08001660   0x00000150   Code   RO          859    i.HAL_ETH_Init      stm32h7xx_hal_eth.o
    0x080017b0   0x000000fe   Code   RO          860    i.HAL_ETH_IsRxDataAvailable  stm32h7xx_hal_eth.o
    0x080018ae   0x00000002   Code   RO          861    i.HAL_ETH_MACErrorCallback  stm32h7xx_hal_eth.o
    0x080018b0   0x00000070   Code   RO         4614    i.HAL_ETH_MspInit   lan8720a.o
    0x08001920   0x00000002   Code   RO          864    i.HAL_ETH_PMTCallback  stm32h7xx_hal_eth.o
    0x08001922   0x00000078   Code   RO          865    i.HAL_ETH_ReadPHYRegister  stm32h7xx_hal_eth.o
    0x0800199a   0x00000002   Code   RO         4615    i.HAL_ETH_RxCpltCallback  lan8720a.o
    0x0800199c   0x00000022   Code   RO          869    i.HAL_ETH_SetMACConfig  stm32h7xx_hal_eth.o
    0x080019be   0x00000002   PAD
    0x080019c0   0x00000078   Code   RO          871    i.HAL_ETH_SetMDIOClockRange  stm32h7xx_hal_eth.o
    0x08001a38   0x000000dc   Code   RO          876    i.HAL_ETH_Start_IT  stm32h7xx_hal_eth.o
    0x08001b14   0x000000a6   Code   RO          878    i.HAL_ETH_Stop_IT   stm32h7xx_hal_eth.o
    0x08001bba   0x000000d8   Code   RO          879    i.HAL_ETH_Transmit  stm32h7xx_hal_eth.o
    0x08001c92   0x00000002   Code   RO         4616    i.HAL_ETH_TxCpltCallback  lan8720a.o
    0x08001c94   0x00000002   Code   RO          882    i.HAL_ETH_WakeUpCallback  stm32h7xx_hal_eth.o
    0x08001c96   0x00000002   PAD
    0x08001c98   0x00000080   Code   RO          883    i.HAL_ETH_WritePHYRegister  stm32h7xx_hal_eth.o
    0x08001d18   0x00000080   Code   RO         4265    i.HAL_GPIO_EXTI_Callback  key_bsp.o
    0x08001d98   0x0000001c   Code   RO         1362    i.HAL_GPIO_EXTI_IRQHandler  stm32h7xx_hal_gpio.o
    0x08001db4   0x00000208   Code   RO         1363    i.HAL_GPIO_Init     stm32h7xx_hal_gpio.o
    0x08001fbc   0x00000010   Code   RO         1365    i.HAL_GPIO_ReadPin  stm32h7xx_hal_gpio.o
    0x08001fcc   0x0000000c   Code   RO         1367    i.HAL_GPIO_WritePin  stm32h7xx_hal_gpio.o
    0x08001fd8   0x0000000c   Code   RO          182    i.HAL_GetREVID      stm32h7xx_hal.o
    0x08001fe4   0x0000000c   Code   RO          183    i.HAL_GetTick       stm32h7xx_hal.o
    0x08001ff0   0x00000060   Code   RO          190    i.HAL_Init          stm32h7xx_hal.o
    0x08002050   0x00000058   Code   RO          191    i.HAL_InitTick      stm32h7xx_hal.o
    0x080020a8   0x0000005c   Code   RO          688    i.HAL_MPU_ConfigRegion  stm32h7xx_hal_cortex.o
    0x08002104   0x00000040   Code   RO          690    i.HAL_MPU_Enable    stm32h7xx_hal_cortex.o
    0x08002144   0x00000002   Code   RO          193    i.HAL_MspInit       stm32h7xx_hal.o
    0x08002146   0x00000020   Code   RO          693    i.HAL_NVIC_EnableIRQ  stm32h7xx_hal_cortex.o
    0x08002166   0x0000007a   Code   RO          699    i.HAL_NVIC_SetPriority  stm32h7xx_hal_cortex.o
    0x080021e0   0x00000028   Code   RO          700    i.HAL_NVIC_SetPriorityGrouping  stm32h7xx_hal_cortex.o
    0x08002208   0x00000060   Code   RO         1551    i.HAL_PWREx_ConfigSupply  stm32h7xx_hal_pwr_ex.o
    0x08002268   0x00000030   Code   RO         1918    i.HAL_RCCEx_GetD1SysClockFreq  stm32h7xx_hal_rcc_ex.o
    0x08002298   0x00000024   Code   RO         1919    i.HAL_RCCEx_GetD3PCLK1Freq  stm32h7xx_hal_rcc_ex.o
    0x080022bc   0x00000230   Code   RO         1921    i.HAL_RCCEx_GetPLL2ClockFreq  stm32h7xx_hal_rcc_ex.o
    0x080024ec   0x00000230   Code   RO         1922    i.HAL_RCCEx_GetPLL3ClockFreq  stm32h7xx_hal_rcc_ex.o
    0x0800271c   0x00000b44   Code   RO         1926    i.HAL_RCCEx_PeriphCLKConfig  stm32h7xx_hal_rcc_ex.o
    0x08003260   0x00000300   Code   RO         1805    i.HAL_RCC_ClockConfig  stm32h7xx_hal_rcc.o
    0x08003560   0x00000030   Code   RO         1810    i.HAL_RCC_GetHCLKFreq  stm32h7xx_hal_rcc.o
    0x08003590   0x00000024   Code   RO         1812    i.HAL_RCC_GetPCLK1Freq  stm32h7xx_hal_rcc.o
    0x080035b4   0x00000024   Code   RO         1813    i.HAL_RCC_GetPCLK2Freq  stm32h7xx_hal_rcc.o
    0x080035d8   0x0000022c   Code   RO         1814    i.HAL_RCC_GetSysClockFreq  stm32h7xx_hal_rcc.o
    0x08003804   0x00000748   Code   RO         1817    i.HAL_RCC_OscConfig  stm32h7xx_hal_rcc.o
    0x08003f4c   0x00000014   Code   RO          202    i.HAL_SYSCFG_ETHInterfaceSelect  stm32h7xx_hal.o
    0x08003f60   0x00000028   Code   RO          702    i.HAL_SYSTICK_CLKSourceConfig  stm32h7xx_hal_cortex.o
    0x08003f88   0x00000002   Code   RO          703    i.HAL_SYSTICK_Callback  stm32h7xx_hal_cortex.o
    0x08003f8a   0x00000034   Code   RO          704    i.HAL_SYSTICK_Config  stm32h7xx_hal_cortex.o
    0x08003fbe   0x00000008   Code   RO          705    i.HAL_SYSTICK_IRQHandler  stm32h7xx_hal_cortex.o
    0x08003fc6   0x00000002   Code   RO         3649    i.HAL_TIMEx_Break2Callback  stm32h7xx_hal_tim_ex.o
    0x08003fc8   0x00000002   Code   RO         3650    i.HAL_TIMEx_BreakCallback  stm32h7xx_hal_tim_ex.o
    0x08003fca   0x00000002   Code   RO         3651    i.HAL_TIMEx_CommutCallback  stm32h7xx_hal_tim_ex.o
    0x08003fcc   0x00000034   Code   RO         2941    i.HAL_TIM_Base_Init  stm32h7xx_hal_tim.o
    0x08004000   0x00000002   Code   RO         2943    i.HAL_TIM_Base_MspInit  stm32h7xx_hal_tim.o
    0x08004002   0x00000002   PAD
    0x08004004   0x00000038   Code   RO         2946    i.HAL_TIM_Base_Start_IT  stm32h7xx_hal_tim.o
    0x0800403c   0x00000002   Code   RO         2972    i.HAL_TIM_IC_CaptureCallback  stm32h7xx_hal_tim.o
    0x0800403e   0x000001b8   Code   RO         2986    i.HAL_TIM_IRQHandler  stm32h7xx_hal_tim.o
    0x080041f6   0x00000002   Code   RO         2989    i.HAL_TIM_OC_DelayElapsedCallback  stm32h7xx_hal_tim.o
    0x080041f8   0x00000002   Code   RO         3016    i.HAL_TIM_PWM_PulseFinishedCallback  stm32h7xx_hal_tim.o
    0x080041fa   0x00000002   PAD
    0x080041fc   0x0000001c   Code   RO         4571    i.HAL_TIM_PeriodElapsedCallback  timer_bsp.o
    0x08004218   0x00000002   Code   RO         3029    i.HAL_TIM_TriggerCallback  stm32h7xx_hal_tim.o
    0x0800421a   0x00000002   Code   RO         2477    i.HAL_UARTEx_RxFifoFullCallback  stm32h7xx_hal_uart_ex.o
    0x0800421c   0x00000002   Code   RO         2481    i.HAL_UARTEx_TxFifoEmptyCallback  stm32h7xx_hal_uart_ex.o
    0x0800421e   0x00000002   Code   RO         2482    i.HAL_UARTEx_WakeupCallback  stm32h7xx_hal_uart_ex.o
    0x08004220   0x00000002   Code   RO         2096    i.HAL_UART_ErrorCallback  stm32h7xx_hal_uart.o
    0x08004222   0x00000002   PAD
    0x08004224   0x0000020c   Code   RO         2099    i.HAL_UART_IRQHandler  stm32h7xx_hal_uart.o
    0x08004430   0x00000078   Code   RO         2100    i.HAL_UART_Init     stm32h7xx_hal_uart.o
    0x080044a8   0x00000098   Code   RO         4454    i.HAL_UART_MspInit  usart_bsp.o
    0x08004540   0x000000d4   Code   RO         2109    i.HAL_UART_Transmit  stm32h7xx_hal_uart.o
    0x08004614   0x00000002   Code   RO         2112    i.HAL_UART_TxCpltCallback  stm32h7xx_hal_uart.o
    0x08004616   0x00000004   Code   RO         4081    i.HardFault_Handler  stm32h7xx_it.o
    0x0800461a   0x00000002   PAD
    0x0800461c   0x00000054   Code   RO         4340    i.IIC_Ack           myiic.o
    0x08004670   0x00000058   Code   RO         4341    i.IIC_Init          myiic.o
    0x080046c8   0x00000054   Code   RO         4342    i.IIC_NAck          myiic.o
    0x0800471c   0x0000006c   Code   RO         4343    i.IIC_Read_Byte     myiic.o
    0x08004788   0x0000007c   Code   RO         4344    i.IIC_Send_Byte     myiic.o
    0x08004804   0x00000054   Code   RO         4345    i.IIC_Start         myiic.o
    0x08004858   0x00000054   Code   RO         4346    i.IIC_Stop          myiic.o
    0x080048ac   0x00000068   Code   RO         4347    i.IIC_Wait_Ack      myiic.o
    0x08004914   0x000000f0   Code   RO         4266    i.KEY_BSP_Init      key_bsp.o
    0x08004a04   0x0000001e   Code   RO         4617    i.LAN8720_GetLinkState  lan8720a.o
    0x08004a22   0x00000080   Code   RO         4618    i.LAN8720_Init      lan8720a.o
    0x08004aa2   0x00000002   PAD
    0x08004aa4   0x00000044   Code   RO         4316    i.LED_BSP_Init      led_bsp.o
    0x08004ae8   0x00000090   Code   RO         4532    i.MPU_EthernetConfigure  mpu_bsp.o
    0x08004b78   0x00000004   Code   RO         4082    i.MemManage_Handler  stm32h7xx_it.o
    0x08004b7c   0x00000002   Code   RO         4083    i.NMI_Handler       stm32h7xx_it.o
    0x08004b7e   0x00000002   PAD
    0x08004b80   0x000000a4   Code   RO         4677    i.Netif_Config      app_ethernet.o
    0x08004c24   0x00000068   Code   RO         4406    i.PCF8574_Init      pcf8574.o
    0x08004c8c   0x00000022   Code   RO         4408    i.PCF8574_ReadOneByte  pcf8574.o
    0x08004cae   0x00000026   Code   RO         4409    i.PCF8574_WriteBit  pcf8574.o
    0x08004cd4   0x0000002a   Code   RO         4410    i.PCF8574_WriteOneByte  pcf8574.o
    0x08004cfe   0x00000002   Code   RO         4084    i.PendSV_Handler    stm32h7xx_it.o
    0x08004d00   0x00000164   Code   RO         1929    i.RCCEx_PLL2_Config  stm32h7xx_hal_rcc_ex.o
    0x08004e64   0x00000164   Code   RO         1930    i.RCCEx_PLL3_Config  stm32h7xx_hal_rcc_ex.o
    0x08004fc8   0x0000009c   Code   RO         4533    i.SCB_EnableDCache  mpu_bsp.o
    0x08005064   0x0000007c   Code   RO         4534    i.SCB_EnableICache  mpu_bsp.o
    0x080050e0   0x0000004c   Code   RO         4862    i.SCB_InvalidateDCache_by_Addr  ethernetif.o
    0x0800512c   0x00000002   Code   RO         4085    i.SVC_Handler       stm32h7xx_it.o
    0x0800512e   0x00000008   Code   RO         4086    i.SysTick_Handler   stm32h7xx_it.o
    0x08005136   0x00000002   PAD
    0x08005138   0x000000f8   Code   RO         3924    i.SystemClock_Config  main.o
    0x08005230   0x000000a8   Code   RO           14    i.SystemInit        system_stm32h7xx.o
    0x080052d8   0x00000064   Code   RO         4572    i.TIM3_BSP_Init     timer_bsp.o
    0x0800533c   0x00000010   Code   RO         4573    i.TIM3_IRQHandler   timer_bsp.o
    0x0800534c   0x000000cc   Code   RO         3031    i.TIM_Base_SetConfig  stm32h7xx_hal_tim.o
    0x08005418   0x00000068   Code   RO         4455    i.UART1_BSP_Init    usart_bsp.o
    0x08005480   0x000000f8   Code   RO         2114    i.UART_AdvFeatureConfig  stm32h7xx_hal_uart.o
    0x08005578   0x00000074   Code   RO         2115    i.UART_CheckIdleState  stm32h7xx_hal_uart.o
    0x080055ec   0x00000018   Code   RO         2116    i.UART_DMAAbortOnError  stm32h7xx_hal_uart.o
    0x08005604   0x00000028   Code   RO         2126    i.UART_EndRxTransfer  stm32h7xx_hal_uart.o
    0x0800562c   0x00000022   Code   RO         2127    i.UART_EndTransmit_IT  stm32h7xx_hal_uart.o
    0x0800564e   0x00000002   PAD
    0x08005650   0x000016f0   Code   RO         2133    i.UART_SetConfig    stm32h7xx_hal_uart.o
    0x08006d40   0x000000be   Code   RO         2138    i.UART_WaitOnFlagUntilTimeout  stm32h7xx_hal_uart.o
    0x08006dfe   0x00000002   PAD
    0x08006e00   0x00000024   Code   RO         4456    i.USART1_IRQHandler  usart_bsp.o
    0x08006e24   0x00000004   Code   RO         4087    i.UsageFault_Handler  stm32h7xx_it.o
    0x08006e28   0x000000c8   Code   RO         4678    i.User_notification  app_ethernet.o
    0x08006ef0   0x00000020   Code   RO         7047    i.__0printf$3       mc_w.l(printf3.o)
    0x08006f10   0x00000010   Code   RO          706    i.__NVIC_GetPriorityGrouping  stm32h7xx_hal_cortex.o
    0x08006f20   0x00000028   Code   RO          707    i.__NVIC_SetPriority  stm32h7xx_hal_cortex.o
    0x08006f48   0x0000000e   Code   RO         7273    i.__scatterload_copy  mc_w.l(handlers.o)
    0x08006f56   0x00000002   Code   RO         7274    i.__scatterload_null  mc_w.l(handlers.o)
    0x08006f58   0x0000000e   Code   RO         7275    i.__scatterload_zeroinit  mc_w.l(handlers.o)
    0x08006f66   0x00000002   PAD
    0x08006f68   0x000001b8   Code   RO         7054    i._printf_core      mc_w.l(printf3.o)
    0x08007120   0x00000024   Code   RO         4155    i.delay_init        core_delay.o
    0x08007144   0x00000032   Code   RO         4156    i.delay_ms          core_delay.o
    0x08007176   0x00000002   PAD
    0x08007178   0x00000048   Code   RO         4157    i.delay_us          core_delay.o
    0x080071c0   0x0000000e   Code   RO         5330    i.do_memp_free_pool  memp.o
    0x080071ce   0x00000016   Code   RO         5331    i.do_memp_malloc_pool  memp.o
    0x080071e4   0x00000038   Code   RO         6576    i.etharp_cleanup_netif  etharp.o
    0x0800721c   0x00000168   Code   RO         6578    i.etharp_find_entry  etharp.o
    0x08007384   0x00000040   Code   RO         6579    i.etharp_free_entry  etharp.o
    0x080073c4   0x000000b6   Code   RO         6581    i.etharp_input      etharp.o
    0x0800747a   0x00000002   PAD
    0x0800747c   0x00000148   Code   RO         6582    i.etharp_output     etharp.o
    0x080075c4   0x000000b4   Code   RO         6583    i.etharp_output_to_arp_index  etharp.o
    0x08007678   0x00000158   Code   RO         6584    i.etharp_query      etharp.o
    0x080077d0   0x0000008e   Code   RO         6585    i.etharp_raw        etharp.o
    0x0800785e   0x00000002   PAD
    0x08007860   0x00000018   Code   RO         6586    i.etharp_request    etharp.o
    0x08007878   0x0000002c   Code   RO         6587    i.etharp_request_dst  etharp.o
    0x080078a4   0x000000dc   Code   RO         6588    i.etharp_tmr        etharp.o
    0x08007980   0x000000bc   Code   RO         6589    i.etharp_update_arp_entry  etharp.o
    0x08007a3c   0x000000c4   Code   RO         6882    i.ethernet_input    ethernet.o
    0x08007b00   0x000001b8   Code   RO         4864    i.ethernet_link_check_state  ethernetif.o
    0x08007cb8   0x00000052   Code   RO         6883    i.ethernet_output   ethernet.o
    0x08007d0a   0x00000002   PAD
    0x08007d0c   0x0000003c   Code   RO         4865    i.ethernetif_init   ethernetif.o
    0x08007d48   0x00000034   Code   RO         4866    i.ethernetif_input  ethernetif.o
    0x08007d7c   0x0000001c   Code   RO         4461    i.fputc             usart_bsp.o
    0x08007d98   0x00000012   Code   RO         6672    i.icmp_dest_unreach  icmp.o
    0x08007daa   0x00000002   PAD
    0x08007dac   0x0000018c   Code   RO         6673    i.icmp_input        icmp.o
    0x08007f38   0x00000072   Code   RO         6674    i.icmp_send_response  icmp.o
    0x08007faa   0x00000012   Code   RO         6675    i.icmp_time_exceeded  icmp.o
    0x08007fbc   0x00000056   Code   RO         5098    i.inet_chksum_pbuf  inet_chksum.o
    0x08008012   0x0000004e   Code   RO         6757    i.ip4_addr_isbroadcast_u32  ip4_addr.o
    0x08008060   0x000001d0   Code   RO         6813    i.ip4_frag          ip4_frag.o
    0x08008230   0x0000019c   Code   RO         6714    i.ip4_input         ip4.o
    0x080083cc   0x00000034   Code   RO         6715    i.ip4_input_accept  ip4.o
    0x08008400   0x00000036   Code   RO         6717    i.ip4_output_if     ip4.o
    0x08008436   0x00000002   PAD
    0x08008438   0x000000cc   Code   RO         6718    i.ip4_output_if_src  ip4.o
    0x08008504   0x000001fc   Code   RO         6814    i.ip4_reass         ip4_frag.o
    0x08008700   0x00000094   Code   RO         6719    i.ip4_route         ip4.o
    0x08008794   0x0000000a   Code   RO         6815    i.ip_frag_alloc_pbuf_custom_ref  ip4_frag.o
    0x0800879e   0x0000000e   Code   RO         6816    i.ip_frag_free_pbuf_custom_ref  ip4_frag.o
    0x080087ac   0x0000017a   Code   RO         6817    i.ip_reass_chain_frag_into_datagram_and_validate  ip4_frag.o
    0x08008926   0x00000002   PAD
    0x08008928   0x00000028   Code   RO         6818    i.ip_reass_dequeue_datagram  ip4_frag.o
    0x08008950   0x00000054   Code   RO         6819    i.ip_reass_enqueue_new_datagram  ip4_frag.o
    0x080089a4   0x00000088   Code   RO         6820    i.ip_reass_free_complete_datagram  ip4_frag.o
    0x08008a2c   0x00000088   Code   RO         6821    i.ip_reass_remove_oldest_datagram  ip4_frag.o
    0x08008ab4   0x00000034   Code   RO         6822    i.ip_reass_tmr      ip4_frag.o
    0x08008ae8   0x00000018   Code   RO         6823    i.ipfrag_free_pbuf_custom  ip4_frag.o
    0x08008b00   0x00000104   Code   RO         4867    i.low_level_init    ethernetif.o
    0x08008c04   0x00000064   Code   RO         4868    i.low_level_input   ethernetif.o
    0x08008c68   0x00000098   Code   RO         4869    i.low_level_output  ethernetif.o
    0x08008d00   0x00000050   Code   RO         6367    i.lwip_cyclic_timer  timeouts.o
    0x08008d50   0x0000001a   Code   RO         5049    i.lwip_htonl        def.o
    0x08008d6a   0x0000000c   Code   RO         5050    i.lwip_htons        def.o
    0x08008d76   0x0000001e   Code   RO         5165    i.lwip_init         init.o
    0x08008d94   0x00000008   Code   RO         4870    i.lwip_periodic     ethernetif.o
    0x08008d9c   0x00000010   Code   RO         4871    i.lwip_pkt_handle   ethernetif.o
    0x08008dac   0x0000005e   Code   RO         5105    i.lwip_standard_chksum  inet_chksum.o
    0x08008e0a   0x00000002   PAD
    0x08008e0c   0x000000c8   Code   RO         3925    i.main              main.o
    0x08008ed4   0x00000070   Code   RO         5263    i.mem_free          mem.o
    0x08008f44   0x00000054   Code   RO         5264    i.mem_init          mem.o
    0x08008f98   0x00000058   Code   RO         5265    i.mem_link_valid    mem.o
    0x08008ff0   0x000000f4   Code   RO         5266    i.mem_malloc        mem.o
    0x080090e4   0x00000010   Code   RO         5267    i.mem_to_ptr        mem.o
    0x080090f4   0x00000110   Code   RO         5268    i.mem_trim          mem.o
    0x08009204   0x00000028   Code   RO         5332    i.memp_free         memp.o
    0x0800922c   0x00000018   Code   RO         5333    i.memp_free_pool    memp.o
    0x08009244   0x00000020   Code   RO         5334    i.memp_init         memp.o
    0x08009264   0x0000002c   Code   RO         5335    i.memp_init_pool    memp.o
    0x08009290   0x00000024   Code   RO         5336    i.memp_malloc       memp.o
    0x080092b4   0x00000012   Code   RO         5337    i.memp_malloc_pool  memp.o
    0x080092c6   0x00000002   PAD
    0x080092c8   0x000000ec   Code   RO         5427    i.netif_add         netif.o
    0x080093b4   0x00000018   Code   RO         5429    i.netif_do_ip_addr_changed  netif.o
    0x080093cc   0x00000026   Code   RO         5430    i.netif_do_set_gw   netif.o
    0x080093f2   0x00000042   Code   RO         5431    i.netif_do_set_ipaddr  netif.o
    0x08009434   0x00000026   Code   RO         5432    i.netif_do_set_netmask  netif.o
    0x0800945a   0x00000002   PAD
    0x0800945c   0x00000028   Code   RO         5434    i.netif_get_by_index  netif.o
    0x08009484   0x00000002   Code   RO         5436    i.netif_init        netif.o
    0x08009486   0x0000003c   Code   RO         5438    i.netif_issue_reports  netif.o
    0x080094c2   0x00000008   Code   RO         5440    i.netif_null_output_ip4  netif.o
    0x080094ca   0x00000002   PAD
    0x080094cc   0x00000060   Code   RO         5442    i.netif_set_addr    netif.o
    0x0800952c   0x0000000c   Code   RO         5443    i.netif_set_default  netif.o
    0x08009538   0x0000003a   Code   RO         5444    i.netif_set_down    netif.o
    0x08009572   0x00000038   Code   RO         5448    i.netif_set_link_down  netif.o
    0x080095aa   0x00000040   Code   RO         5449    i.netif_set_link_up  netif.o
    0x080095ea   0x00000032   Code   RO         5451    i.netif_set_up      netif.o
    0x0800961c   0x00000012   Code   RO         5607    i.pbuf_add_header   pbuf.o
    0x0800962e   0x0000005e   Code   RO         5609    i.pbuf_add_header_impl  pbuf.o
    0x0800968c   0x0000011c   Code   RO         5610    i.pbuf_alloc        pbuf.o
    0x080097a8   0x00000030   Code   RO         5611    i.pbuf_alloc_reference  pbuf.o
    0x080097d8   0x00000052   Code   RO         5612    i.pbuf_alloced_custom  pbuf.o
    0x0800982a   0x00000030   Code   RO         5613    i.pbuf_cat          pbuf.o
    0x0800985a   0x00000012   Code   RO         5615    i.pbuf_clen         pbuf.o
    0x0800986c   0x0000002c   Code   RO         5616    i.pbuf_clone        pbuf.o
    0x08009898   0x000000ac   Code   RO         5618    i.pbuf_copy         pbuf.o
    0x08009944   0x00000080   Code   RO         5619    i.pbuf_copy_partial  pbuf.o
    0x080099c4   0x00000076   Code   RO         5621    i.pbuf_free         pbuf.o
    0x08009a3a   0x00000002   PAD
    0x08009a3c   0x0000001c   Code   RO         4872    i.pbuf_free_custom  ethernetif.o
    0x08009a58   0x00000012   Code   RO         5626    i.pbuf_header_force  pbuf.o
    0x08009a6a   0x00000022   Code   RO         5627    i.pbuf_header_impl  pbuf.o
    0x08009a8c   0x0000001e   Code   RO         5628    i.pbuf_init_alloced_pbuf  pbuf.o
    0x08009aaa   0x00000074   Code   RO         5632    i.pbuf_realloc      pbuf.o
    0x08009b1e   0x0000000e   Code   RO         5633    i.pbuf_ref          pbuf.o
    0x08009b2c   0x0000003e   Code   RO         5634    i.pbuf_remove_header  pbuf.o
    0x08009b6a   0x00000078   Code   RO         5638    i.pbuf_take         pbuf.o
    0x08009be2   0x00000002   PAD
    0x08009be4   0x0000008c   Code   RO         5269    i.plug_holes        mem.o
    0x08009c70   0x00000010   Code   RO         5270    i.ptr_to_mem        mem.o
    0x08009c80   0x00000054   Code   RO         6368    i.sys_check_timeouts  timeouts.o
    0x08009cd4   0x0000000c   Code   RO         4873    i.sys_now           ethernetif.o
    0x08009ce0   0x0000001e   Code   RO         6370    i.sys_timeout       timeouts.o
    0x08009cfe   0x00000002   PAD
    0x08009d00   0x0000008c   Code   RO         6371    i.sys_timeout_abs   timeouts.o
    0x08009d8c   0x00000028   Code   RO         6372    i.sys_timeouts_init  timeouts.o
    0x08009db4   0x000000f4   Code   RO         5831    i.tcp_abandon       tcp.o
    0x08009ea8   0x0000000e   Code   RO         5832    i.tcp_abort         tcp.o
    0x08009eb6   0x00000002   PAD
    0x08009eb8   0x000000bc   Code   RO         5835    i.tcp_alloc         tcp.o
    0x08009f74   0x00000006   Code   RO         5836    i.tcp_arg           tcp.o
    0x08009f7a   0x00000002   PAD
    0x08009f7c   0x000000fc   Code   RO         4679    i.tcp_client_connect  app_ethernet.o
    0x0800a078   0x00000050   Code   RO         4680    i.tcp_client_connect_close  app_ethernet.o
    0x0800a0c8   0x000000ac   Code   RO         4681    i.tcp_client_error  app_ethernet.o
    0x0800a174   0x00000060   Code   RO         4682    i.tcp_client_loop   app_ethernet.o
    0x0800a1d4   0x00000288   Code   RO         4683    i.tcp_client_main   app_ethernet.o
    0x0800a45c   0x00000058   Code   RO         4684    i.tcp_client_poll   app_ethernet.o
    0x0800a4b4   0x000001f0   Code   RO         4685    i.tcp_client_receive  app_ethernet.o
    0x0800a6a4   0x00000020   Code   RO         4686    i.tcp_client_transmit  app_ethernet.o
    0x0800a6c4   0x000000e0   Code   RO         4687    i.tcp_client_transmit_data  app_ethernet.o
    0x0800a7a4   0x000000f8   Code   RO         4688    i.tcp_client_user_transmit  app_ethernet.o
    0x0800a89c   0x0000002c   Code   RO         5839    i.tcp_close         tcp.o
    0x0800a8c8   0x00000140   Code   RO         5840    i.tcp_close_shutdown  tcp.o
    0x0800aa08   0x0000006c   Code   RO         5841    i.tcp_close_shutdown_fin  tcp.o
    0x0800aa74   0x00000164   Code   RO         5842    i.tcp_connect       tcp.o
    0x0800abd8   0x000000ce   Code   RO         6220    i.tcp_create_segment  tcp_out.o
    0x0800aca6   0x00000030   Code   RO         5844    i.tcp_eff_send_mss_netif  tcp.o
    0x0800acd6   0x000000ea   Code   RO         6221    i.tcp_enqueue_flags  tcp_out.o
    0x0800adc0   0x00000008   Code   RO         5845    i.tcp_err           tcp.o
    0x0800adc8   0x0000009c   Code   RO         5846    i.tcp_fasttmr       tcp.o
    0x0800ae64   0x0000000e   Code   RO         5847    i.tcp_free          tcp.o
    0x0800ae72   0x00000002   PAD
    0x0800ae74   0x00000078   Code   RO         6148    i.tcp_free_acked_segments  tcp_in.o
    0x0800aeec   0x0000000e   Code   RO         5848    i.tcp_free_listen   tcp.o
    0x0800aefa   0x00000002   PAD
    0x0800aefc   0x00000048   Code   RO         6149    i.tcp_get_next_optbyte  tcp_in.o
    0x0800af44   0x00000034   Code   RO         5849    i.tcp_handle_closepend  tcp.o
    0x0800af78   0x00000018   Code   RO         5850    i.tcp_init          tcp.o
    0x0800af90   0x00000520   Code   RO         6150    i.tcp_input         tcp_in.o
    0x0800b4b0   0x0000004c   Code   RO         6151    i.tcp_input_delayed_close  tcp_in.o
    0x0800b4fc   0x00000046   Code   RO         6222    i.tcp_keepalive     tcp_out.o
    0x0800b542   0x00000002   PAD
    0x0800b544   0x00000068   Code   RO         5851    i.tcp_kill_prio     tcp.o
    0x0800b5ac   0x00000048   Code   RO         5852    i.tcp_kill_state    tcp.o
    0x0800b5f4   0x0000003c   Code   RO         5853    i.tcp_kill_timewait  tcp.o
    0x0800b630   0x00000024   Code   RO         5854    i.tcp_listen_closed  tcp.o
    0x0800b654   0x0000015c   Code   RO         6152    i.tcp_listen_input  tcp_in.o
    0x0800b7b0   0x0000004c   Code   RO         5857    i.tcp_netif_ip_addr_changed  tcp.o
    0x0800b7fc   0x0000002a   Code   RO         5858    i.tcp_netif_ip_addr_changed_pcblist  tcp.o
    0x0800b826   0x0000000a   Code   RO         5859    i.tcp_new           tcp.o
    0x0800b830   0x00000068   Code   RO         5861    i.tcp_new_port      tcp.o
    0x0800b898   0x00000020   Code   RO         5862    i.tcp_next_iss      tcp.o
    0x0800b8b8   0x00000258   Code   RO         6223    i.tcp_output        tcp_out.o
    0x0800bb10   0x0000003c   Code   RO         6224    i.tcp_output_alloc_header  tcp_out.o
    0x0800bb4c   0x00000076   Code   RO         6225    i.tcp_output_alloc_header_common  tcp_out.o
    0x0800bbc2   0x00000054   Code   RO         6226    i.tcp_output_control_segment  tcp_out.o
    0x0800bc16   0x00000012   Code   RO         6227    i.tcp_output_fill_options  tcp_out.o
    0x0800bc28   0x000000cc   Code   RO         6228    i.tcp_output_segment  tcp_out.o
    0x0800bcf4   0x00000012   Code   RO         6229    i.tcp_output_segment_busy  tcp_out.o
    0x0800bd06   0x00000002   PAD
    0x0800bd08   0x000000a0   Code   RO         6153    i.tcp_parseopt      tcp_in.o
    0x0800bda8   0x00000076   Code   RO         6230    i.tcp_pbuf_prealloc  tcp_out.o
    0x0800be1e   0x0000004a   Code   RO         5863    i.tcp_pcb_purge     tcp.o
    0x0800be68   0x0000006a   Code   RO         5864    i.tcp_pcb_remove    tcp.o
    0x0800bed2   0x00000012   Code   RO         5865    i.tcp_poll          tcp.o
    0x0800bee4   0x000005bc   Code   RO         6154    i.tcp_process       tcp_in.o
    0x0800c4a0   0x000000a2   Code   RO         5866    i.tcp_process_refused_data  tcp.o
    0x0800c542   0x00000002   PAD
    0x0800c544   0x000005c4   Code   RO         6155    i.tcp_receive       tcp_in.o
    0x0800cb08   0x00000008   Code   RO         5867    i.tcp_recv          tcp.o
    0x0800cb10   0x0000003a   Code   RO         5868    i.tcp_recv_null     tcp.o
    0x0800cb4a   0x00000056   Code   RO         5869    i.tcp_recved        tcp.o
    0x0800cba0   0x00000018   Code   RO         5870    i.tcp_remove_listener  tcp.o
    0x0800cbb8   0x00000074   Code   RO         6231    i.tcp_rexmit        tcp_out.o
    0x0800cc2c   0x00000074   Code   RO         6232    i.tcp_rexmit_fast   tcp_out.o
    0x0800cca0   0x00000014   Code   RO         6233    i.tcp_rexmit_rto    tcp_out.o
    0x0800ccb4   0x0000001e   Code   RO         6234    i.tcp_rexmit_rto_commit  tcp_out.o
    0x0800ccd2   0x0000007c   Code   RO         6235    i.tcp_rexmit_rto_prepare  tcp_out.o
    0x0800cd4e   0x0000001e   Code   RO         6236    i.tcp_route         tcp_out.o
    0x0800cd6c   0x0000005e   Code   RO         6237    i.tcp_rst           tcp_out.o
    0x0800cdca   0x0000001a   Code   RO         5871    i.tcp_seg_free      tcp.o
    0x0800cde4   0x00000018   Code   RO         5872    i.tcp_segs_free     tcp.o
    0x0800cdfc   0x000000a4   Code   RO         6238    i.tcp_send_empty_ack  tcp_out.o
    0x0800cea0   0x0000004e   Code   RO         6239    i.tcp_send_fin      tcp_out.o
    0x0800ceee   0x00000006   Code   RO         5873    i.tcp_sent          tcp.o
    0x0800cef4   0x000003b4   Code   RO         5876    i.tcp_slowtmr       tcp.o
    0x0800d2a8   0x0000018a   Code   RO         6240    i.tcp_split_unsent_seg  tcp_out.o
    0x0800d432   0x00000002   PAD
    0x0800d434   0x00000038   Code   RO         6375    i.tcp_timer_needed  timeouts.o
    0x0800d46c   0x000000ac   Code   RO         6156    i.tcp_timewait_input  tcp_in.o
    0x0800d518   0x00000024   Code   RO         5878    i.tcp_tmr           tcp.o
    0x0800d53c   0x00000014   Code   RO         6157    i.tcp_trigger_input_pcb_close  tcp_in.o
    0x0800d550   0x0000004a   Code   RO         5880    i.tcp_update_rcv_ann_wnd  tcp.o
    0x0800d59a   0x0000041a   Code   RO         6241    i.tcp_write         tcp_out.o
    0x0800d9b4   0x0000005e   Code   RO         6242    i.tcp_write_checks  tcp_out.o
    0x0800da12   0x000000d4   Code   RO         6243    i.tcp_zero_window_probe  tcp_out.o
    0x0800dae6   0x00000002   PAD
    0x0800dae8   0x00000038   Code   RO         6376    i.tcpip_tcp_timer   timeouts.o
    0x0800db20   0x00000018   Code   RO         6450    i.udp_init          udp.o
    0x0800db38   0x00000160   Code   RO         6451    i.udp_input         udp.o
    0x0800dc98   0x00000060   Code   RO         6452    i.udp_input_local_match  udp.o
    0x0800dcf8   0x00000030   Code   RO         6453    i.udp_netif_ip_addr_changed  udp.o
    0x0800dd28   0x00000010   Data   RO           15    .constdata          system_stm32h7xx.o
    0x0800dd38   0x0000000c   Data   RO         4878    .constdata          ethernetif.o
    0x0800dd44   0x00000090   Data   RO         5339    .constdata          memp.o
    0x0800ddd4   0x00000050   Data   RO         5881    .constdata          tcp.o
    0x0800de24   0x0000001c   Data   RO         6377    .constdata          timeouts.o
    0x0800de40   0x00000008   Data   RO         6764    .constdata          ip4_addr.o
    0x0800de48   0x0000000c   Data   RO         6884    .constdata          ethernet.o
    0x0800de54   0x00000013   Data   RO         4690    .conststring        app_ethernet.o
    0x0800de67   0x00000001   PAD
    0x0800de68   0x00000075   Data   RO         5882    .conststring        tcp.o
    0x0800dedd   0x00000003   PAD
    0x0800dee0   0x00000020   Data   RO         7271    Region$$Table       anon$$obj.o


    Execution Region RW_IRAM2 (Base: 0x24000000, Size: 0x00005820, Max: 0x00080000, ABSOLUTE)

    Base Addr    Size         Type   Attr      Idx    E Section Name        Object

    0x24000000   0x00000008   Data   RW           16    .data               system_stm32h7xx.o
    0x24000008   0x00000009   Data   RW          212    .data               stm32h7xx_hal.o
    0x24000011   0x00000003   PAD
    0x24000014   0x00000004   Data   RW         3926    .data               main.o
    0x24000018   0x00000004   Data   RW         4158    .data               core_delay.o
    0x2400001c   0x00000008   Data   RW         4463    .data               usart_bsp.o
    0x24000024   0x00000004   Data   RW         4575    .data               timer_bsp.o
    0x24000028   0x00000010   Data   RW         4691    .data               app_ethernet.o
    0x24000038   0x00000008   Data   RW         4879    .data               ethernetif.o
    0x24000040   0x0000000c   Data   RW         5271    .data               mem.o
    0x2400004c   0x00000024   Data   RW         5340    .data               memp.o
    0x24000070   0x00000009   Data   RW         5452    .data               netif.o
    0x24000079   0x00000003   PAD
    0x2400007c   0x00000020   Data   RW         5883    .data               tcp.o
    0x2400009c   0x00000028   Data   RW         6159    .data               tcp_in.o
    0x240000c4   0x0000000c   Data   RW         6378    .data               timeouts.o
    0x240000d0   0x00000008   Data   RW         6463    .data               udp.o
    0x240000d8   0x00000001   Data   RW         6591    .data               etharp.o
    0x240000d9   0x00000001   PAD
    0x240000da   0x00000002   Data   RW         6720    .data               ip4.o
    0x240000dc   0x00000006   Data   RW         6824    .data               ip4_frag.o
    0x240000e2   0x00000002   PAD
    0x240000e4   0x00000004   Data   RW         6940    .data               mc_w.l(rand.o)
    0x240000e8   0x00000154   Zero   RW         4462    .bss                usart_bsp.o
    0x2400023c   0x00000040   Zero   RW         4574    .bss                timer_bsp.o
    0x2400027c   0x00000610   Zero   RW         4689    .bss                app_ethernet.o
    0x2400088c   0x0000029b   Zero   RW         4877    .bss                ethernetif.o
    0x24000b27   0x00000001   PAD
    0x24000b28   0x00000018   Zero   RW         5243    .bss                ip.o
    0x24000b40   0x000047db   Zero   RW         5338    .bss                memp.o
    0x2400531b   0x00000001   PAD
    0x2400531c   0x00000010   Zero   RW         6158    .bss                tcp_in.o
    0x2400532c   0x000000f0   Zero   RW         6590    .bss                etharp.o
    0x2400541c   0x00000004   PAD
    0x24005420   0x00000400   Zero   RW            1    STACK               startup_stm32h743xx.o



  Load Region LR$$.ARM.__AT_0x30040000 (Base: 0x30040000, Size: 0x00000000, Max: 0x00000060, ABSOLUTE)

    Execution Region ER$$.ARM.__AT_0x30040000 (Base: 0x30040000, Size: 0x00000060, Max: 0x00000060, ABSOLUTE, UNINIT)

    Base Addr    Size         Type   Attr      Idx    E Section Name        Object

    0x30040000   0x00000060   Zero   RW         4874    .ARM.__AT_0x30040000  ethernetif.o



  Load Region LR$$.ARM.__AT_0x30040060 (Base: 0x30040060, Size: 0x00000000, Max: 0x00000060, ABSOLUTE)

    Execution Region ER$$.ARM.__AT_0x30040060 (Base: 0x30040060, Size: 0x00000060, Max: 0x00000060, ABSOLUTE, UNINIT)

    Base Addr    Size         Type   Attr      Idx    E Section Name        Object

    0x30040060   0x00000060   Zero   RW         4875    .ARM.__AT_0x30040060  ethernetif.o



  Load Region LR$$.ARM.__AT_0x30040200 (Base: 0x30040200, Size: 0x00000000, Max: 0x00001800, ABSOLUTE)

    Execution Region ER$$.ARM.__AT_0x30040200 (Base: 0x30040200, Size: 0x00001800, Max: 0x00001800, ABSOLUTE, UNINIT)

    Base Addr    Size         Type   Attr      Idx    E Section Name        Object

    0x30040200   0x00001800   Zero   RW         4876    .ARM.__AT_0x30040200  ethernetif.o


==============================================================================

Image component sizes


      Code (inc. data)   RO Data    RW Data    ZI Data      Debug   Object Name

         0          0          0          0          0       2192   api_lib.o
      2700       1334         19         16       1552      28886   app_ethernet.o
       170         16          0          4          0       2639   core_delay.o
        38          0          0          0          0       1074   def.o
      2132         68          0          1        240      11687   etharp.o
       278          6         12          0          0       2630   ethernet.o
      1204        342         12          8       7003      44256   ethernetif.o
       546          6          0          0          0       4510   icmp.o
       180          0          0          0          0       9934   inet_chksum.o
        30          0          0          0          0       3048   init.o
         0          0          0          0         24       7613   ip.o
       870         32          0          2          0       5424   ip4.o
        78          0          8          0          0       8462   ip4_addr.o
      1846         36          0          6          0      11946   ip4_frag.o
       410         44          0          0          0       3884   key_bsp.o
       754         32          0          0          0       5307   lan8720a.o
        68         10          0          0          0        943   led_bsp.o
       448         72          0          4          0      19058   main.o
       972         74          0         12          0       7698   mem.o
       230         14        144         36      18395      11094   memp.o
       452         28          0          0          0       2302   mpu_bsp.o
       760         52          0          0          0       5090   myiic.o
       848         30          0          9          0      14876   netif.o
      1448          0          0          0          0      14895   pbuf.o
       218          8          0          0          0       2875   pcf8574.o
        36          8        664          0       1024        964   startup_stm32h743xx.o
       230         44          0          9          0      22892   stm32h7xx_hal.o
       508         32          0          0          0      42877   stm32h7xx_hal_cortex.o
       672          8          0          0          0       2355   stm32h7xx_hal_dma.o
      4924         90          0          0          0      24110   stm32h7xx_hal_eth.o
       576         56          0          0          0       3698   stm32h7xx_hal_gpio.o
        96          6          0          0          0        777   stm32h7xx_hal_pwr_ex.o
      3308        102          0          0          0       6612   stm32h7xx_hal_rcc.o
      4800        122          0          0          0       7799   stm32h7xx_hal_rcc_ex.o
       762         40          0          0          0       6450   stm32h7xx_hal_tim.o
         6          0          0          0          0       2196   stm32h7xx_hal_tim_ex.o
      7384        158          0          0          0      13794   stm32h7xx_hal_uart.o
         6          0          0          0          0       2225   stm32h7xx_hal_uart_ex.o
        32          0          0          0          0       4550   stm32h7xx_it.o
        16          0          0          0          0      35647   sys.o
       168         22         16          8          0    1281541   system_stm32h7xx.o
      3782        190        197         32          0      41680   tcp.o
      5224        356          0         40         16      20595   tcp_in.o
      4252         12          0          0          0      32298   tcp_out.o
       486         68         28         12          0       6474   timeouts.o
       144         28          0          4         64       2399   timer_bsp.o
       520         24          0          8          0       5450   udp.o
       320         32          0          8        340       4571   usart_bsp.o

    ----------------------------------------------------------------------
     55008       3602       1136        228      28664    1804277   Object Totals
         0          0         32          0          0          0   (incl. Generated)
        76          0          4          9          6          0   (incl. Padding)

    ----------------------------------------------------------------------

      Code (inc. data)   RO Data    RW Data    ZI Data      Debug   Library Member Name

         0          0          0          0          0          0   entry.o
         0          0          0          0          0          0   entry10a.o
         0          0          0          0          0          0   entry11a.o
         8          4          0          0          0          0   entry2.o
         4          0          0          0          0          0   entry5.o
         0          0          0          0          0          0   entry7b.o
         0          0          0          0          0          0   entry8b.o
         8          4          0          0          0          0   entry9a.o
        30          0          0          0          0          0   handlers.o
        36          8          0          0          0         68   init.o
        30          0          0          0          0         68   llshl.o
        32          0          0          0          0         68   llushr.o
        26          0          0          0          0         80   memcmp.o
        64          0          0          0          0         76   memmovea.o
        36          0          0          0          0        108   memseta.o
       472         14          0          0          0        184   printf3.o
        36         10          0          4          0        136   rand.o
        14          0          0          0          0         68   strlen.o
        44          0          0          0          0         80   uidiv.o
        98          0          0          0          0         92   uldiv.o

    ----------------------------------------------------------------------
       944         40          0          4          0       1028   Library Totals
         6          0          0          0          0          0   (incl. Padding)

    ----------------------------------------------------------------------

      Code (inc. data)   RO Data    RW Data    ZI Data      Debug   Library Name

       938         40          0          4          0       1028   mc_w.l

    ----------------------------------------------------------------------
       944         40          0          4          0       1028   Library Totals

    ----------------------------------------------------------------------

==============================================================================


      Code (inc. data)   RO Data    RW Data    ZI Data      Debug   

     55952       3642       1136        232      28664    1771893   Grand Totals
     55952       3642       1136        232      28664    1771893   ELF Image Totals
     55952       3642       1136        232          0          0   ROM Totals

==============================================================================

    Total RO  Size (Code + RO Data)                57088 (  55.75kB)
    Total RW  Size (RW Data + ZI Data)             28896 (  28.22kB)
    Total ROM Size (Code + RO Data + RW Data)      57320 (  55.98kB)

==============================================================================

